[INP] t=0.0 key-GAIN (no modifier resync happens here)
[INP] t=1179.6 chord kc=other flags=0x40001 armed false->false action=Forward
[INP] t=1179.8 TAP-flags kc=other flags=0x40001 host=[lctrl] guest=[]  DRIFT[lctrl:host=DOWN]
[INP] t=1181.3   RESYNC lctrl DOWN
[INP] t=1181.4   -> guest mod lctrl evdev=29 DOWN
[INP] t=1181.7 chord kc=other flags=0x140009 armed false->false action=Forward
[INP] t=1181.8 TAP-flags kc=other flags=0x140009 host=[lcmd,lctrl] guest=[lctrl]  DRIFT[lcmd:host=DOWN]
[INP] t=1182.1   RESYNC lcmd DOWN
[INP] t=1182.2   -> guest mod lcmd evdev=56 DOWN
[INP] t=1184.7 TAP-key kc=0x03 UP
[INP] t=1184.8 TAP-key kc=- flags=0x140009 host=[lcmd,lctrl] guest=[lcmd,lctrl]
[INP] t=1184.8 chord kc=other flags=0x40001 armed false->false action=Forward
[INP] t=1184.9 TAP-flags kc=other flags=0x40001 host=[lctrl] guest=[lcmd,lctrl]  DRIFT[lcmd:host=up]
[INP] t=1184.9   RESYNC lcmd UP
[INP] t=1185.0   -> guest mod lcmd evdev=56 UP
[INP] t=1185.0 chord kc=other flags=0x0 armed false->false action=Forward
[INP] t=1185.1 TAP-flags kc=other flags=0x0 host=[] guest=[lctrl]  DRIFT[lctrl:host=up]
[INP] t=1185.1   RESYNC lctrl UP
[INP] t=1185.2   -> guest mod lctrl evdev=29 UP
[INP] t=1217.5 release_all_held(space-leave) — nothing held
[INP] t=1771.9 space-RETURN (no modifier resync happens here)
[INP] t=44861.0 release_all_held(key-loss) — nothing held
[INP] t=46250.9 key-GAIN (no modifier resync happens here)
[INP] t=46853.1 chord kc=lctrl flags=0x40101 armed false->false action=Forward
[INP] t=46853.6 TAP-flags kc=lctrl flags=0x40101 host=[lctrl] guest=[]  DRIFT[lctrl:host=DOWN]
[INP] t=46853.9   -> guest mod lctrl evdev=29 DOWN
[INP] t=46854.1 chord kc=lctrl flags=0x40101 armed false->false action=Forward
[INP] t=46854.2 TAP-flags kc=lctrl flags=0x40101 host=[lctrl] guest=[lctrl]
[INP] t=46986.2 chord kc=lopt flags=0xc0121 armed false->true action=Withhold
[INP] t=46987.5 chord kc=lopt flags=0xc0121 armed true->true action=Withhold
[INP] t=47109.1 chord kc=lopt flags=0x40101 armed true->false action=Fire
[INP] t=47109.6 release_all_modifiers(soft-grab-exit) believed=[lctrl]
[INP] t=47110.3 chord(ungrabbed) kc=lopt flags=0x40101 armed false->false action=Forward
[INP] t=47113.6 MON-flags kc=lopt flags=0x40101 host=[lctrl] guest=[]  DRIFT[lctrl:host=DOWN]
[INP] t=47114.2   RESYNC lctrl DOWN
[INP] t=47114.4   -> guest mod lctrl evdev=29 DOWN
[INP] t=48050.8 release_all_held(space-leave) mods=[lctrl] keys=0 aux=0
[INP] t=48084.3 release_all_held(key-loss) — nothing held
[INP] t=49066.8 space-RETURN (no modifier resync happens here)
[INP] t=49089.9 key-GAIN (no modifier resync happens here)
[INP] t=49406.6 chord kc=lopt flags=0xc0121 armed false->true action=Withhold
[INP] t=49407.2 chord kc=lopt flags=0xc0121 armed true->true action=Withhold
[INP] t=49407.4 chord kc=lopt flags=0x40101 armed true->false action=Fire
[INP] t=49407.5 release_all_modifiers(soft-grab-exit) believed=[]
[INP] t=49407.9 chord(ungrabbed) kc=lopt flags=0x40101 armed false->false action=Forward
[INP] t=49410.5 MON-flags kc=lopt flags=0x40101 host=[lctrl] guest=[]  DRIFT[lctrl:host=DOWN]
[INP] t=49410.8   RESYNC lctrl DOWN
[INP] t=49410.9   -> guest mod lctrl evdev=29 DOWN
[INP] t=50183.9 release_all_held(space-leave) mods=[lctrl] keys=0 aux=0
[INP] t=50217.2 release_all_held(key-loss) — nothing held
[INP] t=50984.2 space-RETURN (no modifier resync happens here)
[INP] t=51001.2 key-GAIN (no modifier resync happens here)
[INP] t=51505.4 chord kc=lopt flags=0xc0121 armed false->true action=Withhold
[INP] t=51506.7 chord kc=lopt flags=0xc0121 armed true->true action=Withhold
[INP] t=51507.0 chord kc=lopt flags=0x40101 armed true->false action=Fire
[INP] t=51507.1 release_all_modifiers(soft-grab-exit) believed=[]
[INP] t=51507.5 chord(ungrabbed) kc=lopt flags=0x40101 armed false->false action=Forward
[INP] t=51509.6 MON-flags kc=lopt flags=0x40101 host=[lctrl] guest=[]  DRIFT[lctrl:host=DOWN]
[INP] t=51510.6   RESYNC lctrl DOWN
[INP] t=51510.8   -> guest mod lctrl evdev=29 DOWN
[INP] t=52029.7 chord(ungrabbed) kc=lopt flags=0xc0121 armed false->true action=Withhold
[INP] t=52031.3 chord(ungrabbed) kc=lopt flags=0xc0121 armed true->true action=Withhold
[INP] t=52031.5 chord(ungrabbed) kc=lopt flags=0x40101 armed true->false action=Fire
[INP] t=52032.1 chord(ungrabbed) kc=lopt flags=0x40101 armed false->false action=Forward
[INP] t=52034.0 MON-flags kc=lopt flags=0x40101 host=[lctrl] guest=[lctrl]
[INP] t=52195.2 chord(ungrabbed) kc=lopt flags=0xc0121 armed false->true action=Withhold
[INP] t=52195.7 chord(ungrabbed) kc=lopt flags=0xc0121 armed true->true action=Withhold
[INP] t=52283.3 chord(ungrabbed) kc=lopt flags=0x40101 armed true->false action=Fire
[INP] t=52283.7 chord(ungrabbed) kc=lopt flags=0x40101 armed false->false action=Forward
[INP] t=52285.8 MON-flags kc=lopt flags=0x40101 host=[lctrl] guest=[lctrl]
[INP] t=52441.6 chord(ungrabbed) kc=lopt flags=0xc0121 armed false->true action=Withhold
[INP] t=52442.0 chord(ungrabbed) kc=lopt flags=0xc0121 armed true->true action=Withhold
[INP] t=52549.2 chord(ungrabbed) kc=lopt flags=0x40101 armed true->false action=Fire
[INP] t=52549.6 chord(ungrabbed) kc=lopt flags=0x40101 armed false->false action=Forward
[INP] t=52551.6 MON-flags kc=lopt flags=0x40101 host=[lctrl] guest=[lctrl]
[INP] t=52737.5 chord(ungrabbed) kc=lopt flags=0xc0121 armed false->true action=Withhold
[INP] t=52738.1 chord(ungrabbed) kc=lopt flags=0xc0121 armed true->true action=Withhold
[INP] t=52791.0 chord(ungrabbed) kc=lopt flags=0x40101 armed true->false action=Fire
[INP] t=52791.8 chord(ungrabbed) kc=lopt flags=0x40101 armed false->false action=Forward
[INP] t=52794.8 MON-flags kc=lopt flags=0x40101 host=[lctrl] guest=[lctrl]
[INP] t=52865.4 chord(ungrabbed) kc=lopt flags=0xc0121 armed false->true action=Withhold
[INP] t=52866.9 chord(ungrabbed) kc=lopt flags=0xc0121 armed true->true action=Withhold
[INP] t=52971.8 chord(ungrabbed) kc=lopt flags=0x40101 armed true->false action=Fire
[INP] t=52974.1 chord(ungrabbed) kc=lopt flags=0x40101 armed false->false action=Forward
[INP] t=52976.3 MON-flags kc=lopt flags=0x40101 host=[lctrl] guest=[lctrl]
[INP] t=53062.1 chord(ungrabbed) kc=lopt flags=0xc0121 armed false->true action=Withhold
[INP] t=53062.8 chord(ungrabbed) kc=lopt flags=0xc0121 armed true->true action=Withhold
[INP] t=53084.9 chord(ungrabbed) kc=lopt flags=0x40101 armed true->false action=Fire
[INP] t=53085.5 chord(ungrabbed) kc=lopt flags=0x40101 armed false->false action=Forward
[INP] t=53088.3 MON-flags kc=lopt flags=0x40101 host=[lctrl] guest=[lctrl]
[INP] t=53484.8 chord(ungrabbed) kc=lctrl flags=0x100 armed false->false action=Forward
[INP] t=53486.5 chord(ungrabbed) kc=lctrl flags=0x100 armed false->false action=Forward
[INP] t=53487.5 MON-flags kc=lctrl flags=0x100 host=[] guest=[lctrl]  DRIFT[lctrl:host=up]
[INP] t=53487.9   -> guest mod lctrl evdev=29 UP
[INP] t=53500.8 MON-flags kc=lctrl flags=0x100 host=[] guest=[]
[INP] t=55743.0 chord(ungrabbed) kc=lctrl flags=0x40101 armed false->false action=Forward
[INP] t=55744.5 chord(ungrabbed) kc=lctrl flags=0x40101 armed false->false action=Forward
[INP] t=55746.1 MON-flags kc=lctrl flags=0x40101 host=[lctrl] guest=[]  DRIFT[lctrl:host=DOWN]
[INP] t=55746.7   -> guest mod lctrl evdev=29 DOWN
[INP] t=55753.1 MON-flags kc=lctrl flags=0x40101 host=[lctrl] guest=[lctrl]
[INP] t=56803.7 release_all_held(space-leave) mods=[lctrl] keys=0 aux=0
[INP] t=56841.9 release_all_held(key-loss) — nothing held
[INP] t=57629.8 space-RETURN (no modifier resync happens here)
[INP] t=57643.3 key-GAIN (no modifier resync happens here)
[INP] t=58842.6 chord kc=lopt flags=0xc0121 armed false->true action=Withhold
[INP] t=58844.4 chord kc=lopt flags=0xc0121 armed true->true action=Withhold
[INP] t=58967.1 chord kc=lopt flags=0x40101 armed true->false action=Fire
[INP] t=58967.5 release_all_modifiers(soft-grab-exit) believed=[]
[INP] t=58968.2 chord(ungrabbed) kc=lopt flags=0x40101 armed false->false action=Forward
[INP] t=58972.5 MON-flags kc=lopt flags=0x40101 host=[lctrl] guest=[]  DRIFT[lctrl:host=DOWN]
[INP] t=58972.9   RESYNC lctrl DOWN
[INP] t=58973.1   -> guest mod lctrl evdev=29 DOWN
[INP] t=59551.6 chord(ungrabbed) kc=lopt flags=0xc0121 armed false->true action=Withhold
[INP] t=59552.0 chord(ungrabbed) kc=lopt flags=0xc0121 armed true->true action=Withhold
[INP] t=59895.4 chord(ungrabbed) kc=lopt flags=0x40101 armed true->false action=Fire
[INP] t=59896.0 chord(ungrabbed) kc=lopt flags=0x40101 armed false->false action=Forward
[INP] t=59898.5 MON-flags kc=lopt flags=0x40101 host=[lctrl] guest=[lctrl]
[INP] t=60495.1 release_all_held(space-leave) mods=[lctrl] keys=0 aux=0
[INP] t=60510.0 release_all_held(key-loss) — nothing held
[INP] t=61369.0 space-RETURN (no modifier resync happens here)
[INP] t=61402.3 key-GAIN (no modifier resync happens here)
[INP] t=62474.3 chord kc=lopt flags=0x80120 armed false->false action=Forward
[INP] t=62474.6 TAP-flags kc=lopt flags=0x80120 host=[lopt] guest=[]  DRIFT[lopt:host=DOWN]
[INP] t=62474.9   -> guest mod lopt evdev=125 DOWN
[INP] t=62475.1 chord kc=lopt flags=0x80120 armed false->false action=Forward
[INP] t=62475.2 TAP-flags kc=lopt flags=0x80120 host=[lopt] guest=[lopt]
[INP] t=62614.3 chord kc=lopt flags=0x100 armed false->false action=Forward
[INP] t=62614.9 TAP-flags kc=lopt flags=0x100 host=[] guest=[lopt]  DRIFT[lopt:host=up]
[INP] t=62615.2   -> guest mod lopt evdev=125 UP
[INP] t=62615.6 chord kc=lopt flags=0x100 armed false->false action=Forward
[INP] t=62615.9 TAP-flags kc=lopt flags=0x100 host=[] guest=[]
[INP] t=63083.0 chord kc=lopt flags=0x80120 armed false->false action=Forward
[INP] t=63083.4 TAP-flags kc=lopt flags=0x80120 host=[lopt] guest=[]  DRIFT[lopt:host=DOWN]
[INP] t=63083.7   -> guest mod lopt evdev=125 DOWN
[INP] t=63083.9 chord kc=lopt flags=0x80120 armed false->false action=Forward
[INP] t=63084.0 TAP-flags kc=lopt flags=0x80120 host=[lopt] guest=[lopt]
[INP] t=63186.1 chord kc=lopt flags=0x100 armed false->false action=Forward
[INP] t=63186.6 TAP-flags kc=lopt flags=0x100 host=[] guest=[lopt]  DRIFT[lopt:host=up]
[INP] t=63186.9   -> guest mod lopt evdev=125 UP
[INP] t=63187.3 chord kc=lopt flags=0x100 armed false->false action=Forward
[INP] t=63187.6 TAP-flags kc=lopt flags=0x100 host=[] guest=[]
[INP] t=63800.0 chord kc=lcmd flags=0x100108 armed false->false action=Forward
[INP] t=63800.1 TAP-flags kc=lcmd flags=0x100108 host=[lcmd] guest=[]  DRIFT[lcmd:host=DOWN]
[INP] t=63800.2   -> guest mod lcmd evdev=56 DOWN
[INP] t=63802.2 chord kc=lcmd flags=0x100108 armed false->false action=Forward
[INP] t=63802.3 TAP-flags kc=lcmd flags=0x100108 host=[lcmd] guest=[lcmd]
[INP] t=63864.6 TAP-key kc=0x30 DOWN
[INP] t=63864.9 TAP-key kc=- flags=0x100108 host=[lcmd] guest=[lcmd]
[INP] t=63986.6 TAP-key kc=0x30 UP
[INP] t=63986.9 TAP-key kc=- flags=0x100108 host=[lcmd] guest=[lcmd]
[INP] t=64632.1 chord kc=lcmd flags=0x100 armed false->false action=Forward
[INP] t=64632.7 TAP-flags kc=lcmd flags=0x100 host=[] guest=[lcmd]  DRIFT[lcmd:host=up]
[INP] t=64633.0   -> guest mod lcmd evdev=56 UP
[INP] t=64633.5 chord kc=lcmd flags=0x100 armed false->false action=Forward
[INP] t=64633.7 TAP-flags kc=lcmd flags=0x100 host=[] guest=[]
[INP] t=65007.2 chord kc=lctrl flags=0x40101 armed false->false action=Forward
[INP] t=65007.6 TAP-flags kc=lctrl flags=0x40101 host=[lctrl] guest=[]  DRIFT[lctrl:host=DOWN]
[INP] t=65007.9   -> guest mod lctrl evdev=29 DOWN
[INP] t=65009.0 chord kc=lctrl flags=0x40101 armed false->false action=Forward
[INP] t=65009.1 TAP-flags kc=lctrl flags=0x40101 host=[lctrl] guest=[lctrl]
[INP] t=65580.6 TAP-key kc=0x7c DOWN
[INP] t=65580.9 TAP-key kc=- flags=0xa40101 host=[lctrl] guest=[lctrl]
[INP] t=65747.9 TAP-key kc=0x7c UP
[INP] t=65748.3 TAP-key kc=- flags=0xa40101 host=[lctrl] guest=[lctrl]
[INP] t=66191.1 chord kc=lopt flags=0xc0121 armed false->true action=Withhold
[INP] t=66191.5 chord kc=lopt flags=0xc0121 armed true->true action=Withhold
[INP] t=66312.1 chord kc=lopt flags=0x40101 armed true->false action=Fire
[INP] t=66312.5 release_all_modifiers(soft-grab-exit) believed=[lctrl]
[INP] t=66313.0 chord(ungrabbed) kc=lopt flags=0x40101 armed false->false action=Forward
[INP] t=66318.7 MON-flags kc=lopt flags=0x40101 host=[lctrl] guest=[]  DRIFT[lctrl:host=DOWN]
[INP] t=66319.2   RESYNC lctrl DOWN
[INP] t=66319.4   -> guest mod lctrl evdev=29 DOWN
[INP] t=66930.2 release_all_held(space-leave) mods=[lctrl] keys=0 aux=0
[INP] t=66933.0 release_all_held(key-loss) — nothing held
[INP] t=68217.4 space-RETURN (no modifier resync happens here)
[INP] t=68240.5 key-GAIN (no modifier resync happens here)
[INP] t=68817.3 chord kc=lopt flags=0xc0121 armed false->true action=Withhold
[INP] t=68817.6 chord kc=lopt flags=0xc0121 armed true->true action=Withhold
[INP] t=68818.1 chord kc=lopt flags=0x40101 armed true->false action=Fire
[INP] t=68818.1 release_all_modifiers(soft-grab-exit) believed=[]
[INP] t=68818.3 chord(ungrabbed) kc=lopt flags=0x40101 armed false->false action=Forward
[INP] t=68820.0 MON-flags kc=lopt flags=0x40101 host=[lctrl] guest=[]  DRIFT[lctrl:host=DOWN]
[INP] t=68820.4   RESYNC lctrl DOWN
[INP] t=68820.5   -> guest mod lctrl evdev=29 DOWN
[INP] t=68837.8 chord(ungrabbed) kc=lopt flags=0xc0121 armed false->true action=Withhold
[INP] t=68838.3 chord(ungrabbed) kc=lopt flags=0xc0121 armed true->true action=Withhold
[INP] t=68954.6 chord(ungrabbed) kc=lopt flags=0x40101 armed true->false action=Fire
[INP] t=68956.4 chord(ungrabbed) kc=lopt flags=0x40101 armed false->false action=Forward
[INP] t=68958.1 MON-flags kc=lopt flags=0x40101 host=[lctrl] guest=[lctrl]
[INP] t=69917.0 release_all_held(space-leave) mods=[lctrl] keys=0 aux=0
[INP] t=69950.3 release_all_held(key-loss) — nothing held
[INP] t=70822.2 space-RETURN (no modifier resync happens here)
[INP] t=70834.3 key-GAIN (no modifier resync happens here)
[INP] t=71421.8 TAP-key kc=0x7c DOWN
[INP] t=71422.2 TAP-key kc=- flags=0xa40101 host=[lctrl] guest=[]  DRIFT[lctrl:host=DOWN]
[INP] t=71422.6   RESYNC lctrl DOWN
[INP] t=71422.9   -> guest mod lctrl evdev=29 DOWN
[INP] t=71458.8 TAP-key kc=0x7c UP
[INP] t=71459.2 TAP-key kc=- flags=0xa40101 host=[lctrl] guest=[lctrl]
[INP] t=72472.7 TAP-key kc=0x7c DOWN
[INP] t=72473.2 TAP-key kc=- flags=0xa40101 host=[lctrl] guest=[lctrl]
[INP] t=72474.3 TAP-key kc=0x7c UP
[INP] t=72474.5 TAP-key kc=- flags=0xa40101 host=[lctrl] guest=[lctrl]
[INP] t=72999.8 TAP-key kc=0x7c DOWN
[INP] t=73000.3 TAP-key kc=- flags=0xa40101 host=[lctrl] guest=[lctrl]
[INP] t=73001.5 TAP-key kc=0x7c UP
[INP] t=73001.7 TAP-key kc=- flags=0xa40101 host=[lctrl] guest=[lctrl]
[INP] t=73051.0 chord kc=lopt flags=0xc0121 armed false->true action=Withhold
[INP] t=73052.1 chord kc=lopt flags=0xc0121 armed true->true action=Withhold
[INP] t=73117.4 chord kc=lopt flags=0x40101 armed true->false action=Fire
[INP] t=73117.9 release_all_modifiers(soft-grab-exit) believed=[lctrl]
[INP] t=73118.5 chord(ungrabbed) kc=lopt flags=0x40101 armed false->false action=Forward
[INP] t=73123.1 MON-flags kc=lopt flags=0x40101 host=[lctrl] guest=[]  DRIFT[lctrl:host=DOWN]
[INP] t=73123.6   RESYNC lctrl DOWN
[INP] t=73123.8   -> guest mod lctrl evdev=29 DOWN
[INP] t=74109.1 release_all_held(space-leave) mods=[lctrl] keys=0 aux=0
[INP] t=74141.4 release_all_held(key-loss) — nothing held
[INP] t=74889.5 key-GAIN (no modifier resync happens here)
[INP] t=74889.6 space-RETURN (no modifier resync happens here)
[INP] t=75274.7 TAP-key kc=0x7c DOWN
[INP] t=75275.1 TAP-key kc=- flags=0xa40101 host=[lctrl] guest=[]  DRIFT[lctrl:host=DOWN]
[INP] t=75275.4   RESYNC lctrl DOWN
[INP] t=75275.6   -> guest mod lctrl evdev=29 DOWN
[INP] t=75615.9 TAP-key kc=0x7c UP
[INP] t=75616.3 TAP-key kc=- flags=0xa40101 host=[lctrl] guest=[lctrl]
[INP] t=75760.8 TAP-key kc=0x7c DOWN
[INP] t=75761.1 TAP-key kc=- flags=0xa40101 host=[lctrl] guest=[lctrl]
[INP] t=75801.6 TAP-key kc=0x7c UP
[INP] t=75801.9 TAP-key kc=- flags=0xa40101 host=[lctrl] guest=[lctrl]
[INP] t=76145.8 chord kc=lopt flags=0xc0121 armed false->true action=Withhold
[INP] t=76146.2 chord kc=lopt flags=0xc0121 armed true->true action=Withhold
[INP] t=76146.3 chord kc=lopt flags=0x40101 armed true->false action=Fire
[INP] t=76146.4 release_all_modifiers(soft-grab-exit) believed=[lctrl]
[INP] t=76146.6 chord(ungrabbed) kc=lopt flags=0x40101 armed false->false action=Forward
[INP] t=76147.9 MON-flags kc=lopt flags=0x40101 host=[lctrl] guest=[]  DRIFT[lctrl:host=DOWN]
[INP] t=76148.0   RESYNC lctrl DOWN
[INP] t=76148.1   -> guest mod lctrl evdev=29 DOWN
[INP] t=76785.8 release_all_held(space-leave) mods=[lctrl] keys=0 aux=0
[INP] t=76807.6 release_all_held(key-loss) — nothing held
