The Meson build system
Version: 1.10.2
Source dir: ~/Projects/limina/third_party/virglrenderer
Build dir: ~/Projects/limina/third_party/virglrenderer/build
Build type: native build
Project name: virglrenderer
Project version: 1.3.0
C compiler for the host machine: cc (clang 21.0.0 "Apple clang version 21.0.0 (clang-2100.0.123.102)")
C linker for the host machine: cc ld64 1266.8
Host machine cpu family: aarch64
Host machine cpu: aarch64
Compiler for C supports arguments -Werror=enum-int-mismatch: NO 
Compiler for C supports arguments -Werror=implicit-function-declaration: YES 
Compiler for C supports arguments -Werror=missing-prototypes: YES 
Compiler for C supports arguments -Werror=pedantic: YES 
Compiler for C supports arguments -Wmissing-prototypes: YES 
Compiler for C supports arguments -Werror=incompatible-pointer-types: YES 
Compiler for C supports arguments -Werror=int-to-pointer-cast: YES 
Compiler for C supports arguments -Werror=switch: YES 
Compiler for C supports arguments -Wno-overlength-strings: YES 
Compiler for C supports arguments -Wno-missing-field-initializers: YES 
Compiler for C supports arguments -Werror=format: YES 
Compiler for C supports arguments -fvisibility=hidden: YES 
Compiler for C supports arguments -fno-strict-aliasing: YES 
Program python3 found: YES (/opt/homebrew/bin/python3)
Run-time dependency threads found: YES
Found pkg-config: YES (/opt/homebrew/bin/pkg-config) 2.5.1
Run-time dependency epoxy found: YES 1.5.11
Library m found: YES
Found CMake: /opt/homebrew/bin/cmake (4.3.1)
Run-time dependency libdrm found: NO (tried pkgconfig, framework and cmake)
Run-time dependency libdrm_amdgpu found: NO (tried pkgconfig, framework and cmake)
Has header "sys/uio.h" : YES 
Has header "dlfcn.h" : YES 
Checking for function "pthread_setaffinity_np" with dependency threads: NO 
Has header "pthread_np.h" : NO 
Has header "sys/eventfd.h" : NO 
Has header "sys/select.h" : YES 
Has header "linux/dma-buf.h" : NO 
Has header "linux/udmabuf.h" : NO 
Checking for function "bswap32" : YES 
Checking for function "bswap64" : YES 
Checking for function "clz" : YES 
Checking for function "clzll" : YES 
Checking for function "expect" : YES 
Checking for function "ffs" : YES 
Checking for function "ffsll" : YES 
Checking for function "popcount" : YES 
Checking for function "popcountll" : YES 
Checking for function "types_compatible_p" : YES 
Checking for function "unreachable" : YES 
Compiler for C supports function attribute const: YES 
Compiler for C supports function attribute flatten: YES 
Compiler for C supports function attribute format: YES 
Compiler for C supports function attribute malloc: YES 
Compiler for C supports function attribute noreturn: YES 
Compiler for C supports function attribute packed: YES 
Compiler for C supports function attribute pure: YES 
Compiler for C supports function attribute returns_nonnull: YES 
Compiler for C supports function attribute unused: YES 
Compiler for C supports function attribute warn_unused_result: YES 
Compiler for C supports function attribute weak: YES 
Compiler for C supports function attribute aligned: YES 
Checking for function "memfd_create" : NO 
Checking for function "strtok_r" : YES 
Checking for function "timespec_get" : YES 
Has header "epoxy/egl.h" with dependency epoxy: YES 
Header "stdlib.h" has symbol "__STDC_NO_VLA__" : NO 
third_party/virglrenderer/meson.build:359: WARNING: add_languages is missing native:, assuming languages are wanted for both host and build.
Objective-C compiler for the host machine: clang (clang 21.0.0)
Objective-C linker for the host machine: clang ld64 1266.8
Compiler for Objective-C supports arguments -Werror=enum-int-mismatch: NO 
Compiler for Objective-C supports arguments -Werror=implicit-function-declaration: YES 
Compiler for Objective-C supports arguments -Werror=missing-prototypes: YES 
Compiler for Objective-C supports arguments -Werror=pedantic: YES 
Compiler for Objective-C supports arguments -Wmissing-prototypes: YES 
Compiler for Objective-C supports arguments -Werror=incompatible-pointer-types: YES 
Compiler for Objective-C supports arguments -Werror=int-to-pointer-cast: YES 
Compiler for Objective-C supports arguments -Werror=switch: YES 
Compiler for Objective-C supports arguments -Wno-overlength-strings: YES 
Compiler for Objective-C supports arguments -Wno-missing-field-initializers: YES 
Compiler for Objective-C supports arguments -Werror=format: YES 
Compiler for Objective-C supports arguments -fvisibility=hidden: YES 
Compiler for Objective-C supports arguments -fno-strict-aliasing: YES 
Run-time dependency vulkan found: YES 1.4.341
Run-time dependency appleframeworks found: YES (Metal)
Run-time dependency appleframeworks found: YES (Foundation)
Run-time dependency appleframeworks found: YES (IOSurface)
Configuring config.h using configuration
Program python3 (yaml) found: YES (/opt/homebrew/bin/python3) modules: yaml
Found pkg-config: YES (/opt/homebrew/bin/pkg-config) 2.5.1
Configuring virgl-version.h using configuration
Build targets in project: 9
NOTICE: Future-deprecated features used:
 * 1.1.0: {'"boolean option" keyword argument "value" of type str'}

virglrenderer 1.3.0

  Directories
    prefix              : ~/Projects/limina/third_party/virgl-prefix
    libdir              : lib

  Configuration
    c_args              : 
    egl                 : true
    glx                 : false
    gbm                 : false
    venus               : true
    drm-amdgpu          : false
    drm-asahi           : false
    drm-i915            : false
    drm-panfrost        : false
    drm-msm             : false
    render server mode  : thread
    render server worker: thread
    video               : false
    tests               : false
    fuzzer              : false
    tracing             : none
    unstable-apis       : false

  User defined options
    buildtype           : release
    platforms           : egl
    prefix              : ~/Projects/limina/third_party/virgl-prefix
    render-server-mode  : thread
    render-server-worker: thread
    venus               : true
    vulkan-dload        : false

Found ninja-1.13.2 at /opt/homebrew/bin/ninja
ninja: Entering directory `~/Projects/limina/third_party/virglrenderer/build'
[1/99] Generating src/venus_codegen with a custom command
[2/99] Compiling C object src/mesa/libmesa.a.p/util_bitscan.c.o
[3/99] Compiling C object src/mesa/libmesa.a.p/util_os_misc.c.o
[4/99] Compiling C object src/mesa/libmesa.a.p/util_os_file.c.o
[5/99] Compiling C object src/mesa/libmesa.a.p/util_anon_file.c.o
[6/99] Compiling C object src/mesa/libmesa.a.p/util_u_cpu_detect.c.o
[7/99] Compiling C object src/mesa/libmesa.a.p/util_u_debug.c.o
[8/99] Compiling C object src/mesa/libmesa.a.p/util_u_math.c.o
[9/99] Compiling C object src/mesa/libmesa.a.p/util_ralloc.c.o
[10/99] Compiling C object src/mesa/libmesa.a.p/util_hash_table.c.o
[11/99] Generating src/gallium/u_format_table.c with a custom command (wrapped by meson to capture output)
[12/99] Generating src/gallium/u_format_gen.h with a custom command (wrapped by meson to capture output)
[13/99] Compiling C object src/gallium/libgallium.a.p/auxiliary_util_u_texture.c.o
[14/99] Compiling C object src/gallium/libgallium.a.p/auxiliary_util_u_hash_table.c.o
[15/99] Compiling C object src/gallium/libgallium.a.p/auxiliary_cso_cache_cso_hash.c.o
[16/99] Compiling C object src/gallium/libgallium.a.p/auxiliary_util_u_debug_describe.c.o
[17/99] Compiling C object src/gallium/libgallium.a.p/auxiliary_tgsi_tgsi_info.c.o
[18/99] Compiling C object src/gallium/libgallium.a.p/auxiliary_cso_cache_cso_cache.c.o
[19/99] Compiling C object src/gallium/libgallium.a.p/auxiliary_util_u_format.c.o
[20/99] Compiling C object src/gallium/libgallium.a.p/auxiliary_tgsi_tgsi_scan.c.o
[21/99] Compiling C object src/gallium/libgallium.a.p/meson-generated_.._u_format_table.c.o
[22/99] Compiling C object src/gallium/libgallium.a.p/auxiliary_tgsi_tgsi_build.c.o
[23/99] Compiling C object src/gallium/libgallium.a.p/auxiliary_tgsi_tgsi_dump.c.o
[24/99] Linking static target src/mesa/libmesa.a
ranlib: warning: 'libmesa.a(util_bitscan.c.o)' has no symbols
ranlib: warning: 'libmesa.a(util_bitscan.c.o)' has no symbols
[25/99] Compiling C object src/gallium/libgallium.a.p/auxiliary_tgsi_tgsi_iterate.c.o
[26/99] Compiling C object src/gallium/libgallium.a.p/auxiliary_tgsi_tgsi_strings.c.o
[27/99] Compiling C object src/gallium/libgallium.a.p/auxiliary_tgsi_tgsi_util.c.o
[28/99] Compiling C object src/libvirgl.a.p/meson-generated_.._gallium_u_format_table.c.o
[29/99] Compiling C object src/gallium/libgallium.a.p/auxiliary_tgsi_tgsi_parse.c.o
[30/99] Compiling C object src/libvirgl.a.p/virgl_context.c.o
[31/99] Compiling C object src/libvirgl.a.p/virgl_fence.c.o
[32/99] Compiling C object src/gallium/libgallium.a.p/auxiliary_tgsi_tgsi_sanity.c.o
[33/99] Compiling C object src/libvirgl.a.p/virgl_resource.c.o
[34/99] Compiling C object src/libvirgl.a.p/virgl_util.c.o
[35/99] Compiling C object src/libvirgl.a.p/vrend_iov.c.o
[36/99] Compiling C object src/libvirgl.a.p/vrend_vrend_tweaks.c.o
[37/99] Compiling C object src/libvirgl.a.p/vrend_vrend_object.c.o
[38/99] Compiling C object src/libvirgl.a.p/vrend_vrend_debug.c.o
[39/99] Compiling C object src/libvirgl.a.p/vrend_vrend_blitter.c.o
[40/99] Compiling C object src/libvirgl.a.p/vrend_vrend_formats.c.o
[41/99] Compiling C object src/libvirgl.a.p/vrend_vrend_winsys.c.o
[42/99] Compiling C object src/libvirgl.a.p/vrend_vrend_winsys_egl.c.o
[43/99] Compiling C object src/libvirgl.a.p/vrend_vrend_decode.c.o
[44/99] Compiling C object src/libvirgl.a.p/venus_vkr_acceleration_structure.c.o
In file included from ../src/venus/vkr_acceleration_structure.c:8:
../src/venus/venus-protocol/vn_protocol_renderer_acceleration_structure.h:340:35: warning: variable 'ret' is uninitialized when passed as a const pointer argument here [-Wuninitialized-const-pointer]
  340 |     offset += vn_sizeof_VkResult(&ret);
      |                                   ^~~
1 warning generated.
[45/99] Compiling C object src/libvirgl.a.p/venus_vkr_allocator.c.o
[46/99] Compiling C object src/gallium/libgallium.a.p/auxiliary_tgsi_tgsi_text.c.o
[47/99] Compiling C object src/libvirgl.a.p/venus_vkr_common.c.o
[48/99] Compiling C object src/libvirgl.a.p/venus_vkr_cs.c.o
[49/99] Compiling C object src/libvirgl.a.p/venus_vkr_descriptor_heap.c.o
In file included from ../src/venus/vkr_descriptor_heap.c:8:
../src/venus/venus-protocol/vn_protocol_renderer_descriptor_heap.h:613:35: warning: variable 'ret' is uninitialized when passed as a const pointer argument here [-Wuninitialized-const-pointer]
  613 |     offset += vn_sizeof_VkResult(&ret);
      |                                   ^~~
../src/venus/venus-protocol/vn_protocol_renderer_descriptor_heap.h:667:35: warning: variable 'ret' is uninitialized when passed as a const pointer argument here [-Wuninitialized-const-pointer]
  667 |     offset += vn_sizeof_VkResult(&ret);
      |                                   ^~~
2 warnings generated.
[50/99] Compiling C object src/libvirgl.a.p/venus_vkr_buffer.c.o
[51/99] Compiling C object src/libvirgl.a.p/venus_vkr_descriptor_set.c.o
[52/99] Compiling C object src/libvirgl.a.p/venus_vkr_host_copy.c.o
In file included from ../src/venus/vkr_host_copy.c:8:
../src/venus/venus-protocol/vn_protocol_renderer_host_copy.h:467:35: warning: variable 'ret' is uninitialized when passed as a const pointer argument here [-Wuninitialized-const-pointer]
  467 |     offset += vn_sizeof_VkResult(&ret);
      |                                   ^~~
1 warning generated.
[53/99] Compiling C object src/libvirgl.a.p/venus_vkr_library.c.o
[54/99] Compiling C object src/libvirgl.a.p/venus_vkr_device_memory.c.o
[55/99] Compiling C object src/libvirgl.a.p/venus_vkr_image.c.o
[56/99] Compiling C object src/libvirgl.a.p/venus_vkr_command_buffer.c.o
[57/99] Compiling C object src/libvirgl.a.p/venus_vkr_instance.c.o
[58/99] Compiling C object src/libvirgl.a.p/venus_vkr_device.c.o
[59/99] Compiling C object src/libvirgl.a.p/venus_vkr_query_pool.c.o
In file included from ../src/venus/vkr_query_pool.c:8:
In file included from src/vkr_query_pool_gen.h:8:
../src/venus/venus-protocol/vn_protocol_renderer_query_pool.h:163:35: warning: variable 'ret' is uninitialized when passed as a const pointer argument here [-Wuninitialized-const-pointer]
  163 |     offset += vn_sizeof_VkResult(&ret);
      |                                   ^~~
1 warning generated.
[60/99] Compiling C object src/libvirgl.a.p/venus_vkr_render_pass.c.o
[61/99] Compiling C object src/libvirgl.a.p/venus_vkr_physical_device.c.o
[62/99] Compiling C object src/libvirgl.a.p/venus_vkr_renderer.c.o
[63/99] Compiling C object src/libvirgl.a.p/venus_vkr_queue.c.o
[64/99] Compiling C object src/libvirgl.a.p/venus_vkr_pipeline.c.o
In file included from ../src/venus/vkr_pipeline.c:8:
In file included from src/vkr_pipeline_gen.h:10:
../src/venus/venus-protocol/vn_protocol_renderer_pipeline_cache.h:169:35: warning: variable 'ret' is uninitialized when passed as a const pointer argument here [-Wuninitialized-const-pointer]
  169 |     offset += vn_sizeof_VkResult(&ret);
      |                                   ^~~
In file included from ../src/venus/vkr_pipeline.c:8:
In file included from src/vkr_pipeline_gen.h:11:
../src/venus/venus-protocol/vn_protocol_renderer_pipeline.h:3783:35: warning: variable 'ret' is uninitialized when passed as a const pointer argument here [-Wuninitialized-const-pointer]
 3783 |     offset += vn_sizeof_VkResult(&ret);
      |                                   ^~~
../src/venus/venus-protocol/vn_protocol_renderer_pipeline.h:3835:35: warning: variable 'ret' is uninitialized when passed as a const pointer argument here [-Wuninitialized-const-pointer]
 3835 |     offset += vn_sizeof_VkResult(&ret);
      |                                   ^~~
3 warnings generated.
[65/99] Compiling C object src/libvirgl.a.p/proxy_proxy_client.c.o
[66/99] Compiling C object src/libvirgl.a.p/proxy_proxy_common.c.o
[67/99] Compiling C object src/libvirgl.a.p/proxy_proxy_renderer.c.o
[68/99] Compiling C object src/libvirgl.a.p/proxy_proxy_server.c.o
[69/99] Compiling C object src/libvirgl.a.p/proxy_proxy_socket.c.o
[70/99] Compiling C object src/libvirgl.a.p/.._server_render_common.c.o
[71/99] Compiling C object src/libvirgl.a.p/vrend_vrend_shader.c.o
[72/99] Compiling C object src/libvirgl.a.p/proxy_proxy_context.c.o
[73/99] Compiling C object src/libvirgl.a.p/.._server_render_client.c.o
[74/99] Compiling C object src/libvirgl.a.p/.._server_render_context.c.o
[75/99] Compiling C object src/libvirgl.a.p/.._server_render_server.c.o
[76/99] Compiling C object src/libvirgl.a.p/.._server_render_socket.c.o
[77/99] Compiling C object src/libvirgl.a.p/.._server_render_state.c.o
[78/99] Compiling C object src/libvirgl.a.p/.._server_render_worker.c.o
[79/99] Compiling C object src/libvirglrenderer.1.dylib.p/meson-generated_.._gallium_u_format_table.c.o
[80/99] Linking static target src/gallium/libgallium.a
[81/99] Compiling C object vtest/libvtest.a.p/meson-generated_.._.._src_gallium_u_format_table.c.o
[82/99] Compiling Objective-C object src/libvirgl.a.p/venus_vkr_metal_helpers.m.o
../src/venus/vkr_metal_helpers.m:138:14: warning: 'kIOSurfaceIsGlobal' is deprecated: first deprecated in macOS 10.11 - Global surfaces are insecure [-Wdeprecated-declarations]
  138 |          (id)kIOSurfaceIsGlobal : @YES,
      |              ^
/Library/Developer/CommandLineTools/SDKs/MacOSX.sdk/System/Library/Frameworks/IOSurface.framework/Headers/IOSurfaceRef.h:101:26: note: 'kIOSurfaceIsGlobal' has been explicitly marked deprecated here
  101 | extern const CFStringRef kIOSurfaceIsGlobal                                 API_DEPRECATED("Global surfaces are insecure",macos(10.6,10.11), ios(11.0,11.0), watchos(4.0,4.0), tvos(11.0,11.0));
      |                          ^
1 warning generated.
[83/99] Compiling C object vtest/libvtest.a.p/vtest_shm.c.o
[84/99] Compiling C object vtest/libvtest.a.p/util.c.o
[85/99] Compiling C object vtest/libvtest.a.p/threadpool.c.o
[86/99] Compiling C object src/libvirglrenderer.1.dylib.p/virglrenderer.c.o
[87/99] Compiling C object vtest/virgl_test_server.p/vtest_main.c.o
[88/99] Compiling C object vtest/virgl_test_server.p/meson-generated_.._.._src_gallium_u_format_table.c.o
[89/99] Compiling C object vtest/libvtest.a.p/vtest_server.c.o
[90/99] Compiling C object src/libvirgl.a.p/vrend_vrend_renderer.c.o
[91/99] Compiling C object vtest/libvtest.a.p/vtest_renderer.c.o
[92/99] Linking static target vtest/libvtest.a
[93/99] Compiling C object src/libvirgl.a.p/venus_vkr_context.c.o
In file included from ../src/venus/vkr_context.c:13:
In file included from ../src/venus/venus-protocol/vn_protocol_renderer_dispatches.h:32:
../src/venus/venus-protocol/vn_protocol_renderer_query_pool.h:163:35: warning: variable 'ret' is uninitialized when passed as a const pointer argument here [-Wuninitialized-const-pointer]
  163 |     offset += vn_sizeof_VkResult(&ret);
      |                                   ^~~
In file included from ../src/venus/vkr_context.c:13:
In file included from ../src/venus/venus-protocol/vn_protocol_renderer_dispatches.h:34:
../src/venus/venus-protocol/vn_protocol_renderer_pipeline.h:3783:35: warning: variable 'ret' is uninitialized when passed as a const pointer argument here [-Wuninitialized-const-pointer]
 3783 |     offset += vn_sizeof_VkResult(&ret);
      |                                   ^~~
../src/venus/venus-protocol/vn_protocol_renderer_pipeline.h:3835:35: warning: variable 'ret' is uninitialized when passed as a const pointer argument here [-Wuninitialized-const-pointer]
 3835 |     offset += vn_sizeof_VkResult(&ret);
      |                                   ^~~
In file included from ../src/venus/vkr_context.c:13:
In file included from ../src/venus/venus-protocol/vn_protocol_renderer_dispatches.h:36:
../src/venus/venus-protocol/vn_protocol_renderer_pipeline_cache.h:169:35: warning: variable 'ret' is uninitialized when passed as a const pointer argument here [-Wuninitialized-const-pointer]
  169 |     offset += vn_sizeof_VkResult(&ret);
      |                                   ^~~
In file included from ../src/venus/vkr_context.c:13:
In file included from ../src/venus/venus-protocol/vn_protocol_renderer_dispatches.h:40:
../src/venus/venus-protocol/vn_protocol_renderer_host_copy.h:467:35: warning: variable 'ret' is uninitialized when passed as a const pointer argument here [-Wuninitialized-const-pointer]
  467 |     offset += vn_sizeof_VkResult(&ret);
      |                                   ^~~
In file included from ../src/venus/vkr_context.c:13:
In file included from ../src/venus/venus-protocol/vn_protocol_renderer_dispatches.h:41:
../src/venus/venus-protocol/vn_protocol_renderer_acceleration_structure.h:340:35: warning: variable 'ret' is uninitialized when passed as a const pointer argument here [-Wuninitialized-const-pointer]
  340 |     offset += vn_sizeof_VkResult(&ret);
      |                                   ^~~
In file included from ../src/venus/vkr_context.c:13:
In file included from ../src/venus/venus-protocol/vn_protocol_renderer_dispatches.h:42:
../src/venus/venus-protocol/vn_protocol_renderer_descriptor_heap.h:613:35: warning: variable 'ret' is uninitialized when passed as a const pointer argument here [-Wuninitialized-const-pointer]
  613 |     offset += vn_sizeof_VkResult(&ret);
      |                                   ^~~
../src/venus/venus-protocol/vn_protocol_renderer_descriptor_heap.h:667:35: warning: variable 'ret' is uninitialized when passed as a const pointer argument here [-Wuninitialized-const-pointer]
  667 |     offset += vn_sizeof_VkResult(&ret);
      |                                   ^~~
8 warnings generated.
[94/99] Compiling C object src/libvirgl.a.p/venus_vkr_ring.c.o
In file included from ../src/venus/vkr_ring.c:12:
In file included from ../src/venus/venus-protocol/vn_protocol_renderer_dispatches.h:32:
../src/venus/venus-protocol/vn_protocol_renderer_query_pool.h:163:35: warning: variable 'ret' is uninitialized when passed as a const pointer argument here [-Wuninitialized-const-pointer]
  163 |     offset += vn_sizeof_VkResult(&ret);
      |                                   ^~~
In file included from ../src/venus/vkr_ring.c:12:
In file included from ../src/venus/venus-protocol/vn_protocol_renderer_dispatches.h:34:
../src/venus/venus-protocol/vn_protocol_renderer_pipeline.h:3783:35: warning: variable 'ret' is uninitialized when passed as a const pointer argument here [-Wuninitialized-const-pointer]
 3783 |     offset += vn_sizeof_VkResult(&ret);
      |                                   ^~~
../src/venus/venus-protocol/vn_protocol_renderer_pipeline.h:3835:35: warning: variable 'ret' is uninitialized when passed as a const pointer argument here [-Wuninitialized-const-pointer]
 3835 |     offset += vn_sizeof_VkResult(&ret);
      |                                   ^~~
In file included from ../src/venus/vkr_ring.c:12:
In file included from ../src/venus/venus-protocol/vn_protocol_renderer_dispatches.h:36:
../src/venus/venus-protocol/vn_protocol_renderer_pipeline_cache.h:169:35: warning: variable 'ret' is uninitialized when passed as a const pointer argument here [-Wuninitialized-const-pointer]
  169 |     offset += vn_sizeof_VkResult(&ret);
      |                                   ^~~
In file included from ../src/venus/vkr_ring.c:12:
In file included from ../src/venus/venus-protocol/vn_protocol_renderer_dispatches.h:40:
../src/venus/venus-protocol/vn_protocol_renderer_host_copy.h:467:35: warning: variable 'ret' is uninitialized when passed as a const pointer argument here [-Wuninitialized-const-pointer]
  467 |     offset += vn_sizeof_VkResult(&ret);
      |                                   ^~~
In file included from ../src/venus/vkr_ring.c:12:
In file included from ../src/venus/venus-protocol/vn_protocol_renderer_dispatches.h:41:
../src/venus/venus-protocol/vn_protocol_renderer_acceleration_structure.h:340:35: warning: variable 'ret' is uninitialized when passed as a const pointer argument here [-Wuninitialized-const-pointer]
  340 |     offset += vn_sizeof_VkResult(&ret);
      |                                   ^~~
In file included from ../src/venus/vkr_ring.c:12:
In file included from ../src/venus/venus-protocol/vn_protocol_renderer_dispatches.h:42:
../src/venus/venus-protocol/vn_protocol_renderer_descriptor_heap.h:613:35: warning: variable 'ret' is uninitialized when passed as a const pointer argument here [-Wuninitialized-const-pointer]
  613 |     offset += vn_sizeof_VkResult(&ret);
      |                                   ^~~
../src/venus/venus-protocol/vn_protocol_renderer_descriptor_heap.h:667:35: warning: variable 'ret' is uninitialized when passed as a const pointer argument here [-Wuninitialized-const-pointer]
  667 |     offset += vn_sizeof_VkResult(&ret);
      |                                   ^~~
8 warnings generated.
[95/99] Compiling C object src/libvirgl.a.p/venus_vkr_transport.c.o
In file included from ../src/venus/vkr_transport.c:8:
In file included from ../src/venus/venus-protocol/vn_protocol_renderer_dispatches.h:32:
../src/venus/venus-protocol/vn_protocol_renderer_query_pool.h:163:35: warning: variable 'ret' is uninitialized when passed as a const pointer argument here [-Wuninitialized-const-pointer]
  163 |     offset += vn_sizeof_VkResult(&ret);
      |                                   ^~~
In file included from ../src/venus/vkr_transport.c:8:
In file included from ../src/venus/venus-protocol/vn_protocol_renderer_dispatches.h:34:
../src/venus/venus-protocol/vn_protocol_renderer_pipeline.h:3783:35: warning: variable 'ret' is uninitialized when passed as a const pointer argument here [-Wuninitialized-const-pointer]
 3783 |     offset += vn_sizeof_VkResult(&ret);
      |                                   ^~~
../src/venus/venus-protocol/vn_protocol_renderer_pipeline.h:3835:35: warning: variable 'ret' is uninitialized when passed as a const pointer argument here [-Wuninitialized-const-pointer]
 3835 |     offset += vn_sizeof_VkResult(&ret);
      |                                   ^~~
In file included from ../src/venus/vkr_transport.c:8:
In file included from ../src/venus/venus-protocol/vn_protocol_renderer_dispatches.h:36:
../src/venus/venus-protocol/vn_protocol_renderer_pipeline_cache.h:169:35: warning: variable 'ret' is uninitialized when passed as a const pointer argument here [-Wuninitialized-const-pointer]
  169 |     offset += vn_sizeof_VkResult(&ret);
      |                                   ^~~
In file included from ../src/venus/vkr_transport.c:8:
In file included from ../src/venus/venus-protocol/vn_protocol_renderer_dispatches.h:40:
../src/venus/venus-protocol/vn_protocol_renderer_host_copy.h:467:35: warning: variable 'ret' is uninitialized when passed as a const pointer argument here [-Wuninitialized-const-pointer]
  467 |     offset += vn_sizeof_VkResult(&ret);
      |                                   ^~~
In file included from ../src/venus/vkr_transport.c:8:
In file included from ../src/venus/venus-protocol/vn_protocol_renderer_dispatches.h:41:
../src/venus/venus-protocol/vn_protocol_renderer_acceleration_structure.h:340:35: warning: variable 'ret' is uninitialized when passed as a const pointer argument here [-Wuninitialized-const-pointer]
  340 |     offset += vn_sizeof_VkResult(&ret);
      |                                   ^~~
In file included from ../src/venus/vkr_transport.c:8:
In file included from ../src/venus/venus-protocol/vn_protocol_renderer_dispatches.h:42:
../src/venus/venus-protocol/vn_protocol_renderer_descriptor_heap.h:613:35: warning: variable 'ret' is uninitialized when passed as a const pointer argument here [-Wuninitialized-const-pointer]
  613 |     offset += vn_sizeof_VkResult(&ret);
      |                                   ^~~
../src/venus/venus-protocol/vn_protocol_renderer_descriptor_heap.h:667:35: warning: variable 'ret' is uninitialized when passed as a const pointer argument here [-Wuninitialized-const-pointer]
  667 |     offset += vn_sizeof_VkResult(&ret);
      |                                   ^~~
../src/venus/vkr_transport.c:183:29: warning: variable length array folded to constant array as an extension [-Wgnu-folding-constant]
  183 |    return dispatch->data == container_of(dispatch, struct vkr_context, dispatch);
      |                             ^~~~~~~~~~~~~~~~~~~~~~~~~~~~~~~~~~~~~~~~~~~~~~~~~~~~
../src/mesa/util/macros.h:110:10: note: expanded from macro 'container_of'
  110 |          STATIC_ASSERT(__same_type(*(ptr), ((type *)0)->member) ||      \
      |          ^~~~~~~~~~~~~~~~~~~~~~~~~~~~~~~~~~~~~~~~~~~~~~~~~~~~~~~~~~~~~~~~
  111 |                        __same_type(*(ptr), void) ||                     \
      |                        ~~~~~~~~~~~~~~~~~~~~~~~~~~~~~~~~~~~~~~~~~~~~~~~~~~
  112 |                        !"pointer type mismatch in container_of()");     \
      |                        ~~~~~~~~~~~~~~~~~~~~~~~~~~~~~~~~~~~~~~~~~~~
../src/mesa/util/macros.h:89:27: note: expanded from macro 'STATIC_ASSERT'
   89 |       (void) sizeof(char [1 - 2*!(COND)]); \
      |                           ^~~~~~~~~~~~~
../src/venus/vkr_transport.c:367:28: warning: variable length array folded to constant array as an extension [-Wgnu-folding-constant]
  367 |    struct vkr_ring *ring = container_of(dispatch, struct vkr_ring, dispatch);
      |                            ^~~~~~~~~~~~~~~~~~~~~~~~~~~~~~~~~~~~~~~~~~~~~~~~~
../src/mesa/util/macros.h:110:10: note: expanded from macro 'container_of'
  110 |          STATIC_ASSERT(__same_type(*(ptr), ((type *)0)->member) ||      \
      |          ^~~~~~~~~~~~~~~~~~~~~~~~~~~~~~~~~~~~~~~~~~~~~~~~~~~~~~~~~~~~~~~~
  111 |                        __same_type(*(ptr), void) ||                     \
      |                        ~~~~~~~~~~~~~~~~~~~~~~~~~~~~~~~~~~~~~~~~~~~~~~~~~~
  112 |                        !"pointer type mismatch in container_of()");     \
      |                        ~~~~~~~~~~~~~~~~~~~~~~~~~~~~~~~~~~~~~~~~~~~
../src/mesa/util/macros.h:89:27: note: expanded from macro 'STATIC_ASSERT'
   89 |       (void) sizeof(char [1 - 2*!(COND)]); \
      |                           ^~~~~~~~~~~~~
10 warnings generated.
[96/99] Linking static target src/libvirgl.a
[97/99] Linking target src/libvirglrenderer.1.dylib
[98/99] Generating symbol file src/libvirglrenderer.1.dylib.p/libvirglrenderer.1.dylib.symbols
[99/99] Linking target vtest/virgl_test_server
ninja: Entering directory `~/Projects/limina/third_party/virglrenderer/build'
ninja: no work to do.
Installing src/libvirglrenderer.1.dylib to ~/Projects/limina/third_party/virgl-prefix/lib
Installing vtest/virgl_test_server to ~/Projects/limina/third_party/virgl-prefix/bin
Installing ~/Projects/limina/third_party/virglrenderer/src/virglrenderer.h to ~/Projects/limina/third_party/virgl-prefix/include/virgl
Installing ~/Projects/limina/third_party/virglrenderer/build/meson-private/virglrenderer.pc to ~/Projects/limina/third_party/virgl-prefix/lib/pkgconfig
Installing ~/Projects/limina/third_party/virglrenderer/build/src/virgl-version.h to ~/Projects/limina/third_party/virgl-prefix/include/virgl
Installing symlink pointing to libvirglrenderer.1.dylib to ~/Projects/limina/third_party/virgl-prefix/lib/libvirglrenderer.dylib
==> installed virglrenderer 1.3.0 (venus + vrend/EGL, in-process) to ~/Projects/limina/third_party/virgl-prefix
    pkg-config: ~/Projects/limina/third_party/virgl-prefix/lib/pkgconfig/virglrenderer.pc
-rwxr-xr-x@ 1 kov  staff  3029896 Jun 20 12:17 ~/Projects/limina/third_party/virgl-prefix/lib/libvirglrenderer.1.dylib
lrwxr-xr-x@ 1 kov  staff       24 Jun 20 12:17 ~/Projects/limina/third_party/virgl-prefix/lib/libvirglrenderer.dylib -> libvirglrenderer.1.dylib
