=== cycle 0 ts_ms=1786398413619 pid=99631
Process:         limina-vmm [99631]
Path:            /Users/USER/*/limina-vmm
Load Address:    0x1024a8000
Identifier:      limina-vmm
Version:         0
Code Type:       ARM64
Platform:        macOS
Parent Process:  limina [99626]
Target Type:     live task

Date/Time:       2026-08-10 18:46:52.632 -0300
Launch Time:     2026-08-10 18:37:23.481 -0300
OS Version:      macOS 26.5.2 (25F84)
Report Version:  7
Analysis Tool:   /usr/bin/vmmap

Physical footprint:         5.1G
Physical footprint (peak):  7.0G
Idle exit:                  untracked
----

ReadOnly portion of Libraries: Total=891.9M resident=173.9M(20%) swapped_out_or_unallocated=718.0M(80%)
Writable regions: Total=12.2G written=67.5M(1%) resident=1.4G(12%) swapped_out=11.0M(0%) unallocated=10.8G(88%)

                                VIRTUAL RESIDENT    DIRTY  SWAPPED VOLATILE   NONVOL    EMPTY   REGION 
REGION TYPE                        SIZE     SIZE     SIZE     SIZE     SIZE     SIZE     SIZE    COUNT (non-coalesced) 
===========                     ======= ========    =====  ======= ========   ======    =====  ======= 
Activity Tracing                   256K      16K      16K       0K       0K      16K       0K        1 
Kernel Alloc Once                   32K      16K      16K       0K       0K       0K       0K        1 
MALLOC guard page                 3936K       0K       0K       0K       0K       0K       0K        4 
MALLOC metadata                    784K     384K     384K     112K       0K       0K       0K        4 
MALLOC_LARGE                      29.9M    28.9M    28.9M    1024K       0K       0K       0K        3         see MALLOC ZONE table below
MALLOC_LARGE (empty)              21.7M    20.5M    20.5M    1184K       0K       0K       0K        5         see MALLOC ZONE table below
MALLOC_NANO metadata                64K      48K      48K       0K       0K       0K       0K        2         see MALLOC ZONE table below
MALLOC_SMALL                      24.0M    3552K    3552K     144K       0K       0K       0K        6         see MALLOC ZONE table below
MALLOC_SMALL (empty)              8192K      32K      32K       0K       0K       0K       0K        2         see MALLOC ZONE table below
MALLOC_TINY                       4096K     144K     144K       0K       0K       0K       0K        1         see MALLOC ZONE table below
Memory Tag 22                     64.0M      16K      16K       0K       0K       0K       0K        1 
Memory Tag 28                      128K     128K     128K       0K       0K       0K       0K        8 
STACK GUARD                        336K       0K       0K       0K       0K       0K       0K       21 
Stack                             47.6M    1504K    1504K    1664K       0K       0K       0K       22 
Stack Guard                       56.0M       0K       0K       0K       0K       0K       0K        1 
VM_ALLOCATE                        336K       0K       0K       0K       0K       0K       0K       21 
VM_ALLOCATE (reserved)            2560K       0K       0K       0K       0K       0K       0K       20         reserved VM address space (unallocated)
__AUTH                            1322K     605K      288      144       0K       0K       0K      149 
__AUTH_CONST                      17.7M    8548K       0K       0K       0K       0K       0K      341 
__CTF                               824      824       0K       0K       0K       0K       0K        1 
__DATA                            4421K    2138K      91K      96K       0K       0K       0K      303 
__DATA_CONST                      16.9M    10.1M     352K     112K       0K       0K       0K      343 
__DATA_DIRTY                      1320K     662K     220K     147K       0K       0K       0K      284 
__FONT_DATA                        2352     2352       0K       0K       0K       0K       0K        1 
__LINKEDIT                       586.0M    19.8M       0K       0K       0K       0K       0K        5 
__OBJC_RO                         79.1M    53.1M       0K       0K       0K       0K       0K        1 
__OBJC_RW                         2598K    1526K      38K       0K       0K       0K       0K        1 
__TEXT                           305.9M   154.2M       0K       0K       0K       0K       0K      352 
__TPRO_CONST                       128K      48K      48K       0K       0K       0K       0K        2 
mapped file                         80K      80K       0K       0K       0K       0K       0K        1 
page table in kernel              8621K    8621K    8621K       0K       0K       0K       0K        1 
shared memory                     12.0G     1.4G     1.2G    7120K       0K       0K       0K       99 
unused but dirty shlib __DATA      143K      82K      82K      60K       0K       0K       0K       51 
===========                     ======= ========    =====  ======= ========   ======    =====  ======= 
TOTAL                             13.3G     1.7G     1.2G    11.4M       0K      16K       0K     2058 
TOTAL, minus reserved VM space    13.3G     1.7G     1.2G    11.4M       0K      16K       0K     2058 

                                 VIRTUAL   RESIDENT      DIRTY    SWAPPED ALLOCATION      BYTES DIRTY+SWAP          REGION
MALLOC ZONE                         SIZE       SIZE       SIZE       SIZE      COUNT  ALLOCATED  FRAG SIZE  % FRAG   COUNT
===========                      =======  =========  =========  =========  =========  =========  =========  ======  ======
DefaultMallocZone_0x104b14000      66.7M      33.0M      33.0M      1280K       1587      30.4M      3891K     12%      16

=== cycle 1 ts_ms=1786399025649 pid=99631
Process:         limina-vmm [99631]
Path:            /Users/USER/*/limina-vmm
Load Address:    0x1024a8000
Identifier:      limina-vmm
Version:         0
Code Type:       ARM64
Platform:        macOS
Parent Process:  limina [99626]
Target Type:     live task

Date/Time:       2026-08-10 18:57:04.659 -0300
Launch Time:     2026-08-10 18:37:23.481 -0300
OS Version:      macOS 26.5.2 (25F84)
Report Version:  7
Analysis Tool:   /usr/bin/vmmap

Physical footprint:         4.6G
Physical footprint (peak):  7.0G
Idle exit:                  untracked
----

ReadOnly portion of Libraries: Total=891.9M resident=170.9M(19%) swapped_out_or_unallocated=721.0M(81%)
Writable regions: Total=12.2G written=44.2M(0%) resident=1.6G(13%) swapped_out=24.9M(0%) unallocated=10.5G(86%)

                                VIRTUAL RESIDENT    DIRTY  SWAPPED VOLATILE   NONVOL    EMPTY   REGION 
REGION TYPE                        SIZE     SIZE     SIZE     SIZE     SIZE     SIZE     SIZE    COUNT (non-coalesced) 
===========                     ======= ========    =====  ======= ========   ======    =====  ======= 
Activity Tracing                   256K      16K      16K       0K       0K      16K       0K        1 
Kernel Alloc Once                   32K      16K      16K       0K       0K       0K       0K        1 
MALLOC guard page                 3936K       0K       0K       0K       0K       0K       0K        4 
MALLOC metadata                    784K     384K     384K     112K       0K       0K       0K        4 
MALLOC_LARGE                      29.9M    26.0M    26.0M    3984K       0K       0K       0K        3         see MALLOC ZONE table below
MALLOC_NANO metadata                64K      48K      48K       0K       0K       0K       0K        2         see MALLOC ZONE table below
MALLOC_SMALL                      24.0M    1552K    1008K     352K       0K       0K       0K        6         see MALLOC ZONE table below
MALLOC_SMALL (empty)              8192K      32K      32K       0K       0K       0K       0K        2         see MALLOC ZONE table below
MALLOC_TINY                       4096K     144K     144K       0K       0K       0K       0K        1         see MALLOC ZONE table below
Memory Tag 22                     64.0M      16K      16K       0K       0K       0K       0K        1 
Memory Tag 28                      128K     128K     128K       0K       0K       0K       0K        8 
STACK GUARD                        336K       0K       0K       0K       0K       0K       0K       21 
Stack                             47.6M     544K     544K    2624K       0K       0K       0K       22 
Stack Guard                       56.0M       0K       0K       0K       0K       0K       0K        1 
VM_ALLOCATE                        336K       0K       0K       0K       0K       0K       0K       21 
VM_ALLOCATE (reserved)            2560K       0K       0K       0K       0K       0K       0K       20         reserved VM address space (unallocated)
__AUTH                            1322K     573K      288      144       0K       0K       0K      149 
__AUTH_CONST                      17.7M    8002K       0K       0K       0K       0K       0K      341 
__CTF                               824      824       0K       0K       0K       0K       0K        1 
__DATA                            4421K    2117K      91K      96K       0K       0K       0K      303 
__DATA_CONST                      16.9M    10.2M     352K     112K       0K       0K       0K      343 
__DATA_DIRTY                      1320K     576K     154K     213K       0K       0K       0K      284 
__FONT_DATA                        2352     2352       0K       0K       0K       0K       0K        1 
__LINKEDIT                       586.0M    18.6M       0K       0K       0K       0K       0K        5 
__OBJC_RO                         79.1M    48.4M       0K       0K       0K       0K       0K        1 
__OBJC_RW                         2598K    1494K      38K       0K       0K       0K       0K        1 
__TEXT                           305.9M   152.4M       0K       0K       0K       0K       0K      352 
__TPRO_CONST                       128K      48K      48K       0K       0K       0K       0K        2 
mapped file                         80K      80K       0K       0K       0K       0K       0K        1 
page table in kernel              8829K    8829K    8829K       0K       0K       0K       0K        1 
shared memory                     12.0G     1.6G   974.4M    18.0M       0K       0K       0K       99 
unused but dirty shlib __DATA      143K      68K      68K      75K       0K       0K       0K       51 
===========                     ======= ========    =====  ======= ========   ======    =====  ======= 
TOTAL                             13.2G     1.9G     1.0G    25.4M       0K      16K       0K     2053 
TOTAL, minus reserved VM space    13.2G     1.9G     1.0G    25.4M       0K      16K       0K     2053 

                                 VIRTUAL   RESIDENT      DIRTY    SWAPPED ALLOCATION      BYTES DIRTY+SWAP          REGION
MALLOC ZONE                         SIZE       SIZE       SIZE       SIZE      COUNT  ALLOCATED  FRAG SIZE  % FRAG   COUNT
===========                      =======  =========  =========  =========  =========  =========  =========  ======  ======
DefaultMallocZone_0x104b14000      66.7M      28.1M      27.6M      4432K       1587      30.4M      1555K      5%      16

=== cycle 2 ts_ms=1786399637668 pid=99631
Process:         limina-vmm [99631]
Path:            /Users/USER/*/limina-vmm
Load Address:    0x1024a8000
Identifier:      limina-vmm
Version:         0
Code Type:       ARM64
Platform:        macOS
Parent Process:  limina [99626]
Target Type:     live task

Date/Time:       2026-08-10 19:07:16.672 -0300
Launch Time:     2026-08-10 18:37:23.481 -0300
OS Version:      macOS 26.5.2 (25F84)
Report Version:  7
Analysis Tool:   /usr/bin/vmmap

Physical footprint:         4.8G
Physical footprint (peak):  7.0G
Idle exit:                  untracked
----

ReadOnly portion of Libraries: Total=891.9M resident=164.1M(18%) swapped_out_or_unallocated=727.9M(82%)
Writable regions: Total=12.2G written=44.0M(0%) resident=1.5G(13%) swapped_out=196.6M(2%) unallocated=10.5G(86%)

                                VIRTUAL RESIDENT    DIRTY  SWAPPED VOLATILE   NONVOL    EMPTY   REGION 
REGION TYPE                        SIZE     SIZE     SIZE     SIZE     SIZE     SIZE     SIZE    COUNT (non-coalesced) 
===========                     ======= ========    =====  ======= ========   ======    =====  ======= 
Activity Tracing                   256K      16K      16K       0K       0K      16K       0K        1 
Kernel Alloc Once                   32K       0K       0K      16K       0K       0K       0K        1 
MALLOC guard page                 3936K       0K       0K       0K       0K       0K       0K        4 
MALLOC metadata                    784K     304K     304K     192K       0K       0K       0K        4 
MALLOC_LARGE                      29.9M    26.0M    26.0M    3984K       0K       0K       0K        3         see MALLOC ZONE table below
MALLOC_NANO metadata                64K      48K      48K       0K       0K       0K       0K        2         see MALLOC ZONE table below
MALLOC_SMALL                      24.0M     992K     992K     368K       0K       0K       0K        6         see MALLOC ZONE table below
MALLOC_SMALL (empty)              8192K      32K      32K       0K       0K       0K       0K        2         see MALLOC ZONE table below
MALLOC_TINY                       4096K     128K     128K      16K       0K       0K       0K        1         see MALLOC ZONE table below
Memory Tag 22                     64.0M      16K      16K       0K       0K       0K       0K        1 
Memory Tag 28                      128K     128K     128K       0K       0K       0K       0K        8 
STACK GUARD                        336K       0K       0K       0K       0K       0K       0K       21 
Stack                             47.6M     528K     528K    2640K       0K       0K       0K       22 
Stack Guard                       56.0M       0K       0K       0K       0K       0K       0K        1 
VM_ALLOCATE                        336K       0K       0K       0K       0K       0K       0K       21 
VM_ALLOCATE (reserved)            2560K       0K       0K       0K       0K       0K       0K       20         reserved VM address space (unallocated)
__AUTH                            1322K     400K      288      144       0K       0K       0K      149 
__AUTH_CONST                      17.7M    6360K       0K       0K       0K       0K       0K      341 
__CTF                               824      824       0K       0K       0K       0K       0K        1 
__DATA                            4421K    2085K      75K     112K       0K       0K       0K      303 
__DATA_CONST                      16.9M    7604K     224K     240K       0K       0K       0K      343 
__DATA_DIRTY                      1320K     471K     122K     245K       0K       0K       0K      284 
__FONT_DATA                        2352     2352       0K       0K       0K       0K       0K        1 
__LINKEDIT                       586.0M    16.3M       0K       0K       0K       0K       0K        5 
__OBJC_RO                         79.1M    48.1M       0K       0K       0K       0K       0K        1 
__OBJC_RW                         2598K    1382K       6K      32K       0K       0K       0K        1 
__TEXT                           305.9M   147.8M       0K       0K       0K       0K       0K      352 
__TPRO_CONST                       128K      32K      32K      16K       0K       0K       0K        2 
mapped file                         80K      80K       0K       0K       0K       0K       0K        1 
page table in kernel              9149K    9149K    9149K       0K       0K       0K       0K        1 
shared memory                     12.0G     1.5G   959.8M   189.6M       0K       0K       0K       99 
unused but dirty shlib __DATA      143K      68K      68K      75K       0K       0K       0K       51 
===========                     ======= ========    =====  ======= ========   ======    =====  ======= 
TOTAL                             13.2G     1.8G   997.4M   197.3M       0K      16K       0K     2053 
TOTAL, minus reserved VM space    13.2G     1.8G   997.4M   197.3M       0K      16K       0K     2053 

                                 VIRTUAL   RESIDENT      DIRTY    SWAPPED ALLOCATION      BYTES DIRTY+SWAP          REGION
MALLOC ZONE                         SIZE       SIZE       SIZE       SIZE      COUNT  ALLOCATED  FRAG SIZE  % FRAG   COUNT
===========                      =======  =========  =========  =========  =========  =========  =========  ======  ======
DefaultMallocZone_0x104b14000      66.7M      27.5M      27.5M      4544K       1587      30.4M      1555K      5%      16

=== cycle 3 ts_ms=1786400248591 pid=99631
Process:         limina-vmm [99631]
Path:            /Users/USER/*/limina-vmm
Load Address:    0x1024a8000
Identifier:      limina-vmm
Version:         0
Code Type:       ARM64
Platform:        macOS
Parent Process:  limina [99626]
Target Type:     live task

Date/Time:       2026-08-10 19:17:27.614 -0300
Launch Time:     2026-08-10 18:37:23.481 -0300
OS Version:      macOS 26.5.2 (25F84)
Report Version:  7
Analysis Tool:   /usr/bin/vmmap

Physical footprint:         4.7G
Physical footprint (peak):  7.0G
Idle exit:                  untracked
----

ReadOnly portion of Libraries: Total=891.9M resident=164.3M(18%) swapped_out_or_unallocated=727.6M(82%)
Writable regions: Total=12.2G written=44.2M(0%) resident=1.6G(13%) swapped_out=216.7M(2%) unallocated=10.4G(85%)

                                VIRTUAL RESIDENT    DIRTY  SWAPPED VOLATILE   NONVOL    EMPTY   REGION 
REGION TYPE                        SIZE     SIZE     SIZE     SIZE     SIZE     SIZE     SIZE    COUNT (non-coalesced) 
===========                     ======= ========    =====  ======= ========   ======    =====  ======= 
Activity Tracing                   256K      16K      16K       0K       0K      16K       0K        1 
Kernel Alloc Once                   32K       0K       0K      16K       0K       0K       0K        1 
MALLOC guard page                 3936K       0K       0K       0K       0K       0K       0K        4 
MALLOC metadata                    784K     304K     304K     192K       0K       0K       0K        4 
MALLOC_LARGE                      29.9M    26.0M    26.0M    3984K       0K       0K       0K        3         see MALLOC ZONE table below
MALLOC_NANO metadata                64K      48K      48K       0K       0K       0K       0K        2         see MALLOC ZONE table below
MALLOC_SMALL                      24.0M     992K     992K     368K       0K       0K       0K        6         see MALLOC ZONE table below
MALLOC_SMALL (empty)              8192K      32K      32K       0K       0K       0K       0K        2         see MALLOC ZONE table below
MALLOC_TINY                       4096K     128K     128K      16K       0K       0K       0K        1         see MALLOC ZONE table below
Memory Tag 22                     64.0M      16K      16K       0K       0K       0K       0K        1 
Memory Tag 28                      128K     128K     128K       0K       0K       0K       0K        8 
STACK GUARD                        336K       0K       0K       0K       0K       0K       0K       21 
Stack                             47.6M     528K     528K    2640K       0K       0K       0K       22 
Stack Guard                       56.0M       0K       0K       0K       0K       0K       0K        1 
VM_ALLOCATE                        336K       0K       0K       0K       0K       0K       0K       21 
VM_ALLOCATE (reserved)            2560K       0K       0K       0K       0K       0K       0K       20         reserved VM address space (unallocated)
__AUTH                            1322K     432K      288      144       0K       0K       0K      149 
__AUTH_CONST                      17.7M    6360K       0K       0K       0K       0K       0K      341 
__CTF                               824      824       0K       0K       0K       0K       0K        1 
__DATA                            4421K    2101K      75K     112K       0K       0K       0K      303 
__DATA_CONST                      16.9M    7604K     224K     240K       0K       0K       0K      343 
__DATA_DIRTY                      1320K     471K     122K     245K       0K       0K       0K      284 
__FONT_DATA                        2352     2352       0K       0K       0K       0K       0K        1 
__LINKEDIT                       586.0M    16.5M       0K       0K       0K       0K       0K        5 
__OBJC_RO                         79.1M    48.1M       0K       0K       0K       0K       0K        1 
__OBJC_RW                         2598K    1382K       6K      32K       0K       0K       0K        1 
__TEXT                           305.9M   147.8M       0K       0K       0K       0K       0K      352 
__TPRO_CONST                       128K      32K      32K      16K       0K       0K       0K        2 
mapped file                         80K      80K       0K       0K       0K       0K       0K        1 
page table in kernel              9294K    9294K    9294K       0K       0K       0K       0K        1 
shared memory                     12.0G     1.5G   917.2M   209.6M       0K       0K       0K       99 
unused but dirty shlib __DATA      143K      68K      68K      75K       0K       0K       0K       51 
===========                     ======= ========    =====  ======= ========   ======    =====  ======= 
TOTAL                             13.2G     1.8G   955.0M   217.4M       0K      16K       0K     2053 
TOTAL, minus reserved VM space    13.2G     1.8G   955.0M   217.4M       0K      16K       0K     2053 

                                 VIRTUAL   RESIDENT      DIRTY    SWAPPED ALLOCATION      BYTES DIRTY+SWAP          REGION
MALLOC ZONE                         SIZE       SIZE       SIZE       SIZE      COUNT  ALLOCATED  FRAG SIZE  % FRAG   COUNT
===========                      =======  =========  =========  =========  =========  =========  =========  ======  ======
DefaultMallocZone_0x104b14000      66.7M      27.5M      27.5M      4544K       1587      30.4M      1555K      5%      16

=== cycle 4 ts_ms=1786400859645 pid=99631
Process:         limina-vmm [99631]
Path:            /Users/USER/*/limina-vmm
Load Address:    0x1024a8000
Identifier:      limina-vmm
Version:         0
Code Type:       ARM64
Platform:        macOS
Parent Process:  limina [99626]
Target Type:     live task

Date/Time:       2026-08-10 19:27:38.694 -0300
Launch Time:     2026-08-10 18:37:23.481 -0300
OS Version:      macOS 26.5.2 (25F84)
Report Version:  7
Analysis Tool:   /usr/bin/vmmap

Physical footprint:         5.0G
Physical footprint (peak):  7.0G
Idle exit:                  untracked
----

ReadOnly portion of Libraries: Total=891.9M resident=161.7M(18%) swapped_out_or_unallocated=730.2M(82%)
Writable regions: Total=12.2G written=44.2M(0%) resident=1.3G(11%) swapped_out=270.4M(2%) unallocated=10.6G(87%)

                                VIRTUAL RESIDENT    DIRTY  SWAPPED VOLATILE   NONVOL    EMPTY   REGION 
REGION TYPE                        SIZE     SIZE     SIZE     SIZE     SIZE     SIZE     SIZE    COUNT (non-coalesced) 
===========                     ======= ========    =====  ======= ========   ======    =====  ======= 
Activity Tracing                   256K      16K      16K       0K       0K      16K       0K        1 
Kernel Alloc Once                   32K       0K       0K      16K       0K       0K       0K        1 
MALLOC guard page                 3936K       0K       0K       0K       0K       0K       0K        4 
MALLOC metadata                    784K     304K     304K     192K       0K       0K       0K        4 
MALLOC_LARGE                      29.9M    26.0M    26.0M    3984K       0K       0K       0K        3         see MALLOC ZONE table below
MALLOC_NANO metadata                64K      48K      48K       0K       0K       0K       0K        2         see MALLOC ZONE table below
MALLOC_SMALL                      24.0M     992K     992K     368K       0K       0K       0K        6         see MALLOC ZONE table below
MALLOC_SMALL (empty)              8192K      32K      32K       0K       0K       0K       0K        2         see MALLOC ZONE table below
MALLOC_TINY                       4096K     128K     128K      16K       0K       0K       0K        1         see MALLOC ZONE table below
Memory Tag 22                     64.0M      16K      16K       0K       0K       0K       0K        1 
Memory Tag 28                      128K     128K     128K       0K       0K       0K       0K        8 
STACK GUARD                        336K       0K       0K       0K       0K       0K       0K       21 
Stack                             47.6M     528K     528K    2640K       0K       0K       0K       22 
Stack Guard                       56.0M       0K       0K       0K       0K       0K       0K        1 
VM_ALLOCATE                        336K       0K       0K       0K       0K       0K       0K       21 
VM_ALLOCATE (reserved)            2560K       0K       0K       0K       0K       0K       0K       20         reserved VM address space (unallocated)
__AUTH                            1322K     462K      288      144       0K       0K       0K      149 
__AUTH_CONST                      17.7M    6617K       0K       0K       0K       0K       0K      341 
__CTF                               824      824       0K       0K       0K       0K       0K        1 
__DATA                            4421K    2068K      75K     112K       0K       0K       0K      303 
__DATA_CONST                      16.9M    7551K     224K     240K       0K       0K       0K      343 
__DATA_DIRTY                      1320K     538K     122K     245K       0K       0K       0K      284 
__FONT_DATA                        2352     2352       0K       0K       0K       0K       0K        1 
__LINKEDIT                       586.0M    15.6M       0K       0K       0K       0K       0K        5 
__OBJC_RO                         79.1M    47.9M       0K       0K       0K       0K       0K        1 
__OBJC_RW                         2598K    1446K       6K      32K       0K       0K       0K        1 
__TEXT                           305.9M   146.1M       0K       0K       0K       0K       0K      352 
__TPRO_CONST                       128K      32K      32K      16K       0K       0K       0K        2 
mapped file                         80K      80K       0K       0K       0K       0K       0K        1 
page table in kernel              9374K    9374K    9374K       0K       0K       0K       0K        1 
shared memory                     12.0G     1.3G     1.0G   263.4M       0K       0K       0K       99 
unused but dirty shlib __DATA      143K      68K      68K      75K       0K       0K       0K       51 
===========                     ======= ========    =====  ======= ========   ======    =====  ======= 
TOTAL                             13.2G     1.5G     1.0G   271.1M       0K      16K       0K     2053 
TOTAL, minus reserved VM space    13.2G     1.5G     1.0G   271.1M       0K      16K       0K     2053 

                                 VIRTUAL   RESIDENT      DIRTY    SWAPPED ALLOCATION      BYTES DIRTY+SWAP          REGION
MALLOC ZONE                         SIZE       SIZE       SIZE       SIZE      COUNT  ALLOCATED  FRAG SIZE  % FRAG   COUNT
===========                      =======  =========  =========  =========  =========  =========  =========  ======  ======
DefaultMallocZone_0x104b14000      66.7M      27.5M      27.5M      4544K       1587      30.4M      1555K      5%      16

