=== cycle 0 ts_ms=1786394919281 pid=27232
Process:         limina-vmm [27232]
Path:            /Users/USER/*/limina-vmm
Load Address:    0x1049d4000
Identifier:      limina-vmm
Version:         0
Code Type:       ARM64
Platform:        macOS
Parent Process:  limina [27227]
Target Type:     live task

Date/Time:       2026-08-10 17:48:38.316 -0300
Launch Time:     2026-08-10 17:45:02.097 -0300
OS Version:      macOS 26.5.2 (25F84)
Report Version:  7
Analysis Tool:   /usr/bin/vmmap

Physical footprint:         5.1G
Physical footprint (peak):  5.5G
Idle exit:                  untracked
----

ReadOnly portion of Libraries: Total=891.9M resident=199.2M(22%) swapped_out_or_unallocated=692.7M(78%)
Writable regions: Total=12.2G written=67.2M(1%) resident=1.4G(12%) swapped_out=122.2M(1%) unallocated=10.7G(87%)

                                VIRTUAL RESIDENT    DIRTY  SWAPPED VOLATILE   NONVOL    EMPTY   REGION 
REGION TYPE                        SIZE     SIZE     SIZE     SIZE     SIZE     SIZE     SIZE    COUNT (non-coalesced) 
===========                     ======= ========    =====  ======= ========   ======    =====  ======= 
Activity Tracing                   256K      16K      16K       0K       0K      16K       0K        1 
Kernel Alloc Once                   32K      16K      16K       0K       0K       0K       0K        1 
MALLOC guard page                 3120K       0K       0K       0K       0K       0K       0K        4 
MALLOC metadata                    784K     400K     400K      96K       0K       0K       0K        4 
MALLOC_LARGE                      29.9M    26.1M    26.1M    3968K       0K       0K       0K        3         see MALLOC ZONE table below
MALLOC_LARGE (empty)              21.7M    21.7M    21.7M       0K       0K       0K       0K        5         see MALLOC ZONE table below
MALLOC_NANO metadata                64K      48K      48K       0K       0K       0K       0K        2         see MALLOC ZONE table below
MALLOC_SMALL                      20.0M    3376K    3376K     416K       0K       0K       0K        5         see MALLOC ZONE table below
MALLOC_SMALL (empty)              12.0M      32K      32K      16K       0K       0K       0K        3         see MALLOC ZONE table below
MALLOC_TINY                       4096K     144K     144K       0K       0K       0K       0K        1         see MALLOC ZONE table below
Memory Tag 22                     64.0M      16K      16K       0K       0K       0K       0K        1 
Memory Tag 28                      128K     128K     128K       0K       0K       0K       0K        8 
STACK GUARD                        336K       0K       0K       0K       0K       0K       0K       21 
Stack                             47.6M     544K     544K    2624K       0K       0K       0K       22 
Stack Guard                       56.0M       0K       0K       0K       0K       0K       0K        1 
VM_ALLOCATE                        336K       0K       0K       0K       0K       0K       0K       21 
VM_ALLOCATE (reserved)            2560K       0K       0K       0K       0K       0K       0K       20         reserved VM address space (unallocated)
__AUTH                            1322K     794K      288      144       0K       0K       0K      149 
__AUTH_CONST                      17.7M    10.6M       0K       0K       0K       0K       0K      341 
__CTF                               824      824       0K       0K       0K       0K       0K        1 
__DATA                            4421K    2427K      91K      96K       0K       0K       0K      303 
__DATA_CONST                      16.9M    11.1M     352K     112K       0K       0K       0K      343 
__DATA_DIRTY                      1320K     840K     186K     181K       0K       0K       0K      284 
__FONT_DATA                        2352     2352       0K       0K       0K       0K       0K        1 
__LINKEDIT                       586.0M    29.7M       0K       0K       0K       0K       0K        5 
__OBJC_RO                         79.1M    62.3M       0K       0K       0K       0K       0K        1 
__OBJC_RW                         2598K    2230K      38K       0K       0K       0K       0K        1 
__TEXT                           305.9M   169.5M       0K       0K       0K       0K       0K      352 
__TPRO_CONST                       128K      32K      32K      16K       0K       0K       0K        2 
mapped file                         80K      80K       0K       0K       0K       0K       0K        1 
page table in kernel              8204K    8204K    8204K       0K       0K       0K       0K        1 
shared memory                     12.0G     1.4G     1.0G   115.2M       0K       0K       0K       99 
unused but dirty shlib __DATA      143K      68K      68K      75K       0K       0K       0K       51 
===========                     ======= ========    =====  ======= ========   ======    =====  ======= 
TOTAL                             13.3G     1.7G     1.1G   122.6M       0K      16K       0K     2058 
TOTAL, minus reserved VM space    13.3G     1.7G     1.1G   122.6M       0K      16K       0K     2058 

                                 VIRTUAL   RESIDENT      DIRTY    SWAPPED ALLOCATION      BYTES DIRTY+SWAP          REGION
MALLOC ZONE                         SIZE       SIZE       SIZE       SIZE      COUNT  ALLOCATED  FRAG SIZE  % FRAG   COUNT
===========                      =======  =========  =========  =========  =========  =========  =========  ======  ======
DefaultMallocZone_0x106ecc000      66.7M      29.9M      29.9M      4496K       1585      30.4M      4003K     12%      16

=== cycle 1 ts_ms=1786395521644 pid=27232
Process:         limina-vmm [27232]
Path:            /Users/USER/*/limina-vmm
Load Address:    0x1049d4000
Identifier:      limina-vmm
Version:         0
Code Type:       ARM64
Platform:        macOS
Parent Process:  limina [27227]
Target Type:     live task

Date/Time:       2026-08-10 17:58:40.764 -0300
Launch Time:     2026-08-10 17:45:02.097 -0300
OS Version:      macOS 26.5.2 (25F84)
Report Version:  7
Analysis Tool:   /usr/bin/vmmap

Physical footprint:         4.4G
Physical footprint (peak):  5.5G
Idle exit:                  untracked
----

ReadOnly portion of Libraries: Total=891.9M resident=177.2M(20%) swapped_out_or_unallocated=714.8M(80%)
Writable regions: Total=12.2G written=67.4M(1%) resident=1.6G(13%) swapped_out=76.9M(1%) unallocated=10.5G(86%)

                                VIRTUAL RESIDENT    DIRTY  SWAPPED VOLATILE   NONVOL    EMPTY   REGION 
REGION TYPE                        SIZE     SIZE     SIZE     SIZE     SIZE     SIZE     SIZE    COUNT (non-coalesced) 
===========                     ======= ========    =====  ======= ========   ======    =====  ======= 
Activity Tracing                   256K      16K      16K       0K       0K      16K       0K        1 
Kernel Alloc Once                   32K      16K      16K       0K       0K       0K       0K        1 
MALLOC guard page                 3120K       0K       0K       0K       0K       0K       0K        4 
MALLOC metadata                    784K     400K     400K      96K       0K       0K       0K        4 
MALLOC_LARGE                      29.9M    26.1M    26.1M    3968K       0K       0K       0K        3         see MALLOC ZONE table below
MALLOC_LARGE (empty)              21.7M    21.7M    21.7M       0K       0K       0K       0K        5         see MALLOC ZONE table below
MALLOC_NANO metadata                64K      48K      48K       0K       0K       0K       0K        2         see MALLOC ZONE table below
MALLOC_SMALL                      20.0M    3376K    3376K     448K       0K       0K       0K        5         see MALLOC ZONE table below
MALLOC_SMALL (empty)              12.0M      32K      32K      16K       0K       0K       0K        3         see MALLOC ZONE table below
MALLOC_TINY                       4096K     144K     144K       0K       0K       0K       0K        1         see MALLOC ZONE table below
Memory Tag 22                     64.0M      16K      16K       0K       0K       0K       0K        1 
Memory Tag 28                      128K     128K     128K       0K       0K       0K       0K        8 
STACK GUARD                        336K       0K       0K       0K       0K       0K       0K       21 
Stack                             47.6M     544K     544K    2624K       0K       0K       0K       22 
Stack Guard                       56.0M       0K       0K       0K       0K       0K       0K        1 
VM_ALLOCATE                        336K       0K       0K       0K       0K       0K       0K       21 
VM_ALLOCATE (reserved)            2560K       0K       0K       0K       0K       0K       0K       20         reserved VM address space (unallocated)
__AUTH                            1322K     579K      288      144       0K       0K       0K      149 
__AUTH_CONST                      17.7M    9332K       0K       0K       0K       0K       0K      341 
__CTF                               824      824       0K       0K       0K       0K       0K        1 
__DATA                            4421K    2131K      91K      96K       0K       0K       0K      303 
__DATA_CONST                      16.9M    10.9M     352K     112K       0K       0K       0K      343 
__DATA_DIRTY                      1320K     602K     186K     181K       0K       0K       0K      284 
__FONT_DATA                        2352     2352       0K       0K       0K       0K       0K        1 
__LINKEDIT                       586.0M    24.6M       0K       0K       0K       0K       0K        5 
__OBJC_RO                         79.1M    49.6M       0K       0K       0K       0K       0K        1 
__OBJC_RW                         2598K    1030K      38K       0K       0K       0K       0K        1 
__TEXT                           305.9M   152.6M       0K       0K       0K       0K       0K      352 
__TPRO_CONST                       128K      32K      32K      16K       0K       0K       0K        2 
mapped file                         80K      80K       0K       0K       0K       0K       0K        1 
page table in kernel              8396K    8396K    8396K       0K       0K       0K       0K        1 
shared memory                     12.0G     1.6G   820.9M    69.9M       0K       0K       0K       99 
unused but dirty shlib __DATA      143K      68K      68K      75K       0K       0K       0K       51 
===========                     ======= ========    =====  ======= ========   ======    =====  ======= 
TOTAL                             13.3G     1.9G   882.2M    77.4M       0K      16K       0K     2058 
TOTAL, minus reserved VM space    13.3G     1.9G   882.2M    77.4M       0K      16K       0K     2058 

                                 VIRTUAL   RESIDENT      DIRTY    SWAPPED ALLOCATION      BYTES DIRTY+SWAP          REGION
MALLOC ZONE                         SIZE       SIZE       SIZE       SIZE      COUNT  ALLOCATED  FRAG SIZE  % FRAG   COUNT
===========                      =======  =========  =========  =========  =========  =========  =========  ======  ======
DefaultMallocZone_0x106ecc000      66.7M      29.9M      29.9M      4528K       1585      30.4M      4035K     12%      16

=== cycle 2 ts_ms=1786396124412 pid=27232
Process:         limina-vmm [27232]
Path:            /Users/USER/*/limina-vmm
Load Address:    0x1049d4000
Identifier:      limina-vmm
Version:         0
Code Type:       ARM64
Platform:        macOS
Parent Process:  limina [27227]
Target Type:     live task

Date/Time:       2026-08-10 18:08:43.425 -0300
Launch Time:     2026-08-10 17:45:02.097 -0300
OS Version:      macOS 26.5.2 (25F84)
Report Version:  7
Analysis Tool:   /usr/bin/vmmap

Physical footprint:         4.1G
Physical footprint (peak):  5.5G
Idle exit:                  untracked
----

ReadOnly portion of Libraries: Total=891.9M resident=176.5M(20%) swapped_out_or_unallocated=715.5M(80%)
Writable regions: Total=12.2G written=67.7M(1%) resident=1.8G(14%) swapped_out=62.6M(1%) unallocated=10.4G(85%)

                                VIRTUAL RESIDENT    DIRTY  SWAPPED VOLATILE   NONVOL    EMPTY   REGION 
REGION TYPE                        SIZE     SIZE     SIZE     SIZE     SIZE     SIZE     SIZE    COUNT (non-coalesced) 
===========                     ======= ========    =====  ======= ========   ======    =====  ======= 
Activity Tracing                   256K      16K      16K       0K       0K      16K       0K        1 
Kernel Alloc Once                   32K      16K      16K       0K       0K       0K       0K        1 
MALLOC guard page                 3120K       0K       0K       0K       0K       0K       0K        4 
MALLOC metadata                    784K     400K     400K      96K       0K       0K       0K        4 
MALLOC_LARGE                      29.9M    26.1M    26.1M    3968K       0K       0K       0K        3         see MALLOC ZONE table below
MALLOC_LARGE (empty)              21.7M    21.7M    21.7M       0K       0K       0K       0K        5         see MALLOC ZONE table below
MALLOC_NANO metadata                64K      48K      48K       0K       0K       0K       0K        2         see MALLOC ZONE table below
MALLOC_SMALL                      20.0M    3376K    3376K     448K       0K       0K       0K        5         see MALLOC ZONE table below
MALLOC_SMALL (empty)              12.0M      32K      32K      16K       0K       0K       0K        3         see MALLOC ZONE table below
MALLOC_TINY                       4096K     144K     144K       0K       0K       0K       0K        1         see MALLOC ZONE table below
Memory Tag 22                     64.0M      16K      16K       0K       0K       0K       0K        1 
Memory Tag 28                      128K     128K     128K       0K       0K       0K       0K        8 
STACK GUARD                        336K       0K       0K       0K       0K       0K       0K       21 
Stack                             47.6M     544K     544K    2624K       0K       0K       0K       22 
Stack Guard                       56.0M       0K       0K       0K       0K       0K       0K        1 
VM_ALLOCATE                        336K       0K       0K       0K       0K       0K       0K       21 
VM_ALLOCATE (reserved)            2560K       0K       0K       0K       0K       0K       0K       20         reserved VM address space (unallocated)
__AUTH                            1322K     625K      288      144       0K       0K       0K      149 
__AUTH_CONST                      17.7M    9248K       0K       0K       0K       0K       0K      341 
__CTF                               824      824       0K       0K       0K       0K       0K        1 
__DATA                            4421K    2145K      91K      96K       0K       0K       0K      303 
__DATA_CONST                      16.9M    10.9M     352K     112K       0K       0K       0K      343 
__DATA_DIRTY                      1320K     665K     186K     181K       0K       0K       0K      284 
__FONT_DATA                        2352     2352       0K       0K       0K       0K       0K        1 
__LINKEDIT                       586.0M    23.6M       0K       0K       0K       0K       0K        5 
__OBJC_RO                         79.1M    49.2M       0K       0K       0K       0K       0K        1 
__OBJC_RW                         2598K    1494K      38K       0K       0K       0K       0K        1 
__TEXT                           305.9M   152.9M       0K       0K       0K       0K       0K      352 
__TPRO_CONST                       128K      32K      32K      16K       0K       0K       0K        2 
mapped file                         80K      80K       0K       0K       0K       0K       0K        1 
page table in kernel              8717K    8717K    8717K       0K       0K       0K       0K        1 
shared memory                     12.0G     1.7G   684.1M    55.7M       0K       0K       0K       99 
unused but dirty shlib __DATA      143K      68K      68K      75K       0K       0K       0K       51 
===========                     ======= ========    =====  ======= ========   ======    =====  ======= 
TOTAL                             13.3G     2.0G   745.7M    63.1M       0K      16K       0K     2058 
TOTAL, minus reserved VM space    13.3G     2.0G   745.7M    63.1M       0K      16K       0K     2058 

                                 VIRTUAL   RESIDENT      DIRTY    SWAPPED ALLOCATION      BYTES DIRTY+SWAP          REGION
MALLOC ZONE                         SIZE       SIZE       SIZE       SIZE      COUNT  ALLOCATED  FRAG SIZE  % FRAG   COUNT
===========                      =======  =========  =========  =========  =========  =========  =========  ======  ======
DefaultMallocZone_0x106ecc000      66.7M      29.9M      29.9M      4528K       1585      30.4M      4035K     12%      16

=== cycle 3 ts_ms=1786396727237 pid=27232
Process:         limina-vmm [27232]
Path:            /Users/USER/*/limina-vmm
Load Address:    0x1049d4000
Identifier:      limina-vmm
Version:         0
Code Type:       ARM64
Platform:        macOS
Parent Process:  limina [27227]
Target Type:     live task

Date/Time:       2026-08-10 18:18:46.233 -0300
Launch Time:     2026-08-10 17:45:02.097 -0300
OS Version:      macOS 26.5.2 (25F84)
Report Version:  7
Analysis Tool:   /usr/bin/vmmap

Physical footprint:         4.3G
Physical footprint (peak):  5.5G
Idle exit:                  untracked
----

ReadOnly portion of Libraries: Total=891.9M resident=180.6M(20%) swapped_out_or_unallocated=711.3M(80%)
Writable regions: Total=12.2G written=68.0M(1%) resident=2.0G(16%) swapped_out=67.3M(1%) unallocated=10.2G(83%)

                                VIRTUAL RESIDENT    DIRTY  SWAPPED VOLATILE   NONVOL    EMPTY   REGION 
REGION TYPE                        SIZE     SIZE     SIZE     SIZE     SIZE     SIZE     SIZE    COUNT (non-coalesced) 
===========                     ======= ========    =====  ======= ========   ======    =====  ======= 
Activity Tracing                   256K      16K      16K       0K       0K      16K       0K        1 
Kernel Alloc Once                   32K       0K       0K      16K       0K       0K       0K        1 
MALLOC guard page                 3120K       0K       0K       0K       0K       0K       0K        4 
MALLOC metadata                    784K     400K     400K      96K       0K       0K       0K        4 
MALLOC_LARGE                      29.9M    26.1M    26.1M    3968K       0K       0K       0K        3         see MALLOC ZONE table below
MALLOC_LARGE (empty)              21.7M    21.7M    21.7M       0K       0K       0K       0K        5         see MALLOC ZONE table below
MALLOC_NANO metadata                64K      48K      48K       0K       0K       0K       0K        2         see MALLOC ZONE table below
MALLOC_SMALL                      20.0M    3376K    3376K     448K       0K       0K       0K        5         see MALLOC ZONE table below
MALLOC_SMALL (empty)              12.0M      32K      32K      16K       0K       0K       0K        3         see MALLOC ZONE table below
MALLOC_TINY                       4096K     128K     128K      16K       0K       0K       0K        1         see MALLOC ZONE table below
Memory Tag 22                     64.0M      16K      16K       0K       0K       0K       0K        1 
Memory Tag 28                      128K     128K     128K       0K       0K       0K       0K        8 
STACK GUARD                        336K       0K       0K       0K       0K       0K       0K       21 
Stack                             47.6M     528K     528K    2640K       0K       0K       0K       22 
Stack Guard                       56.0M       0K       0K       0K       0K       0K       0K        1 
VM_ALLOCATE                        336K       0K       0K       0K       0K       0K       0K       21 
VM_ALLOCATE (reserved)            2560K       0K       0K       0K       0K       0K       0K       20         reserved VM address space (unallocated)
__AUTH                            1322K     625K      288      144       0K       0K       0K      149 
__AUTH_CONST                      17.7M    9312K       0K       0K       0K       0K       0K      341 
__CTF                               824      824       0K       0K       0K       0K       0K        1 
__DATA                            4421K    2224K      75K     112K       0K       0K       0K      303 
__DATA_CONST                      16.9M    10.8M     224K     240K       0K       0K       0K      343 
__DATA_DIRTY                      1320K     601K     122K     245K       0K       0K       0K      284 
__FONT_DATA                        2352     2352       0K       0K       0K       0K       0K        1 
__LINKEDIT                       586.0M    24.3M       0K       0K       0K       0K       0K        5 
__OBJC_RO                         79.1M    49.3M       0K       0K       0K       0K       0K        1 
__OBJC_RW                         2598K    1462K       6K      32K       0K       0K       0K        1 
__TEXT                           305.9M   156.3M       0K       0K       0K       0K       0K      352 
__TPRO_CONST                       128K      32K      32K      16K       0K       0K       0K        2 
mapped file                         80K      80K       0K       0K       0K       0K       0K        1 
page table in kernel              9021K    9021K    9021K       0K       0K       0K       0K        1 
shared memory                     12.0G     1.9G   766.8M    60.3M       0K       0K       0K       99 
unused but dirty shlib __DATA      143K      68K      68K      75K       0K       0K       0K       51 
===========                     ======= ========    =====  ======= ========   ======    =====  ======= 
TOTAL                             13.3G     2.2G   828.4M    68.0M       0K      16K       0K     2058 
TOTAL, minus reserved VM space    13.3G     2.2G   828.4M    68.0M       0K      16K       0K     2058 

                                 VIRTUAL   RESIDENT      DIRTY    SWAPPED ALLOCATION      BYTES DIRTY+SWAP          REGION
MALLOC ZONE                         SIZE       SIZE       SIZE       SIZE      COUNT  ALLOCATED  FRAG SIZE  % FRAG   COUNT
===========                      =======  =========  =========  =========  =========  =========  =========  ======  ======
DefaultMallocZone_0x106ecc000      66.7M      29.9M      29.9M      4544K       1585      30.4M      4035K     12%      16

=== cycle 4 ts_ms=1786397330046 pid=27232
Process:         limina-vmm [27232]
Path:            /Users/USER/*/limina-vmm
Load Address:    0x1049d4000
Identifier:      limina-vmm
Version:         0
Code Type:       ARM64
Platform:        macOS
Parent Process:  limina [27227]
Target Type:     live task

Date/Time:       2026-08-10 18:28:49.045 -0300
Launch Time:     2026-08-10 17:45:02.097 -0300
OS Version:      macOS 26.5.2 (25F84)
Report Version:  7
Analysis Tool:   /usr/bin/vmmap

Physical footprint:         4.5G
Physical footprint (peak):  5.5G
Idle exit:                  untracked
----

ReadOnly portion of Libraries: Total=891.9M resident=179.2M(20%) swapped_out_or_unallocated=712.7M(80%)
Writable regions: Total=12.2G written=68.3M(1%) resident=1.6G(13%) swapped_out=109.1M(1%) unallocated=10.5G(86%)

                                VIRTUAL RESIDENT    DIRTY  SWAPPED VOLATILE   NONVOL    EMPTY   REGION 
REGION TYPE                        SIZE     SIZE     SIZE     SIZE     SIZE     SIZE     SIZE    COUNT (non-coalesced) 
===========                     ======= ========    =====  ======= ========   ======    =====  ======= 
Activity Tracing                   256K      16K      16K       0K       0K      16K       0K        1 
Kernel Alloc Once                   32K       0K       0K      16K       0K       0K       0K        1 
MALLOC guard page                 3120K       0K       0K       0K       0K       0K       0K        4 
MALLOC metadata                    784K     400K     400K      96K       0K       0K       0K        4 
MALLOC_LARGE                      29.9M    26.1M    26.1M    3968K       0K       0K       0K        3         see MALLOC ZONE table below
MALLOC_LARGE (empty)              21.7M    21.7M    21.7M       0K       0K       0K       0K        5         see MALLOC ZONE table below
MALLOC_NANO metadata                64K      48K      48K       0K       0K       0K       0K        2         see MALLOC ZONE table below
MALLOC_SMALL                      20.0M    3376K    3376K     448K       0K       0K       0K        5         see MALLOC ZONE table below
MALLOC_SMALL (empty)              12.0M      32K      32K      16K       0K       0K       0K        3         see MALLOC ZONE table below
MALLOC_TINY                       4096K     128K     128K      16K       0K       0K       0K        1         see MALLOC ZONE table below
Memory Tag 22                     64.0M      16K      16K       0K       0K       0K       0K        1 
Memory Tag 28                      128K     128K     128K       0K       0K       0K       0K        8 
STACK GUARD                        336K       0K       0K       0K       0K       0K       0K       21 
Stack                             47.6M     528K     528K    2640K       0K       0K       0K       22 
Stack Guard                       56.0M       0K       0K       0K       0K       0K       0K        1 
VM_ALLOCATE                        336K       0K       0K       0K       0K       0K       0K       21 
VM_ALLOCATE (reserved)            2560K       0K       0K       0K       0K       0K       0K       20         reserved VM address space (unallocated)
__AUTH                            1322K     640K      288      144       0K       0K       0K      149 
__AUTH_CONST                      17.7M    9224K       0K       0K       0K       0K       0K      341 
__CTF                               824      824       0K       0K       0K       0K       0K        1 
__DATA                            4421K    2166K      75K     112K       0K       0K       0K      303 
__DATA_CONST                      16.9M    10.3M     224K     240K       0K       0K       0K      343 
__DATA_DIRTY                      1320K     586K     122K     245K       0K       0K       0K      284 
__FONT_DATA                        2352     2352       0K       0K       0K       0K       0K        1 
__LINKEDIT                       586.0M    20.3M       0K       0K       0K       0K       0K        5 
__OBJC_RO                         79.1M    53.2M       0K       0K       0K       0K       0K        1 
__OBJC_RW                         2598K    1478K       6K      32K       0K       0K       0K        1 
__TEXT                           305.9M   158.9M       0K       0K       0K       0K       0K      352 
__TPRO_CONST                       128K      32K      32K      16K       0K       0K       0K        2 
mapped file                         80K      80K       0K       0K       0K       0K       0K        1 
page table in kernel              9310K    9310K    9310K       0K       0K       0K       0K        1 
shared memory                     12.0G     1.5G   861.8M   102.1M       0K       0K       0K       99 
unused but dirty shlib __DATA      143K      68K      68K      75K       0K       0K       0K       51 
===========                     ======= ========    =====  ======= ========   ======    =====  ======= 
TOTAL                             13.3G     1.8G   923.7M   109.8M       0K      16K       0K     2058 
TOTAL, minus reserved VM space    13.3G     1.8G   923.7M   109.8M       0K      16K       0K     2058 

                                 VIRTUAL   RESIDENT      DIRTY    SWAPPED ALLOCATION      BYTES DIRTY+SWAP          REGION
MALLOC ZONE                         SIZE       SIZE       SIZE       SIZE      COUNT  ALLOCATED  FRAG SIZE  % FRAG   COUNT
===========                      =======  =========  =========  =========  =========  =========  =========  ======  ======
DefaultMallocZone_0x106ecc000      66.7M      29.9M      29.9M      4544K       1585      30.4M      4035K     12%      16

