==> building limina + limina-vmm (debug)
warning: field `status_ioc` is never read
  --> third_party/libkrun/src/devices/src/usb/xhci/engine.rs:78:5
   |
68 | pub(super) struct ControlEvents {
   |                   ------------- field in this struct
...
78 |     status_ioc: bool,
   |     ^^^^^^^^^^
   |
   = note: `ControlEvents` has a derived impl for the trait `Clone`, but this is intentionally ignored during dead code analysis
   = note: `#[warn(dead_code)]` on by default

warning: `krun-devices` (lib) generated 1 warning
warning: limina-vmm@0.1.0: virglrenderer: linking OUR prefix (<repo>/third_party/virgl-prefix/lib)
    Finished `dev` profile [unoptimized + debuginfo] target(s) in 0.17s
==> codesigning the worker (hypervisor entitlement)
<repo>/target/debug/limina-vmm: replacing existing signature
signed <repo>/target/debug/limina-vmm (com.apple.security.hypervisor OK)
==> checking the worker links our virglrenderer (venus guard)
check-virgl-link: OK — target/debug/limina-vmm links our virgl-prefix virglrenderer
==> building the L1 test guest (kernel + rootfs)
    Finished `release` profile [optimized] target(s) in 0.11s
==> building the hvf-trap-probe (bare-metal PSCI probe for hvf_graceful)
==> running boot tests (LIMINA_HVF_TESTS=1)
   Compiling limina-test v0.1.0 (<repo>/crates/limina-test)
    Finished `test` profile [unoptimized + debuginfo] target(s) in 1.75s
────────────
 Nextest run ID d99ca862-4e34-462d-9ff1-50c71ffa6929 with nextest profile: default
    Starting 1 test across 1 binary (61 binaries skipped)
        SLOW [>120.000s] (───) limina-test::balloon_bench_s7 s7_out_of_puff_chase
        FAIL [ 230.343s] (1/1) limina-test::balloon_bench_s7 s7_out_of_puff_chase
  stdout ───

    running 1 test
    guest SSH forward ready: ssh -p 55652 <user>@127.0.0.1
    test s7_out_of_puff_chase has been running for over 60 seconds
    test s7_out_of_puff_chase ... FAILED

    failures:

    failures:
        s7_out_of_puff_chase

    test result: FAILED. 0 passed; 1 failed; 0 ignored; 0 measured; 0 filtered out; finished in 230.33s

  stderr ───
    S7 out-of-puff chase (no policy, enhanced tier); artifacts -> "<repo>/target/balloon-bench/s7enh-1786383821"
    [2026-08-10T17:43:42Z INFO  limina] suspend armed by default: snapshot path /var/folders/q3/m3ybcb591kldf06qbp4q4fj80000gn/T/limina-test-95983-0/disk.raw.limina-suspend.bin
    [2026-08-10T17:43:42Z INFO  limina::gateway] death-pact watcher up (pid 96029) tying gvproxy 96028 to this supervisor
    [2026-08-10T17:43:42Z INFO  limina::gateway] gvproxy gateway up (pid 96028, socket "/var/folders/q3/m3ybcb591kldf06qbp4q4fj80000gn/T/limina-gvproxy-96017.sock", ssh-port 55652)
    [2026-08-10T17:43:42Z INFO  limina::supervisor] VM worker started (pid 96030); Ctrl-C to power off
    [2026-08-10T17:43:44.436686Z INFO  limina_vmm::krun] battery: mirroring the host battery into the guest
    [2026-08-10T17:43:44.437179Z INFO  limina_vmm::krun] USB: cold-plugging the FIDO authenticator gadget ("/var/folders/q3/m3ybcb591kldf06qbp4q4fj80000gn/T/limina-fido-usb-96017.sock")
    [2026-08-10T17:43:44.437364Z INFO  limina_vmm::krun] USB: cold-plugging the fingerprint reader gadget ("/var/folders/q3/m3ybcb591kldf06qbp4q4fj80000gn/T/limina-moc-usb-96017.sock")
    [2026-08-10T17:43:44.437474Z INFO  limina_vmm::krun] building microVM: 4 vcpu(s), 10240 MiB, 1 disk(s), 0 share(s), display=false, boot=EFI firmware
    [2026-08-10T17:43:44.441245Z INFO  limina_vmm::krun] balloon: control socket listening on "/var/folders/q3/m3ybcb591kldf06qbp4q4fj80000gn/T/limina-test-95983-0/balloon.sock"
    [2026-08-10T17:43:44.441315Z INFO  limina_vmm::krun] microVM running; entering event loop (SIGTERM/SIGINT → guest power-off)
    [2026-08-10T17:43:44.441461Z INFO  limina_vmm::power] host sleep: registered (guest will s2idle around host sleep)
    [2026-08-10T17:43:44Z INFO  limina::fido::usb] fido-usb: connected to the worker gadget at "/var/folders/q3/m3ybcb591kldf06qbp4q4fj80000gn/T/limina-fido-usb-96017.sock"
    [2026-08-10T17:43:44.588502Z INFO  limina_vmm::fido_usb] fido-usb: supervisor connected
    [2026-08-10T17:43:44Z INFO  limina::moc::usb] moc: connected to the worker gadget at "/var/folders/q3/m3ybcb591kldf06qbp4q4fj80000gn/T/limina-moc-usb-96017.sock"
    [2026-08-10T17:43:44.599933Z INFO  limina_vmm::moc_usb] moc-usb: supervisor connected
    [2026-08-10T17:43:56.620282Z ERROR krun_devices::virtio::vsock::muxer] unexpected dgram pkt: 3
    [2026-08-10T17:43:56Z INFO  limina::control] control: guest agent connected: limina-agent/0.1.0 caps=["heartbeat", "shutdown", "mempressure"] pagesize=16384
    phase A: filling the page cache (8192 MiB file on disk)
      H1 shape: MemTotal:10280960 MemFree:889104 MemAvailable:8673104 Cached:8790992
    phase B: 2 GiB target into the cache-full guest (60 s observation)
    [2026-08-10T17:44:13.379280Z INFO  limina_vmm::krun] balloon: target 2147483648 bytes (524288 pages)
    [2026-08-10T17:44:51.192967Z ERROR krun_devices::virtio::vsock::muxer] unexpected dgram pkt: 3
      phase B: actual=2048 MiB after 60 s (~33 MiB/s vs S1's ~1840), puff lines=0
      pinning 3072 MiB of mlocked ballast (the synthetic desktop working set)
    phase C: chasing from 4608 MiB (step 256 MiB, cap 4608 MiB), 90 s hold
    [2026-08-10T17:45:18.844495Z INFO  limina_vmm::krun] balloon: target 4831838208 bytes (1179648 pages)
    [2026-08-10T17:45:51.342349Z ERROR krun_devices::virtio::vsock::muxer] unexpected dgram pkt: 3
    [2026-08-10T17:46:51.538761Z ERROR krun_devices::virtio::vsock::muxer] unexpected dgram pkt: 3
      phase C: plateau actual=4608 MiB (final target 4608 MiB), puff lines=0 in 90 s
    phase D: target = actual (4608 MiB), 30 s silence check
    [2026-08-10T17:46:52.596692Z INFO  limina_vmm::krun] balloon: target 4831838208 bytes (1179648 pages)
      phase D: puff lines=0 (want ≤1 ratelimit straggler)
    [2026-08-10T17:47:24.269088Z INFO  limina_vmm::krun] balloon: target 0 bytes (0 pages)
    == S7 metrics ==
    {"tier":"enhanced","guest_pagesize":16384,"guest_kernel":"7.1.6-limina16k","disk":"<repo>/Fedora-Workstation-44.enhanced.test.raw","scenario":"s7-out-of-puff","ram_mib":10240,"cache_file_mib":8192,"ballast_mib":3072,"swapoff":false,"h1_free_kib":887424,"h1_avail_kib":8668672,"slow_fill_target":2147483648,"slow_fill_actual_60s":2147483648,"slow_fill_mib_s":32.9,"puff_lines_b":0,"chase_final_target":4831838208,"plateau_actual":4831838208,"puff_lines_c_90s":0,"puff_lines_d_30s":0,"kswapd_cpu_ticks_delta":18,"guest_samples":801}

    thread 's7_out_of_puff_chase' panicked at crates/limina-test/tests/balloon_bench_s7.rs:406:5:
    phase C held an unfillable target for 90 s with ZERO 'Out of puff' journal lines — either the journal pipeline is broken (grep/sudo/journalctl) or the driver model in docs/design/balloon-bench.md §2 is wrong; both need investigating before any journal-based conclusion is trusted
    note: run with `RUST_BACKTRACE=1` environment variable to display a backtrace
    [2026-08-10T17:47:30Z INFO  limina::control] control: SHUTDOWN sent to limina-agent/0.1.0
    [2026-08-10T17:47:30Z INFO  limina::supervisor] shutdown requested → asking the guest agent to power off
    [2026-08-10T17:47:30Z INFO  limina::control] control: agent acknowledged shutdown
    [2026-08-10T17:47:30Z INFO  limina::control] control: guest agent disconnected: limina-agent/0.1.0
    [2026-08-10T17:47:31.227477Z INFO  krun_vmm::macos::vstate] vCPU 0 received shutdown signal
    [2026-08-10T17:47:31.227601Z INFO  krun_vmm] Vmm is stopping.
    [2026-08-10T17:47:31Z INFO  limina::fido::usb] fido-usb: worker gadget connection ended; retrying
    [2026-08-10T17:47:31Z INFO  limina::moc::usb] moc: worker gadget connection ended; retrying
    [2026-08-10T17:47:31Z INFO  limina::supervisor] VM powered off cleanly (worker exit 0)

────────────
     Summary [ 230.344s] 1 test run: 0 passed, 1 failed, 0 skipped
        FAIL [ 230.343s] (1/1) limina-test::balloon_bench_s7 s7_out_of_puff_chase
error: test run failed
