######## b0-9c5b3e2 19:57:42
[19:57:43] build trend b0-9c5b3e2: virglrs 9c5b3e2 + libkrun f393db7f; host mesa f3a220f279c; limina 84b008ce
[19:58:27] enhanced boot
SETTLED up=201s load=0.27
final: up=201s load=0.27 0.33 0.15
7.1.8-limina16k.4
mesa-dri-drivers-26.1.8-11.limina.fc44.aarch64
[20:03:15] aquarium r1 exit=0 
[20:04:35] aquarium r2 exit=0 
[20:06:25] perf-ledger run 1 exit=0 
gl-replay-venus,46.5956
gl-replay-llvmpipe,722.581
vk-replay-venus-headless,1802.146807
glmark2-wayland-venus,2500
[20:08:15] perf-ledger run 2 exit=0 
gl-replay-venus,46.3006
gl-replay-llvmpipe,739.613
vk-replay-venus-headless,1919.571545
glmark2-wayland-venus,2511
[20:10:05] perf-ledger run 3 exit=0 
gl-replay-venus,46.3979
gl-replay-llvmpipe,737.539
vk-replay-venus-headless,1913.509376
glmark2-wayland-venus,2495
[20:12:16] vkmark run 1: 2375 
[20:14:26] vkmark run 2: 2373 
[20:16:37] vkmark run 3: 2384 
Running as unit: ff-bench.service; invocation ID: 808f2c8ecd484b5997e0018568aff398
[20:19:27] vkmark under aquarium-25k run 1: 978 
[20:21:38] vkmark under aquarium-25k run 2: 973 
[20:21:48] worker-enh: 0 poisoned-context lines
[20:21:48] stock boot
SETTLED up=206s load=0.23
final: up=206s load=0.23 0.27 0.11
6.19.10-300.fc44.aarch64
mesa-dri-drivers-26.1.8-1.fc44.aarch64
[20:43:16] basemark exit=0
1790205920.164238798 console.log: "BASEMARK_PROBE renderer=virgl (zink Vulkan 1.4(Apple M1 Max (MESA_KOSMICKRISP))) version=WebGL 1.0"
probe: BASEMARK_PROBE renderer=virgl (zink Vulkan 1.4(Apple M1 Max (MESA_KOSMICKRISP))) version=WebGL 1.0"
REFUSING to report: run 2 yielded no scores either
[20:43:25] worker-stock: 0 poisoned-context lines
[20:43:25] point b0-9c5b3e2 done; read perf/async-decode-2026-09-23/evidence/b0-9c5b3e2/aquarium-r*/*-fps.png
######## n0-d57be22 20:43:25
[20:43:26] build trend n0-d57be22: virglrs d57be22 + libkrun 32cc3776; host mesa f3a220f279c; limina 84b008ce
[20:44:15] enhanced boot
SETTLED up=216s load=0.24
final: up=216s load=0.24 0.23 0.10
7.1.8-limina16k.4
mesa-dri-drivers-26.1.8-11.limina.fc44.aarch64
[20:49:24] aquarium r1 exit=0 
[20:50:44] aquarium r2 exit=0 
[20:52:37] perf-ledger run 1 exit=0 
gl-replay-venus,45.4546
gl-replay-llvmpipe,719.247
vk-replay-venus-headless,1795.923260
glmark2-wayland-venus,2501
[20:54:27] perf-ledger run 2 exit=0 
gl-replay-venus,46.2932
gl-replay-llvmpipe,726.493
vk-replay-venus-headless,1808.002893
glmark2-wayland-venus,2528
[20:56:18] perf-ledger run 3 exit=0 
gl-replay-venus,45.9192
gl-replay-llvmpipe,729.588
vk-replay-venus-headless,1863.916969
glmark2-wayland-venus,2509
[20:58:29] vkmark run 1: 2194 
[21:00:39] vkmark run 2: 2092 
[21:02:50] vkmark run 3: 2221 
Running as unit: ff-bench.service; invocation ID: 3beda9cb199e4385b3885bd503350cb7
[21:05:46] vkmark under aquarium-25k run 1: 976 
[21:07:56] vkmark under aquarium-25k run 2: 1017 
[21:08:07] worker-enh: 0 poisoned-context lines
[21:08:07] stock boot
SETTLED up=206s load=0.28
final: up=206s load=0.28 0.25 0.11
6.19.10-300.fc44.aarch64
mesa-dri-drivers-26.1.8-1.fc44.aarch64
[21:17:14] basemark exit=0
1790208699.341916722 console.log: "BASEMARK_PROBE renderer=virgl (zink Vulkan 1.4(Apple M1 Max (MESA_KOSMICKRISP))) version=WebGL 1.0"
probe: BASEMARK_PROBE renderer=virgl (zink Vulkan 1.4(Apple M1 Max (MESA_KOSMICKRISP))) version=WebGL 1.0"
[21:17:14] basemark WebGL 1.0.2 Test 3345.96 
[21:17:14] basemark WebGL 2.0 Test 4378.36 
[21:17:14] basemark Shader Pipeline Test 1242.65 
[21:17:14] basemark Draw-call Stress Test 81.09 
[21:17:14] basemark Geometry Stress Test 1743.08 
[21:17:14] basemark Canvas Test 1169.04 
[21:17:14] basemark SVG Test 984.89 
[21:17:24] worker-stock: 0 poisoned-context lines
[21:17:24] point n0-d57be22 done; read perf/async-decode-2026-09-23/evidence/n0-d57be22/aquarium-r*/*-fps.png
######## b1-9c5b3e2 21:17:24
[21:17:25] build trend b1-9c5b3e2: virglrs 9c5b3e2 + libkrun f393db7f; host mesa f3a220f279c; limina 84b008ce
[21:18:21] enhanced boot
SETTLED up=202s load=0.21
final: up=202s load=0.21 0.30 0.13
7.1.8-limina16k.4
mesa-dri-drivers-26.1.8-11.limina.fc44.aarch64
[21:23:16] aquarium r1 exit=0 
[21:24:36] aquarium r2 exit=0 
[21:26:28] perf-ledger run 1 exit=0 
gl-replay-venus,45.996
gl-replay-llvmpipe,720.789
vk-replay-venus-headless,1799.799322
glmark2-wayland-venus,2490
[21:28:19] perf-ledger run 2 exit=0 
gl-replay-venus,45.8102
gl-replay-llvmpipe,733.357
vk-replay-venus-headless,1886.747224
glmark2-wayland-venus,2491
[21:30:11] perf-ledger run 3 exit=0 
gl-replay-venus,45.5152
gl-replay-llvmpipe,735.345
vk-replay-venus-headless,1823.623677
glmark2-wayland-venus,2525
[21:32:21] vkmark run 1: 2188 
[21:34:32] vkmark run 2: 2238 
[21:36:42] vkmark run 3: 2185 
Running as unit: ff-bench.service; invocation ID: 03260909701447babadfb08c09fa8193
[21:39:33] vkmark under aquarium-25k run 1: 926 
[21:41:43] vkmark under aquarium-25k run 2: 985 
[21:41:53] worker-enh: 0 poisoned-context lines
[21:41:54] stock boot
SETTLED up=236s load=0.29
final: up=236s load=0.29 0.31 0.14
6.19.10-300.fc44.aarch64
mesa-dri-drivers-26.1.8-1.fc44.aarch64
[21:50:09] basemark exit=0
1790210757.484423953 console.log: "BASEMARK_PROBE renderer=virgl (zink Vulkan 1.4(Apple M1 Max (MESA_KOSMICKRISP))) version=WebGL 1.0"
probe: BASEMARK_PROBE renderer=virgl (zink Vulkan 1.4(Apple M1 Max (MESA_KOSMICKRISP))) version=WebGL 1.0"
[21:50:09] basemark WebGL 1.0.2 Test 3570.23 
[21:50:09] basemark WebGL 2.0 Test 4257.03 
[21:50:09] basemark Shader Pipeline Test 1314.29 
[21:50:09] basemark Draw-call Stress Test 82.80 
[21:50:09] basemark Geometry Stress Test 1739.82 
[21:50:09] basemark Canvas Test 1173.23 
[21:50:09] basemark SVG Test 998.29 
[21:50:19] worker-stock: 0 poisoned-context lines
[21:50:19] point b1-9c5b3e2 done; read perf/async-decode-2026-09-23/evidence/b1-9c5b3e2/aquarium-r*/*-fps.png
######## n1-d57be22 21:50:19
[21:50:20] build trend n1-d57be22: virglrs d57be22 + libkrun 32cc3776; host mesa f3a220f279c; limina 84b008ce
[21:51:10] enhanced boot
SETTLED up=202s load=0.17
final: up=202s load=0.17 0.14 0.06
7.1.8-limina16k.4
mesa-dri-drivers-26.1.8-11.limina.fc44.aarch64
[21:55:58] aquarium r1 exit=0 
[21:57:27] aquarium r2 exit=0 
[21:59:18] perf-ledger run 1 exit=0 
gl-replay-venus,46.0662
gl-replay-llvmpipe,667.049
vk-replay-venus-headless,1769.931726
glmark2-wayland-venus,2477
[22:01:11] perf-ledger run 2 exit=0 
gl-replay-venus,45.5329
gl-replay-llvmpipe,684.108
vk-replay-venus-headless,1830.158274
glmark2-wayland-venus,2471
[22:03:00] perf-ledger run 3 exit=0 
gl-replay-venus,46.5238
gl-replay-llvmpipe,724.139
vk-replay-venus-headless,1732.608670
glmark2-wayland-venus,2490
[22:05:11] vkmark run 1: 2228 
[22:07:21] vkmark run 2: 2232 
[22:09:32] vkmark run 3: 2163 
Running as unit: ff-bench.service; invocation ID: 033c0f70f86d4b769ac5d2c9920554e1
[22:12:23] vkmark under aquarium-25k run 1: 786 
[22:14:34] vkmark under aquarium-25k run 2: 995 
[22:14:45] worker-enh: 0 poisoned-context lines
[22:14:45] stock boot
SETTLED up=206s load=0.25
final: up=206s load=0.25 0.25 0.11
6.19.10-300.fc44.aarch64
mesa-dri-drivers-26.1.8-1.fc44.aarch64
[22:22:26] basemark exit=0
1790212697.479014271 console.log: "BASEMARK_PROBE renderer=virgl (zink Vulkan 1.4(Apple M1 Max (MESA_KOSMICKRISP))) version=WebGL 1.0"
probe: BASEMARK_PROBE renderer=virgl (zink Vulkan 1.4(Apple M1 Max (MESA_KOSMICKRISP))) version=WebGL 1.0"
[22:22:26] basemark WebGL 1.0.2 Test 3144.47 
[22:22:26] basemark WebGL 2.0 Test 4501.06 
[22:22:26] basemark Shader Pipeline Test 1311.00 
[22:22:26] basemark Draw-call Stress Test 168.79 
[22:22:26] basemark Geometry Stress Test 1733.19 
[22:22:27] basemark Canvas Test 1169.20 
[22:22:27] basemark SVG Test 983.94 
[22:22:36] worker-stock: 0 poisoned-context lines
[22:22:36] point n1-d57be22 done; read perf/async-decode-2026-09-23/evidence/n1-d57be22/aquarium-r*/*-fps.png
######## b2-9c5b3e2 22:22:36
[22:22:37] build trend b2-9c5b3e2: virglrs 9c5b3e2 + libkrun f393db7f; host mesa f3a220f279c; limina 84b008ce
[22:23:40] enhanced boot
SETTLED up=202s load=0.16
final: up=202s load=0.16 0.18 0.08
7.1.8-limina16k.4
mesa-dri-drivers-26.1.8-11.limina.fc44.aarch64
[22:28:28] aquarium r1 exit=0 
[22:29:48] aquarium r2 exit=0 
[22:31:41] perf-ledger run 1 exit=0 
gl-replay-venus,45.203
gl-replay-llvmpipe,719.075
vk-replay-venus-headless,1887.268721
glmark2-wayland-venus,2509
[22:33:39] perf-ledger run 2 exit=0 
gl-replay-venus,45.881
gl-replay-llvmpipe,370.178
vk-replay-venus-headless,1767.955801
glmark2-wayland-venus,2435
[22:35:32] perf-ledger run 3 exit=0 
gl-replay-venus,46.4884
gl-replay-llvmpipe,468.022
vk-replay-venus-headless,1758.782922
glmark2-wayland-venus,2466
[22:37:43] vkmark run 1: 1816 
[22:39:53] vkmark run 2: 2053 
[22:42:04] vkmark run 3: 1955 
Running as unit: ff-bench.service; invocation ID: 0c66e5de2ec446bf8c3515953ba22fd3
[22:44:57] vkmark under aquarium-25k run 1: 645 
[22:47:10] vkmark under aquarium-25k run 2: 619 
[22:47:21] worker-enh: 0 poisoned-context lines
[22:47:21] stock boot
SETTLED up=220s load=0.25
final: up=220s load=0.25 0.23 0.10
6.19.10-300.fc44.aarch64
mesa-dri-drivers-26.1.8-1.fc44.aarch64
[22:54:47] basemark exit=0
1790214667.834883154 console.log: "BASEMARK_PROBE renderer=virgl (zink Vulkan 1.4(Apple M1 Max (MESA_KOSMICKRISP))) version=WebGL 1.0"
probe: BASEMARK_PROBE renderer=virgl (zink Vulkan 1.4(Apple M1 Max (MESA_KOSMICKRISP))) version=WebGL 1.0"
[22:54:47] basemark WebGL 1.0.2 Test 2824.41 
[22:54:47] basemark WebGL 2.0 Test 3365.08 
[22:54:47] basemark Shader Pipeline Test 1570.06 
[22:54:47] basemark Draw-call Stress Test 80.34 
[22:54:47] basemark Geometry Stress Test 1732.13 
[22:54:47] basemark Canvas Test 1135.24 
[22:54:47] basemark SVG Test 980.97 
[22:54:57] worker-stock: 0 poisoned-context lines
[22:54:57] point b2-9c5b3e2 done; read perf/async-decode-2026-09-23/evidence/b2-9c5b3e2/aquarium-r*/*-fps.png
virglrs restored to d57be22
libkrun restored to 32cc3776
######## legs done 22:54:57
