=== cycle 0 ts_ms=1786392490384 pid=20372
Process:         limina-vmm [20372]
Path:            /Users/USER/*/limina-vmm
Load Address:    0x104628000
Identifier:      limina-vmm
Version:         0
Code Type:       ARM64
Platform:        macOS
Parent Process:  limina [20369]
Target Type:     live task

Date/Time:       2026-08-10 17:08:09.332 -0300
Launch Time:     2026-08-10 17:00:44.027 -0300
OS Version:      macOS 26.5.2 (25F84)
Report Version:  7
Analysis Tool:   /usr/bin/vmmap

Physical footprint:         4.1G
Physical footprint (peak):  4.3G
Idle exit:                  untracked
----

ReadOnly portion of Libraries: Total=891.9M resident=198.0M(22%) swapped_out_or_unallocated=694.0M(78%)
Writable regions: Total=12.2G written=66.8M(1%) resident=1.4G(12%) swapped_out=7456K(0%) unallocated=10.8G(88%)

                                VIRTUAL RESIDENT    DIRTY  SWAPPED VOLATILE   NONVOL    EMPTY   REGION 
REGION TYPE                        SIZE     SIZE     SIZE     SIZE     SIZE     SIZE     SIZE    COUNT (non-coalesced) 
===========                     ======= ========    =====  ======= ========   ======    =====  ======= 
Activity Tracing                   256K      16K      16K       0K       0K      16K       0K        1 
Kernel Alloc Once                   32K      16K      16K       0K       0K       0K       0K        1 
MALLOC guard page                 3520K       0K       0K       0K       0K       0K       0K        4 
MALLOC metadata                    784K     416K     416K      80K       0K       0K       0K        4 
MALLOC_LARGE                      29.9M    26.0M    26.0M    3984K       0K       0K       0K        3         see MALLOC ZONE table below
MALLOC_LARGE (empty)              21.7M    21.7M    21.7M       0K       0K       0K       0K        5         see MALLOC ZONE table below
MALLOC_NANO metadata                64K      48K      48K       0K       0K       0K       0K        2         see MALLOC ZONE table below
MALLOC_SMALL                      24.0M    3664K    3664K     112K       0K       0K       0K        6         see MALLOC ZONE table below
MALLOC_SMALL (empty)              8192K      32K      32K       0K       0K       0K       0K        2         see MALLOC ZONE table below
MALLOC_TINY                       4096K     144K     144K       0K       0K       0K       0K        1         see MALLOC ZONE table below
Memory Tag 22                     64.0M      16K      16K       0K       0K       0K       0K        1 
Memory Tag 28                      128K     128K     128K       0K       0K       0K       0K        8 
STACK GUARD                        320K       0K       0K       0K       0K       0K       0K       20 
Stack                             47.1M    1568K    1568K    1584K       0K       0K       0K       21 
Stack Guard                       56.0M       0K       0K       0K       0K       0K       0K        1 
VM_ALLOCATE                        336K       0K       0K       0K       0K       0K       0K       21 
VM_ALLOCATE (reserved)            2560K       0K       0K       0K       0K       0K       0K       20         reserved VM address space (unallocated)
__AUTH                            1322K     794K      432       0K       0K       0K       0K      149 
__AUTH_CONST                      17.7M    10.5M       0K       0K       0K       0K       0K      341 
__CTF                               824      824       0K       0K       0K       0K       0K        1 
__DATA                            4421K    2411K      91K      96K       0K       0K       0K      303 
__DATA_CONST                      16.9M    11.1M     288K     176K       0K       0K       0K      343 
__DATA_DIRTY                      1320K     854K     202K     165K       0K       0K       0K      284 
__FONT_DATA                        2352     2352       0K       0K       0K       0K       0K        1 
__LINKEDIT                       586.0M    29.7M       0K       0K       0K       0K       0K        5 
__OBJC_RO                         79.1M    62.3M       0K       0K       0K       0K       0K        1 
__OBJC_RW                         2598K    2230K      38K       0K       0K       0K       0K        1 
__TEXT                           305.9M   168.3M       0K       0K       0K       0K       0K      352 
__TPRO_CONST                       128K      48K      48K       0K       0K       0K       0K        2 
mapped file                         80K      80K       0K       0K       0K       0K       0K        1 
page table in kernel              7851K    7851K    7851K       0K       0K       0K       0K        1 
shared memory                     12.0G     1.4G     1.2G    1696K       0K       0K       0K       99 
unused but dirty shlib __DATA      143K      84K      84K      59K       0K       0K       0K       51 
===========                     ======= ========    =====  ======= ========   ======    =====  ======= 
TOTAL                             13.3G     1.7G     1.3G    7952K       0K      16K       0K     2056 
TOTAL, minus reserved VM space    13.3G     1.7G     1.3G    7952K       0K      16K       0K     2056 

                                 VIRTUAL   RESIDENT      DIRTY    SWAPPED ALLOCATION      BYTES DIRTY+SWAP          REGION
MALLOC ZONE                         SIZE       SIZE       SIZE       SIZE      COUNT  ALLOCATED  FRAG SIZE  % FRAG   COUNT
===========                      =======  =========  =========  =========  =========  =========  =========  ======  ======
DefaultMallocZone_0x106c9c000      66.7M      30.2M      30.2M      4176K       1587      30.4M      3971K     12%      16

=== cycle 1 ts_ms=1786392972409 pid=20372
Process:         limina-vmm [20372]
Path:            /Users/USER/*/limina-vmm
Load Address:    0x104628000
Identifier:      limina-vmm
Version:         0
Code Type:       ARM64
Platform:        macOS
Parent Process:  limina [20369]
Target Type:     live task

Date/Time:       2026-08-10 17:16:11.552 -0300
Launch Time:     2026-08-10 17:00:44.027 -0300
OS Version:      macOS 26.5.2 (25F84)
Report Version:  7
Analysis Tool:   /usr/bin/vmmap

Physical footprint:         4.0G
Physical footprint (peak):  4.3G
Idle exit:                  untracked
----

ReadOnly portion of Libraries: Total=891.9M resident=198.1M(22%) swapped_out_or_unallocated=693.8M(78%)
Writable regions: Total=12.2G written=66.8M(1%) resident=1.4G(12%) swapped_out=7456K(0%) unallocated=10.8G(88%)

                                VIRTUAL RESIDENT    DIRTY  SWAPPED VOLATILE   NONVOL    EMPTY   REGION 
REGION TYPE                        SIZE     SIZE     SIZE     SIZE     SIZE     SIZE     SIZE    COUNT (non-coalesced) 
===========                     ======= ========    =====  ======= ========   ======    =====  ======= 
Activity Tracing                   256K      16K      16K       0K       0K      16K       0K        1 
Kernel Alloc Once                   32K      16K      16K       0K       0K       0K       0K        1 
MALLOC guard page                 3520K       0K       0K       0K       0K       0K       0K        4 
MALLOC metadata                    784K     416K     416K      80K       0K       0K       0K        4 
MALLOC_LARGE                      29.9M    26.0M    26.0M    3984K       0K       0K       0K        3         see MALLOC ZONE table below
MALLOC_LARGE (empty)              21.7M    21.7M    21.7M       0K       0K       0K       0K        5         see MALLOC ZONE table below
MALLOC_NANO metadata                64K      48K      48K       0K       0K       0K       0K        2         see MALLOC ZONE table below
MALLOC_SMALL                      24.0M    3664K    3664K     112K       0K       0K       0K        6         see MALLOC ZONE table below
MALLOC_SMALL (empty)              8192K      32K      32K       0K       0K       0K       0K        2         see MALLOC ZONE table below
MALLOC_TINY                       4096K     144K     144K       0K       0K       0K       0K        1         see MALLOC ZONE table below
Memory Tag 22                     64.0M      16K      16K       0K       0K       0K       0K        1 
Memory Tag 28                      128K     128K     128K       0K       0K       0K       0K        8 
STACK GUARD                        320K       0K       0K       0K       0K       0K       0K       20 
Stack                             47.1M    1568K    1568K    1584K       0K       0K       0K       21 
Stack Guard                       56.0M       0K       0K       0K       0K       0K       0K        1 
VM_ALLOCATE                        336K       0K       0K       0K       0K       0K       0K       21 
VM_ALLOCATE (reserved)            2560K       0K       0K       0K       0K       0K       0K       20         reserved VM address space (unallocated)
__AUTH                            1322K     794K      432       0K       0K       0K       0K      149 
__AUTH_CONST                      17.7M    10.5M       0K       0K       0K       0K       0K      341 
__CTF                               824      824       0K       0K       0K       0K       0K        1 
__DATA                            4421K    2427K      91K      96K       0K       0K       0K      303 
__DATA_CONST                      16.9M    11.1M     288K     176K       0K       0K       0K      343 
__DATA_DIRTY                      1320K     854K     202K     165K       0K       0K       0K      284 
__FONT_DATA                        2352     2352       0K       0K       0K       0K       0K        1 
__LINKEDIT                       586.0M    29.7M       0K       0K       0K       0K       0K        5 
__OBJC_RO                         79.1M    62.3M       0K       0K       0K       0K       0K        1 
__OBJC_RW                         2598K    2230K      38K       0K       0K       0K       0K        1 
__TEXT                           305.9M   168.4M       0K       0K       0K       0K       0K      352 
__TPRO_CONST                       128K      48K      48K       0K       0K       0K       0K        2 
mapped file                         80K      80K       0K       0K       0K       0K       0K        1 
page table in kernel              7851K    7851K    7851K       0K       0K       0K       0K        1 
shared memory                     12.0G     1.4G     1.2G    1696K       0K       0K       0K       99 
unused but dirty shlib __DATA      143K      84K      84K      59K       0K       0K       0K       51 
===========                     ======= ========    =====  ======= ========   ======    =====  ======= 
TOTAL                             13.3G     1.7G     1.2G    7952K       0K      16K       0K     2056 
TOTAL, minus reserved VM space    13.3G     1.7G     1.2G    7952K       0K      16K       0K     2056 

                                 VIRTUAL   RESIDENT      DIRTY    SWAPPED ALLOCATION      BYTES DIRTY+SWAP          REGION
MALLOC ZONE                         SIZE       SIZE       SIZE       SIZE      COUNT  ALLOCATED  FRAG SIZE  % FRAG   COUNT
===========                      =======  =========  =========  =========  =========  =========  =========  ======  ======
DefaultMallocZone_0x106c9c000      66.7M      30.2M      30.2M      4176K       1587      30.4M      3971K     12%      16

=== cycle 2 ts_ms=1786393453922 pid=20372
Process:         limina-vmm [20372]
Path:            /Users/USER/*/limina-vmm
Load Address:    0x104628000
Identifier:      limina-vmm
Version:         0
Code Type:       ARM64
Platform:        macOS
Parent Process:  limina [20369]
Target Type:     live task

Date/Time:       2026-08-10 17:24:13.063 -0300
Launch Time:     2026-08-10 17:00:44.027 -0300
OS Version:      macOS 26.5.2 (25F84)
Report Version:  7
Analysis Tool:   /usr/bin/vmmap

Physical footprint:         3.9G
Physical footprint (peak):  4.3G
Idle exit:                  untracked
----

ReadOnly portion of Libraries: Total=891.9M resident=198.3M(22%) swapped_out_or_unallocated=693.6M(78%)
Writable regions: Total=12.2G written=66.9M(1%) resident=1.5G(12%) swapped_out=7456K(0%) unallocated=10.7G(88%)

                                VIRTUAL RESIDENT    DIRTY  SWAPPED VOLATILE   NONVOL    EMPTY   REGION 
REGION TYPE                        SIZE     SIZE     SIZE     SIZE     SIZE     SIZE     SIZE    COUNT (non-coalesced) 
===========                     ======= ========    =====  ======= ========   ======    =====  ======= 
Activity Tracing                   256K      16K      16K       0K       0K      16K       0K        1 
Kernel Alloc Once                   32K      16K      16K       0K       0K       0K       0K        1 
MALLOC guard page                 3520K       0K       0K       0K       0K       0K       0K        4 
MALLOC metadata                    784K     416K     416K      80K       0K       0K       0K        4 
MALLOC_LARGE                      29.9M    26.0M    26.0M    3984K       0K       0K       0K        3         see MALLOC ZONE table below
MALLOC_LARGE (empty)              21.7M    21.7M    21.7M       0K       0K       0K       0K        5         see MALLOC ZONE table below
MALLOC_NANO metadata                64K      48K      48K       0K       0K       0K       0K        2         see MALLOC ZONE table below
MALLOC_SMALL                      24.0M    3696K    3696K     112K       0K       0K       0K        6         see MALLOC ZONE table below
MALLOC_SMALL (empty)              8192K      32K      32K       0K       0K       0K       0K        2         see MALLOC ZONE table below
MALLOC_TINY                       4096K     144K     144K       0K       0K       0K       0K        1         see MALLOC ZONE table below
Memory Tag 22                     64.0M      16K      16K       0K       0K       0K       0K        1 
Memory Tag 28                      128K     128K     128K       0K       0K       0K       0K        8 
STACK GUARD                        320K       0K       0K       0K       0K       0K       0K       20 
Stack                             47.1M    1568K    1568K    1584K       0K       0K       0K       21 
Stack Guard                       56.0M       0K       0K       0K       0K       0K       0K        1 
VM_ALLOCATE                        336K       0K       0K       0K       0K       0K       0K       21 
VM_ALLOCATE (reserved)            2560K       0K       0K       0K       0K       0K       0K       20         reserved VM address space (unallocated)
__AUTH                            1322K     794K      432       0K       0K       0K       0K      149 
__AUTH_CONST                      17.7M    10.5M       0K       0K       0K       0K       0K      341 
__CTF                               824      824       0K       0K       0K       0K       0K        1 
__DATA                            4421K    2427K      91K      96K       0K       0K       0K      303 
__DATA_CONST                      16.9M    11.1M     288K     176K       0K       0K       0K      343 
__DATA_DIRTY                      1320K     854K     202K     165K       0K       0K       0K      284 
__FONT_DATA                        2352     2352       0K       0K       0K       0K       0K        1 
__LINKEDIT                       586.0M    29.7M       0K       0K       0K       0K       0K        5 
__OBJC_RO                         79.1M    62.3M       0K       0K       0K       0K       0K        1 
__OBJC_RW                         2598K    2230K      38K       0K       0K       0K       0K        1 
__TEXT                           305.9M   168.6M       0K       0K       0K       0K       0K      352 
__TPRO_CONST                       128K      48K      48K       0K       0K       0K       0K        2 
mapped file                         80K      80K       0K       0K       0K       0K       0K        1 
page table in kernel              7900K    7900K    7900K       0K       0K       0K       0K        1 
shared memory                     12.0G     1.4G     1.2G    1696K       0K       0K       0K       99 
unused but dirty shlib __DATA      143K      84K      84K      59K       0K       0K       0K       51 
===========                     ======= ========    =====  ======= ========   ======    =====  ======= 
TOTAL                             13.3G     1.7G     1.2G    7952K       0K      16K       0K     2056 
TOTAL, minus reserved VM space    13.3G     1.7G     1.2G    7952K       0K      16K       0K     2056 

                                 VIRTUAL   RESIDENT      DIRTY    SWAPPED ALLOCATION      BYTES DIRTY+SWAP          REGION
MALLOC ZONE                         SIZE       SIZE       SIZE       SIZE      COUNT  ALLOCATED  FRAG SIZE  % FRAG   COUNT
===========                      =======  =========  =========  =========  =========  =========  =========  ======  ======
DefaultMallocZone_0x106c9c000      66.7M      30.2M      30.2M      4176K       1587      30.4M      4003K     12%      16

=== cycle 3 ts_ms=1786393935452 pid=20372
Process:         limina-vmm [20372]
Path:            /Users/USER/*/limina-vmm
Load Address:    0x104628000
Identifier:      limina-vmm
Version:         0
Code Type:       ARM64
Platform:        macOS
Parent Process:  limina [20369]
Target Type:     live task

Date/Time:       2026-08-10 17:32:14.595 -0300
Launch Time:     2026-08-10 17:00:44.027 -0300
OS Version:      macOS 26.5.2 (25F84)
Report Version:  7
Analysis Tool:   /usr/bin/vmmap

Physical footprint:         3.9G
Physical footprint (peak):  4.3G
Idle exit:                  untracked
----

ReadOnly portion of Libraries: Total=891.9M resident=198.3M(22%) swapped_out_or_unallocated=693.6M(78%)
Writable regions: Total=12.2G written=67.0M(1%) resident=1.5G(13%) swapped_out=7440K(0%) unallocated=10.7G(87%)

                                VIRTUAL RESIDENT    DIRTY  SWAPPED VOLATILE   NONVOL    EMPTY   REGION 
REGION TYPE                        SIZE     SIZE     SIZE     SIZE     SIZE     SIZE     SIZE    COUNT (non-coalesced) 
===========                     ======= ========    =====  ======= ========   ======    =====  ======= 
Activity Tracing                   256K      16K      16K       0K       0K      16K       0K        1 
Kernel Alloc Once                   32K      16K      16K       0K       0K       0K       0K        1 
MALLOC guard page                 3520K       0K       0K       0K       0K       0K       0K        4 
MALLOC metadata                    784K     416K     416K      80K       0K       0K       0K        4 
MALLOC_LARGE                      29.9M    26.0M    26.0M    3984K       0K       0K       0K        3         see MALLOC ZONE table below
MALLOC_LARGE (empty)              21.7M    21.7M    21.7M       0K       0K       0K       0K        5         see MALLOC ZONE table below
MALLOC_NANO metadata                64K      48K      48K       0K       0K       0K       0K        2         see MALLOC ZONE table below
MALLOC_SMALL                      24.0M    3696K    3696K     112K       0K       0K       0K        6         see MALLOC ZONE table below
MALLOC_SMALL (empty)              8192K      32K      32K       0K       0K       0K       0K        2         see MALLOC ZONE table below
MALLOC_TINY                       4096K     144K     144K       0K       0K       0K       0K        1         see MALLOC ZONE table below
Memory Tag 22                     64.0M      16K      16K       0K       0K       0K       0K        1 
Memory Tag 28                      128K     128K     128K       0K       0K       0K       0K        8 
STACK GUARD                        320K       0K       0K       0K       0K       0K       0K       20 
Stack                             47.1M    1568K    1568K    1584K       0K       0K       0K       21 
Stack Guard                       56.0M       0K       0K       0K       0K       0K       0K        1 
VM_ALLOCATE                        336K       0K       0K       0K       0K       0K       0K       21 
VM_ALLOCATE (reserved)            2560K       0K       0K       0K       0K       0K       0K       20         reserved VM address space (unallocated)
__AUTH                            1322K     794K      432       0K       0K       0K       0K      149 
__AUTH_CONST                      17.7M    10.5M       0K       0K       0K       0K       0K      341 
__CTF                               824      824       0K       0K       0K       0K       0K        1 
__DATA                            4421K    2427K      91K      96K       0K       0K       0K      303 
__DATA_CONST                      16.9M    11.1M     288K     176K       0K       0K       0K      343 
__DATA_DIRTY                      1320K     856K     202K     165K       0K       0K       0K      284 
__FONT_DATA                        2352     2352       0K       0K       0K       0K       0K        1 
__LINKEDIT                       586.0M    29.7M       0K       0K       0K       0K       0K        5 
__OBJC_RO                         79.1M    62.3M       0K       0K       0K       0K       0K        1 
__OBJC_RW                         2598K    2230K      38K       0K       0K       0K       0K        1 
__TEXT                           305.9M   168.6M       0K       0K       0K       0K       0K      352 
__TPRO_CONST                       128K      48K      48K       0K       0K       0K       0K        2 
mapped file                         80K      80K       0K       0K       0K       0K       0K        1 
page table in kernel              7980K    7980K    7980K       0K       0K       0K       0K        1 
shared memory                     12.0G     1.5G     1.2G    1680K       0K       0K       0K       99 
unused but dirty shlib __DATA      143K      84K      84K      59K       0K       0K       0K       51 
===========                     ======= ========    =====  ======= ========   ======    =====  ======= 
TOTAL                             13.3G     1.8G     1.2G    7936K       0K      16K       0K     2056 
TOTAL, minus reserved VM space    13.3G     1.8G     1.2G    7936K       0K      16K       0K     2056 

                                 VIRTUAL   RESIDENT      DIRTY    SWAPPED ALLOCATION      BYTES DIRTY+SWAP          REGION
MALLOC ZONE                         SIZE       SIZE       SIZE       SIZE      COUNT  ALLOCATED  FRAG SIZE  % FRAG   COUNT
===========                      =======  =========  =========  =========  =========  =========  =========  ======  ======
DefaultMallocZone_0x106c9c000      66.7M      30.2M      30.2M      4176K       1587      30.4M      4003K     12%      16

=== cycle 4 ts_ms=1786394417157 pid=20372
Process:         limina-vmm [20372]
Path:            /Users/USER/*/limina-vmm
Load Address:    0x104628000
Identifier:      limina-vmm
Version:         0
Code Type:       ARM64
Platform:        macOS
Parent Process:  limina [20369]
Target Type:     live task

Date/Time:       2026-08-10 17:40:16.267 -0300
Launch Time:     2026-08-10 17:00:44.027 -0300
OS Version:      macOS 26.5.2 (25F84)
Report Version:  7
Analysis Tool:   /usr/bin/vmmap

Physical footprint:         3.8G
Physical footprint (peak):  4.3G
Idle exit:                  untracked
----

ReadOnly portion of Libraries: Total=891.9M resident=198.1M(22%) swapped_out_or_unallocated=693.8M(78%)
Writable regions: Total=12.2G written=67.0M(1%) resident=1.5G(13%) swapped_out=7440K(0%) unallocated=10.7G(87%)

                                VIRTUAL RESIDENT    DIRTY  SWAPPED VOLATILE   NONVOL    EMPTY   REGION 
REGION TYPE                        SIZE     SIZE     SIZE     SIZE     SIZE     SIZE     SIZE    COUNT (non-coalesced) 
===========                     ======= ========    =====  ======= ========   ======    =====  ======= 
Activity Tracing                   256K      16K      16K       0K       0K      16K       0K        1 
Kernel Alloc Once                   32K      16K      16K       0K       0K       0K       0K        1 
MALLOC guard page                 3520K       0K       0K       0K       0K       0K       0K        4 
MALLOC metadata                    784K     416K     416K      80K       0K       0K       0K        4 
MALLOC_LARGE                      29.9M    26.0M    26.0M    3984K       0K       0K       0K        3         see MALLOC ZONE table below
MALLOC_LARGE (empty)              21.7M    21.7M    21.7M       0K       0K       0K       0K        5         see MALLOC ZONE table below
MALLOC_NANO metadata                64K      48K      48K       0K       0K       0K       0K        2         see MALLOC ZONE table below
MALLOC_SMALL                      24.0M    3696K    3696K     112K       0K       0K       0K        6         see MALLOC ZONE table below
MALLOC_SMALL (empty)              8192K      32K      32K       0K       0K       0K       0K        2         see MALLOC ZONE table below
MALLOC_TINY                       4096K     144K     144K       0K       0K       0K       0K        1         see MALLOC ZONE table below
Memory Tag 22                     64.0M      16K      16K       0K       0K       0K       0K        1 
Memory Tag 28                      128K     128K     128K       0K       0K       0K       0K        8 
STACK GUARD                        320K       0K       0K       0K       0K       0K       0K       20 
Stack                             47.1M    1568K    1568K    1584K       0K       0K       0K       21 
Stack Guard                       56.0M       0K       0K       0K       0K       0K       0K        1 
VM_ALLOCATE                        336K       0K       0K       0K       0K       0K       0K       21 
VM_ALLOCATE (reserved)            2560K       0K       0K       0K       0K       0K       0K       20         reserved VM address space (unallocated)
__AUTH                            1322K     794K      432       0K       0K       0K       0K      149 
__AUTH_CONST                      17.7M    10.5M       0K       0K       0K       0K       0K      341 
__CTF                               824      824       0K       0K       0K       0K       0K        1 
__DATA                            4421K    2427K      91K      96K       0K       0K       0K      303 
__DATA_CONST                      16.9M    11.1M     288K     176K       0K       0K       0K      343 
__DATA_DIRTY                      1320K     856K     202K     165K       0K       0K       0K      284 
__FONT_DATA                        2352     2352       0K       0K       0K       0K       0K        1 
__LINKEDIT                       586.0M    29.7M       0K       0K       0K       0K       0K        5 
__OBJC_RO                         79.1M    62.3M       0K       0K       0K       0K       0K        1 
__OBJC_RW                         2598K    2230K      38K       0K       0K       0K       0K        1 
__TEXT                           305.9M   168.4M       0K       0K       0K       0K       0K      352 
__TPRO_CONST                       128K      48K      48K       0K       0K       0K       0K        2 
mapped file                         80K      80K       0K       0K       0K       0K       0K        1 
page table in kernel              7980K    7980K    7980K       0K       0K       0K       0K        1 
shared memory                     12.0G     1.5G     1.1G    1680K       0K       0K       0K       99 
unused but dirty shlib __DATA      143K      84K      84K      59K       0K       0K       0K       51 
===========                     ======= ========    =====  ======= ========   ======    =====  ======= 
TOTAL                             13.3G     1.8G     1.2G    7936K       0K      16K       0K     2056 
TOTAL, minus reserved VM space    13.3G     1.8G     1.2G    7936K       0K      16K       0K     2056 

                                 VIRTUAL   RESIDENT      DIRTY    SWAPPED ALLOCATION      BYTES DIRTY+SWAP          REGION
MALLOC ZONE                         SIZE       SIZE       SIZE       SIZE      COUNT  ALLOCATED  FRAG SIZE  % FRAG   COUNT
===========                      =======  =========  =========  =========  =========  =========  =========  ======  ======
DefaultMallocZone_0x106c9c000      66.7M      30.2M      30.2M      4176K       1587      30.4M      4003K     12%      16

