 SWTPM_IO_Read: length 12
 80 01 00 00 00 0C 00 00 01 7B 00 08 
    IsEnEnabled(0x17b = 'GetRandom'): 1
 SWTPM_IO_Write: length 20
 80 01 00 00 00 14 00 00 00 00 00 08 A7 4B 87 C6 
 72 6E AC D9 
 SWTPM_IO_Read: length 22
 80 01 00 00 00 16 00 00 01 7A 00 00 00 05 00 00 
 00 00 00 00 00 01 
    IsEnEnabled(0x17a = 'GetCapability'): 1
 SWTPM_IO_Write: length 43
 80 01 00 00 00 2B 00 00 00 00 00 00 00 00 05 00 
 00 00 04 00 04 03 FF FF FF 00 0B 03 FF FF FF 00 
 0C 03 FF FF FF 00 0D 03 FF FF FF 
 SWTPM_IO_Read: length 26
 80 01 00 00 00 1A 00 00 01 7E 00 00 00 02 00 0B 
 03 FF 03 00 00 04 03 FF 00 00 
    IsEnEnabled(0x17e = 'PCR_Read'): 1
 SWTPM_IO_Write: length 306
 80 01 00 00 01 32 00 00 00 00 00 00 00 98 00 00 
 00 02 00 0B 03 FF 00 00 00 04 03 00 00 00 00 00 
 00 08 00 20 F3 9F 09 C7 67 B0 55 35 07 19 AB 1C 
 77 D3 41 0B C0 1F 33 55 89 88 65 A7 92 7C 19 89 
 90 73 06 C0 00 20 DD 87 D1 E3 A3 A3 AB BA 4C EA 
 40 70 8A 83 62 1E 9E 61 2D 15 40 05 8C 15 B4 7B 
 ED D3 BF B6 5B F4 00 20 3D 45 8C FE 55 CC 03 EA 
 1F 44 3F 15 62 BE EC 8D F5 1C 75 E1 4A 9F CF 9A 
 72 34 A1 3F 19 8E 79 69 00 20 3D 45 8C FE 55 CC 
 03 EA 1F 44 3F 15 62 BE EC 8D F5 1C 75 E1 4A 9F 
 CF 9A 72 34 A1 3F 19 8E 79 69 00 20 32 50 29 0D 
 7A 07 E3 E0 EF 63 A1 4F 42 8A 65 13 E6 CD A3 89 
 42 C3 C2 26 99 73 91 F8 DA C2 C5 D9 00 20 A5 CE 
 B7 55 D0 43 F3 24 31 D6 3E 39 F5 16 14 64 62 0A 
 34 37 28 04 94 B5 85 0D C1 B4 7C C0 74 E0 00 20 
 3D 45 8C FE 55 CC 03 EA 1F 44 3F 15 62 BE EC 8D 
 F5 1C 75 E1 4A 9F CF 9A 72 34 A1 3F 19 8E 79 69 
 00 20 12 7C 18 EB A2 30 0E 30 76 7F AF E7 1F 4E 
 59 75 77 6F 66 5D 22 C7 CA 90 17 C7 C2 48 46 B9 
 6F A1 
 SWTPM_IO_Read: length 26
 80 01 00 00 00 1A 00 00 01 7E 00 00 00 02 00 0B 
 03 00 03 00 00 04 03 FF 00 00 
    IsEnEnabled(0x17e = 'PCR_Read'): 1
 SWTPM_IO_Write: length 234
 80 01 00 00 00 EA 00 00 00 00 00 00 00 98 00 00 
 00 02 00 0B 03 00 03 00 00 04 03 3F 00 00 00 00 
 00 08 00 20 00 00 00 00 00 00 00 00 00 00 00 00 
 00 00 00 00 00 00 00 00 00 00 00 00 00 00 00 00 
 00 00 00 00 00 20 13 A5 4E 20 C7 3B EF 04 C3 D6 
 43 C7 D9 1B CF D9 AD 80 EE 96 91 6C 33 22 C0 A4 
 E1 EE 1F 31 24 70 00 14 07 40 CB 85 95 6F 84 D7 
 07 19 61 7B 44 78 A0 5F BD D6 8D C6 00 14 8A D3 
 AF 65 03 7C E6 7E AA E1 0F AD 03 A0 FF 90 7C 39 
 91 B4 00 14 B2 A8 3B 0E BF 2F 83 74 29 9A 5B 2B 
 DF C3 1E A9 55 AD 72 36 00 14 B2 A8 3B 0E BF 2F 
 83 74 29 9A 5B 2B DF C3 1E A9 55 AD 72 36 00 14 
 3C E1 C8 3E 6C E3 C5 AC 24 3F 68 F6 E7 2E B6 F3 
 85 04 AA EE 00 14 D1 6D 7E 62 9F D8 D0 8C A2 56 
 F9 AD 3A 3A 15 87 C9 E6 CC 1B 
 SWTPM_IO_Read: length 26
 80 01 00 00 00 1A 00 00 01 7E 00 00 00 02 00 0B 
 03 00 00 00 00 04 03 C0 00 00 
    IsEnEnabled(0x17e = 'PCR_Read'): 1
 SWTPM_IO_Write: length 78
 80 01 00 00 00 4E 00 00 00 00 00 00 00 98 00 00 
 00 02 00 0B 03 00 00 00 00 04 03 C0 00 00 00 00 
 00 02 00 14 B2 A8 3B 0E BF 2F 83 74 29 9A 5B 2B 
 DF C3 1E A9 55 AD 72 36 00 14 1D BF FD 35 33 97 
 AF BE 91 B5 F9 0B FC 53 AF 84 D3 E6 B2 34 
 SWTPM_IO_Read: length 12
 80 01 00 00 00 0C 00 00 01 7B 00 08 
    IsEnEnabled(0x17b = 'GetRandom'): 1
 SWTPM_IO_Write: length 20
 80 01 00 00 00 14 00 00 00 00 00 08 B9 F1 9A 1A 
 66 69 A2 EE 
 SWTPM_IO_Read: length 12
 80 01 00 00 00 0C 00 00 01 44 00 00 
    IsEnEnabled(0x144 = 'Startup'): 1
 SWTPM_IO_Write: length 10
 80 01 00 00 00 0A 00 00 01 00 
 SWTPM_IO_Read: length 22
 80 01 00 00 00 16 00 00 01 7A 00 00 00 00 00 00 
 00 01 00 00 00 7F 
    IsEnEnabled(0x17a = 'GetCapability'): 1
 SWTPM_IO_Write: length 217
 80 01 00 00 00 D9 00 00 00 00 00 00 00 00 00 00 
 00 00 21 00 01 00 00 00 09 00 03 00 00 00 02 00 
 04 00 00 00 04 00 05 00 00 01 04 00 06 00 00 00 
 02 00 07 00 00 04 04 00 08 00 00 03 0C 00 0A 00 
 00 00 06 00 0B 00 00 00 04 00 0C 00 00 00 04 00 
 0D 00 00 00 04 00 14 00 00 01 01 00 15 00 00 02 
 01 00 16 00 00 01 01 00 17 00 00 02 01 00 18 00 
 00 01 01 00 19 00 00 04 01 00 1A 00 00 01 01 00 
 1B 00 00 05 01 00 1C 00 00 01 01 00 1D 00 00 04 
 01 00 20 00 00 04 04 00 21 00 00 04 04 00 22 00 
 00 04 04 00 23 00 00 00 09 00 25 00 00 00 08 00 
 26 00 00 00 02 00 3F 00 00 01 02 00 40 00 00 02 
 02 00 41 00 00 02 02 00 42 00 00 02 02 00 43 00 
 00 02 02 00 44 00 00 02 02 
 SWTPM_IO_Read: length 22
 80 01 00 00 00 16 00 00 01 7A 00 00 00 02 00 00 
 01 1F 00 00 01 00 
    IsEnEnabled(0x17a = 'GetCapability'): 1
    IsEnEnabled(0x11f = 'NV_UndefineSpaceSpecial'): 1
    IsEnEnabled(0x11f = 'NV_UndefineSpaceSpecial'): 1
    IsEnEnabled(0x120 = 'EvictControl'): 1
    IsEnEnabled(0x120 = 'EvictControl'): 1
    IsEnEnabled(0x121 = 'HierarchyControl'): 1
    IsEnEnabled(0x121 = 'HierarchyControl'): 1
    IsEnEnabled(0x122 = 'NV_UndefineSpace'): 1
    IsEnEnabled(0x122 = 'NV_UndefineSpace'): 1
    IsEnEnabled(0x123 = '(null)'): 0
    IsEnEnabled(0x124 = 'ChangeEPS'): 1
    IsEnEnabled(0x124 = 'ChangeEPS'): 1
    IsEnEnabled(0x125 = 'ChangePPS'): 1
    IsEnEnabled(0x125 = 'ChangePPS'): 1
    IsEnEnabled(0x126 = 'Clear'): 1
    IsEnEnabled(0x126 = 'Clear'): 1
    IsEnEnabled(0x127 = 'ClearControl'): 1
    IsEnEnabled(0x127 = 'ClearControl'): 1
    IsEnEnabled(0x128 = 'ClockSet'): 1
    IsEnEnabled(0x128 = 'ClockSet'): 1
    IsEnEnabled(0x129 = 'HierarchyChangeAuth'): 1
    IsEnEnabled(0x129 = 'HierarchyChangeAuth'): 1
    IsEnEnabled(0x12a = 'NV_DefineSpace'): 1
    IsEnEnabled(0x12a = 'NV_DefineSpace'): 1
    IsEnEnabled(0x12b = 'PCR_Allocate'): 1
    IsEnEnabled(0x12b = 'PCR_Allocate'): 1
    IsEnEnabled(0x12c = 'PCR_SetAuthPolicy'): 1
    IsEnEnabled(0x12c = 'PCR_SetAuthPolicy'): 1
    IsEnEnabled(0x12d = 'PP_Commands'): 1
    IsEnEnabled(0x12d = 'PP_Commands'): 1
    IsEnEnabled(0x12e = 'SetPrimaryPolicy'): 1
    IsEnEnabled(0x12e = 'SetPrimaryPolicy'): 1
    IsEnEnabled(0x12f = '(null)'): 0
    IsEnEnabled(0x130 = 'ClockRateAdjust'): 1
    IsEnEnabled(0x130 = 'ClockRateAdjust'): 1
    IsEnEnabled(0x131 = 'CreatePrimary'): 1
    IsEnEnabled(0x131 = 'CreatePrimary'): 1
    IsEnEnabled(0x132 = 'NV_GlobalWriteLock'): 1
    IsEnEnabled(0x132 = 'NV_GlobalWriteLock'): 1
    IsEnEnabled(0x133 = 'GetCommandAuditDigest'): 1
    IsEnEnabled(0x133 = 'GetCommandAuditDigest'): 1
    IsEnEnabled(0x134 = 'NV_Increment'): 1
    IsEnEnabled(0x134 = 'NV_Increment'): 1
    IsEnEnabled(0x135 = 'NV_SetBits'): 1
    IsEnEnabled(0x135 = 'NV_SetBits'): 1
    IsEnEnabled(0x136 = 'NV_Extend'): 1
    IsEnEnabled(0x136 = 'NV_Extend'): 1
    IsEnEnabled(0x137 = 'NV_Write'): 1
    IsEnEnabled(0x137 = 'NV_Write'): 1
    IsEnEnabled(0x138 = 'NV_WriteLock'): 1
    IsEnEnabled(0x138 = 'NV_WriteLock'): 1
    IsEnEnabled(0x139 = 'DictionaryAttackLockReset'): 1
    IsEnEnabled(0x139 = 'DictionaryAttackLockReset'): 1
    IsEnEnabled(0x13a = 'DictionaryAttackParameters'): 1
    IsEnEnabled(0x13a = 'DictionaryAttackParameters'): 1
    IsEnEnabled(0x13b = 'NV_ChangeAuth'): 1
    IsEnEnabled(0x13b = 'NV_ChangeAuth'): 1
    IsEnEnabled(0x13c = 'PCR_Event'): 1
    IsEnEnabled(0x13c = 'PCR_Event'): 1
    IsEnEnabled(0x13d = 'PCR_Reset'): 1
    IsEnEnabled(0x13d = 'PCR_Reset'): 1
    IsEnEnabled(0x13e = 'SequenceComplete'): 1
    IsEnEnabled(0x13e = 'SequenceComplete'): 1
    IsEnEnabled(0x13f = 'SetAlgorithmSet'): 1
    IsEnEnabled(0x13f = 'SetAlgorithmSet'): 1
    IsEnEnabled(0x140 = 'SetCommandCodeAuditStatus'): 1
    IsEnEnabled(0x140 = 'SetCommandCodeAuditStatus'): 1
    IsEnEnabled(0x141 = '(null)'): 0
    IsEnEnabled(0x142 = 'IncrementalSelfTest'): 1
    IsEnEnabled(0x142 = 'IncrementalSelfTest'): 1
    IsEnEnabled(0x143 = 'SelfTest'): 1
    IsEnEnabled(0x143 = 'SelfTest'): 1
    IsEnEnabled(0x144 = 'Startup'): 1
    IsEnEnabled(0x144 = 'Startup'): 1
    IsEnEnabled(0x145 = 'Shutdown'): 1
    IsEnEnabled(0x145 = 'Shutdown'): 1
    IsEnEnabled(0x146 = 'StirRandom'): 1
    IsEnEnabled(0x146 = 'StirRandom'): 1
    IsEnEnabled(0x147 = 'ActivateCredential'): 1
    IsEnEnabled(0x147 = 'ActivateCredential'): 1
    IsEnEnabled(0x148 = 'Certify'): 1
    IsEnEnabled(0x148 = 'Certify'): 1
    IsEnEnabled(0x149 = 'PolicyNV'): 1
    IsEnEnabled(0x149 = 'PolicyNV'): 1
    IsEnEnabled(0x14a = 'CertifyCreation'): 1
    IsEnEnabled(0x14a = 'CertifyCreation'): 1
    IsEnEnabled(0x14b = 'Duplicate'): 1
    IsEnEnabled(0x14b = 'Duplicate'): 1
    IsEnEnabled(0x14c = 'GetTime'): 1
    IsEnEnabled(0x14c = 'GetTime'): 1
    IsEnEnabled(0x14d = 'GetSessionAuditDigest'): 1
    IsEnEnabled(0x14d = 'GetSessionAuditDigest'): 1
    IsEnEnabled(0x14e = 'NV_Read'): 1
    IsEnEnabled(0x14e = 'NV_Read'): 1
    IsEnEnabled(0x14f = 'NV_ReadLock'): 1
    IsEnEnabled(0x14f = 'NV_ReadLock'): 1
    IsEnEnabled(0x150 = 'ObjectChangeAuth'): 1
    IsEnEnabled(0x150 = 'ObjectChangeAuth'): 1
    IsEnEnabled(0x151 = 'PolicySecret'): 1
    IsEnEnabled(0x151 = 'PolicySecret'): 1
    IsEnEnabled(0x152 = 'Rewrap'): 1
    IsEnEnabled(0x152 = 'Rewrap'): 1
    IsEnEnabled(0x153 = 'Create'): 1
    IsEnEnabled(0x153 = 'Create'): 1
    IsEnEnabled(0x154 = 'ECDH_ZGen'): 1
    IsEnEnabled(0x154 = 'ECDH_ZGen'): 1
    IsEnEnabled(0x155 = 'MAC'): 1
    IsEnEnabled(0x155 = 'MAC'): 1
    IsEnEnabled(0x156 = 'Import'): 1
    IsEnEnabled(0x156 = 'Import'): 1
    IsEnEnabled(0x157 = 'Load'): 1
    IsEnEnabled(0x157 = 'Load'): 1
    IsEnEnabled(0x158 = 'Quote'): 1
    IsEnEnabled(0x158 = 'Quote'): 1
    IsEnEnabled(0x159 = 'RSA_Decrypt'): 1
    IsEnEnabled(0x159 = 'RSA_Decrypt'): 1
    IsEnEnabled(0x15a = '(null)'): 0
    IsEnEnabled(0x15b = 'MAC_Start'): 1
    IsEnEnabled(0x15b = 'MAC_Start'): 1
    IsEnEnabled(0x15c = 'SequenceUpdate'): 1
    IsEnEnabled(0x15c = 'SequenceUpdate'): 1
    IsEnEnabled(0x15d = 'Sign'): 1
    IsEnEnabled(0x15d = 'Sign'): 1
    IsEnEnabled(0x15e = 'Unseal'): 1
    IsEnEnabled(0x15e = 'Unseal'): 1
    IsEnEnabled(0x15f = '(null)'): 0
    IsEnEnabled(0x160 = 'PolicySigned'): 1
    IsEnEnabled(0x160 = 'PolicySigned'): 1
    IsEnEnabled(0x161 = 'ContextLoad'): 1
    IsEnEnabled(0x161 = 'ContextLoad'): 1
    IsEnEnabled(0x162 = 'ContextSave'): 1
    IsEnEnabled(0x162 = 'ContextSave'): 1
    IsEnEnabled(0x163 = 'ECDH_KeyGen'): 1
    IsEnEnabled(0x163 = 'ECDH_KeyGen'): 1
    IsEnEnabled(0x164 = 'EncryptDecrypt'): 1
    IsEnEnabled(0x164 = 'EncryptDecrypt'): 1
    IsEnEnabled(0x165 = 'FlushContext'): 1
    IsEnEnabled(0x165 = 'FlushContext'): 1
    IsEnEnabled(0x166 = '(null)'): 0
    IsEnEnabled(0x167 = 'LoadExternal'): 1
    IsEnEnabled(0x167 = 'LoadExternal'): 1
    IsEnEnabled(0x168 = 'MakeCredential'): 1
    IsEnEnabled(0x168 = 'MakeCredential'): 1
    IsEnEnabled(0x169 = 'NV_ReadPublic'): 1
    IsEnEnabled(0x169 = 'NV_ReadPublic'): 1
    IsEnEnabled(0x16a = 'PolicyAuthorize'): 1
    IsEnEnabled(0x16a = 'PolicyAuthorize'): 1
    IsEnEnabled(0x16b = 'PolicyAuthValue'): 1
    IsEnEnabled(0x16b = 'PolicyAuthValue'): 1
    IsEnEnabled(0x16c = 'PolicyCommandCode'): 1
    IsEnEnabled(0x16c = 'PolicyCommandCode'): 1
    IsEnEnabled(0x16d = 'PolicyCounterTimer'): 1
    IsEnEnabled(0x16d = 'PolicyCounterTimer'): 1
    IsEnEnabled(0x16e = 'PolicyCpHash'): 1
    IsEnEnabled(0x16e = 'PolicyCpHash'): 1
    IsEnEnabled(0x16f = 'PolicyLocality'): 1
    IsEnEnabled(0x16f = 'PolicyLocality'): 1
    IsEnEnabled(0x170 = 'PolicyNameHash'): 1
    IsEnEnabled(0x170 = 'PolicyNameHash'): 1
    IsEnEnabled(0x171 = 'PolicyOR'): 1
    IsEnEnabled(0x171 = 'PolicyOR'): 1
    IsEnEnabled(0x172 = 'PolicyTicket'): 1
    IsEnEnabled(0x172 = 'PolicyTicket'): 1
    IsEnEnabled(0x173 = 'ReadPublic'): 1
    IsEnEnabled(0x173 = 'ReadPublic'): 1
    IsEnEnabled(0x174 = 'RSA_Encrypt'): 1
    IsEnEnabled(0x174 = 'RSA_Encrypt'): 1
    IsEnEnabled(0x175 = '(null)'): 0
    IsEnEnabled(0x176 = 'StartAuthSession'): 1
    IsEnEnabled(0x176 = 'StartAuthSession'): 1
    IsEnEnabled(0x177 = 'VerifySignature'): 1
    IsEnEnabled(0x177 = 'VerifySignature'): 1
    IsEnEnabled(0x178 = 'ECC_Parameters'): 1
    IsEnEnabled(0x178 = 'ECC_Parameters'): 1
    IsEnEnabled(0x179 = '(null)'): 0
    IsEnEnabled(0x17a = 'GetCapability'): 1
    IsEnEnabled(0x17a = 'GetCapability'): 1
    IsEnEnabled(0x17b = 'GetRandom'): 1
    IsEnEnabled(0x17b = 'GetRandom'): 1
    IsEnEnabled(0x17c = 'GetTestResult'): 1
    IsEnEnabled(0x17c = 'GetTestResult'): 1
    IsEnEnabled(0x17d = 'Hash'): 1
    IsEnEnabled(0x17d = 'Hash'): 1
    IsEnEnabled(0x17e = 'PCR_Read'): 1
    IsEnEnabled(0x17e = 'PCR_Read'): 1
    IsEnEnabled(0x17f = 'PolicyPCR'): 1
    IsEnEnabled(0x17f = 'PolicyPCR'): 1
    IsEnEnabled(0x180 = 'PolicyRestart'): 1
    IsEnEnabled(0x180 = 'PolicyRestart'): 1
    IsEnEnabled(0x181 = 'ReadClock'): 1
    IsEnEnabled(0x181 = 'ReadClock'): 1
    IsEnEnabled(0x182 = 'PCR_Extend'): 1
    IsEnEnabled(0x182 = 'PCR_Extend'): 1
    IsEnEnabled(0x183 = 'PCR_SetAuthValue'): 1
    IsEnEnabled(0x183 = 'PCR_SetAuthValue'): 1
    IsEnEnabled(0x184 = 'NV_Certify'): 1
    IsEnEnabled(0x184 = 'NV_Certify'): 1
    IsEnEnabled(0x185 = 'EventSequenceComplete'): 1
    IsEnEnabled(0x185 = 'EventSequenceComplete'): 1
    IsEnEnabled(0x186 = 'HashSequenceStart'): 1
    IsEnEnabled(0x186 = 'HashSequenceStart'): 1
    IsEnEnabled(0x187 = 'PolicyPhysicalPresence'): 1
    IsEnEnabled(0x187 = 'PolicyPhysicalPresence'): 1
    IsEnEnabled(0x188 = 'PolicyDuplicationSelect'): 1
    IsEnEnabled(0x188 = 'PolicyDuplicationSelect'): 1
    IsEnEnabled(0x189 = 'PolicyGetDigest'): 1
    IsEnEnabled(0x189 = 'PolicyGetDigest'): 1
    IsEnEnabled(0x18a = 'TestParms'): 1
    IsEnEnabled(0x18a = 'TestParms'): 1
    IsEnEnabled(0x18b = 'Commit'): 1
    IsEnEnabled(0x18b = 'Commit'): 1
    IsEnEnabled(0x18c = 'PolicyPassword'): 1
    IsEnEnabled(0x18c = 'PolicyPassword'): 1
    IsEnEnabled(0x18d = 'ZGen_2Phase'): 1
    IsEnEnabled(0x18d = 'ZGen_2Phase'): 1
    IsEnEnabled(0x18e = 'EC_Ephemeral'): 1
    IsEnEnabled(0x18e = 'EC_Ephemeral'): 1
    IsEnEnabled(0x18f = 'PolicyNvWritten'): 1
    IsEnEnabled(0x18f = 'PolicyNvWritten'): 1
    IsEnEnabled(0x190 = 'PolicyTemplate'): 1
    IsEnEnabled(0x190 = 'PolicyTemplate'): 1
    IsEnEnabled(0x191 = 'CreateLoaded'): 1
    IsEnEnabled(0x191 = 'CreateLoaded'): 1
    IsEnEnabled(0x192 = 'PolicyAuthorizeNV'): 1
    IsEnEnabled(0x192 = 'PolicyAuthorizeNV'): 1
    IsEnEnabled(0x193 = 'EncryptDecrypt2'): 1
    IsEnEnabled(0x193 = 'EncryptDecrypt2'): 1
    IsEnEnabled(0x194 = '(null)'): 0
    IsEnEnabled(0x195 = '(null)'): 0
    IsEnEnabled(0x196 = '(null)'): 0
    IsEnEnabled(0x197 = 'CertifyX509'): 1
    IsEnEnabled(0x197 = 'CertifyX509'): 1
    IsEnEnabled(0x198 = '(null)'): 0
    IsEnEnabled(0x199 = 'ECC_Encrypt'): 0
    IsEnEnabled(0x19a = 'ECC_Decrypt'): 0
    IsEnEnabled(0x19b = 'PolicyCapability'): 0
    IsEnEnabled(0x19c = 'PolicyParameters'): 0
    IsEnEnabled(0x19d = '(null)'): 0
    IsEnEnabled(0x19e = '(null)'): 0
    IsEnEnabled(0x19f = '(null)'): 0
 SWTPM_IO_Write: length 459
 80 01 00 00 01 CB 00 00 00 00 00 00 00 00 02 00 
 00 00 6E 04 40 01 1F 04 40 01 20 02 C0 01 21 04 
 40 01 22 02 C0 01 24 02 C0 01 25 02 C0 01 26 02 
 40 01 27 02 40 01 28 02 40 01 29 02 40 01 2A 02 
 40 01 2B 02 40 01 2C 02 40 01 2D 02 40 01 2E 02 
 00 01 30 12 00 01 31 02 40 01 32 04 40 01 33 04 
 40 01 34 04 40 01 35 04 40 01 36 04 40 01 37 04 
 40 01 38 02 40 01 39 02 40 01 3A 02 40 01 3B 02 
 40 01 3C 02 40 01 3D 03 00 01 3E 02 40 01 3F 02 
 40 01 40 00 40 01 42 00 40 01 43 00 40 01 44 00 
 40 01 45 00 40 01 46 04 00 01 47 04 00 01 48 06 
 00 01 49 04 00 01 4A 04 00 01 4B 04 00 01 4C 06 
 00 01 4D 04 00 01 4E 04 40 01 4F 04 00 01 50 04 
 00 01 51 04 00 01 52 02 00 01 53 02 00 01 54 02 
 00 01 55 02 00 01 56 12 00 01 57 02 00 01 58 02 
 00 01 59 12 00 01 5B 02 00 01 5C 02 00 01 5D 02 
 00 01 5E 04 00 01 60 10 00 01 61 02 00 01 62 02 
 00 01 63 02 00 01 64 00 00 01 65 10 00 01 67 02 
 00 01 68 02 00 01 69 02 00 01 6A 02 00 01 6B 02 
 00 01 6C 02 00 01 6D 02 00 01 6E 02 00 01 6F 02 
 00 01 70 02 00 01 71 02 00 01 72 02 00 01 73 02 
 00 01 74 14 00 01 76 02 00 01 77 00 00 01 78 00 
 00 01 7A 00 00 01 7B 00 00 01 7C 00 00 01 7D 00 
 00 01 7E 02 00 01 7F 02 00 01 80 00 00 01 81 02 
 40 01 82 02 00 01 83 06 00 01 84 05 40 01 85 10 
 00 01 86 02 00 01 87 02 00 01 88 02 00 01 89 00 
 00 01 8A 02 00 01 8B 02 00 01 8C 02 00 01 8D 00 
 00 01 8E 02 00 01 8F 02 00 01 90 12 00 01 91 06 
 00 01 92 02 00 01 93 04 00 01 97 
 SWTPM_IO_Read: length 22
 80 01 00 00 00 16 00 00 01 7A 00 00 00 08 00 00 
 00 00 00 00 01 FC 
    IsEnEnabled(0x17a = 'GetCapability'): 1
 SWTPM_IO_Write: length 35
 80 01 00 00 00 23 00 00 00 00 00 00 00 00 08 00 
 00 00 08 00 01 00 02 00 03 00 04 00 05 00 10 00 
 11 00 20 
 SWTPM_IO_Read: length 22
 80 01 00 00 00 16 00 00 01 7A 00 00 00 05 00 00 
 00 00 00 00 00 01 
    IsEnEnabled(0x17a = 'GetCapability'): 1
 SWTPM_IO_Write: length 43
 80 01 00 00 00 2B 00 00 00 00 00 00 00 00 05 00 
 00 00 04 00 04 03 FF FF FF 00 0B 03 FF FF FF 00 
 0C 03 FF FF FF 00 0D 03 FF FF FF 
 SWTPM_IO_Read: length 18
 80 01 00 00 00 12 00 00 01 8A 00 25 00 06 00 80 
 00 43 
    IsEnEnabled(0x18a = 'TestParms'): 1
 SWTPM_IO_Write: length 10
 80 01 00 00 00 0A 00 00 00 00 
 SWTPM_IO_Read: length 20
 80 01 00 00 00 14 00 00 01 7E 00 00 00 01 00 04 
 03 FF FF FF 
    IsEnEnabled(0x17e = 'PCR_Read'): 1
 SWTPM_IO_Write: length 204
 80 01 00 00 00 CC 00 00 00 00 00 00 00 98 00 00 
 00 01 00 04 03 FF 00 00 00 00 00 08 00 14 07 40 
 CB 85 95 6F 84 D7 07 19 61 7B 44 78 A0 5F BD D6 
 8D C6 00 14 8A D3 AF 65 03 7C E6 7E AA E1 0F AD 
 03 A0 FF 90 7C 39 91 B4 00 14 B2 A8 3B 0E BF 2F 
 83 74 29 9A 5B 2B DF C3 1E A9 55 AD 72 36 00 14 
 B2 A8 3B 0E BF 2F 83 74 29 9A 5B 2B DF C3 1E A9 
 55 AD 72 36 00 14 3C E1 C8 3E 6C E3 C5 AC 24 3F 
 68 F6 E7 2E B6 F3 85 04 AA EE 00 14 D1 6D 7E 62 
 9F D8 D0 8C A2 56 F9 AD 3A 3A 15 87 C9 E6 CC 1B 
 00 14 B2 A8 3B 0E BF 2F 83 74 29 9A 5B 2B DF C3 
 1E A9 55 AD 72 36 00 14 1D BF FD 35 33 97 AF BE 
 91 B5 F9 0B FC 53 AF 84 D3 E6 B2 34 
 SWTPM_IO_Read: length 20
 80 01 00 00 00 14 00 00 01 7E 00 00 00 01 00 04 
 03 00 FF FF 
    IsEnEnabled(0x17e = 'PCR_Read'): 1
 SWTPM_IO_Write: length 204
 80 01 00 00 00 CC 00 00 00 00 00 00 00 98 00 00 
 00 01 00 04 03 00 FF 00 00 00 00 08 00 14 00 00 
 00 00 00 00 00 00 00 00 00 00 00 00 00 00 00 00 
 00 00 00 14 40 74 62 5D C6 D7 A7 A8 E3 A6 B5 91 
 A7 42 84 82 29 D4 5E A8 00 14 C0 FB CA 24 9F DF 
 DD 82 21 7A F9 1E 79 D9 D9 5F 4F 50 C8 DB 00 14 
 00 00 00 00 00 00 00 00 00 00 00 00 00 00 00 00 
 00 00 00 00 00 14 00 00 00 00 00 00 00 00 00 00 
 00 00 00 00 00 00 00 00 00 00 00 14 00 00 00 00 
 00 00 00 00 00 00 00 00 00 00 00 00 00 00 00 00 
 00 14 FF AF 5D FA B3 51 DC 9B 3B 7A 3C F7 48 75 
 9E 13 7F 16 01 A8 00 14 00 00 00 00 00 00 00 00 
 00 00 00 00 00 00 00 00 00 00 00 00 
 SWTPM_IO_Read: length 20
 80 01 00 00 00 14 00 00 01 7E 00 00 00 01 00 04 
 03 00 00 FF 
    IsEnEnabled(0x17e = 'PCR_Read'): 1
 SWTPM_IO_Write: length 204
 80 01 00 00 00 CC 00 00 00 00 00 00 00 98 00 00 
 00 01 00 04 03 00 00 FF 00 00 00 08 00 14 00 00 
 00 00 00 00 00 00 00 00 00 00 00 00 00 00 00 00 
 00 00 00 14 FF FF FF FF FF FF FF FF FF FF FF FF 
 FF FF FF FF FF FF FF FF 00 14 FF FF FF FF FF FF 
 FF FF FF FF FF FF FF FF FF FF FF FF FF FF 00 14 
 FF FF FF FF FF FF FF FF FF FF FF FF FF FF FF FF 
 FF FF FF FF 00 14 FF FF FF FF FF FF FF FF FF FF 
 FF FF FF FF FF FF FF FF FF FF 00 14 FF FF FF FF 
 FF FF FF FF FF FF FF FF FF FF FF FF FF FF FF FF 
 00 14 FF FF FF FF FF FF FF FF FF FF FF FF FF FF 
 FF FF FF FF FF FF 00 14 00 00 00 00 00 00 00 00 
 00 00 00 00 00 00 00 00 00 00 00 00 
 SWTPM_IO_Read: length 20
 80 01 00 00 00 14 00 00 01 7E 00 00 00 01 00 0B 
 03 FF FF FF 
    IsEnEnabled(0x17e = 'PCR_Read'): 1
 SWTPM_IO_Write: length 300
 80 01 00 00 01 2C 00 00 00 00 00 00 00 98 00 00 
 00 01 00 0B 03 FF 00 00 00 00 00 08 00 20 F3 9F 
 09 C7 67 B0 55 35 07 19 AB 1C 77 D3 41 0B C0 1F 
 33 55 89 88 65 A7 92 7C 19 89 90 73 06 C0 00 20 
 DD 87 D1 E3 A3 A3 AB BA 4C EA 40 70 8A 83 62 1E 
 9E 61 2D 15 40 05 8C 15 B4 7B ED D3 BF B6 5B F4 
 00 20 3D 45 8C FE 55 CC 03 EA 1F 44 3F 15 62 BE 
 EC 8D F5 1C 75 E1 4A 9F CF 9A 72 34 A1 3F 19 8E 
 79 69 00 20 3D 45 8C FE 55 CC 03 EA 1F 44 3F 15 
 62 BE EC 8D F5 1C 75 E1 4A 9F CF 9A 72 34 A1 3F 
 19 8E 79 69 00 20 32 50 29 0D 7A 07 E3 E0 EF 63 
 A1 4F 42 8A 65 13 E6 CD A3 89 42 C3 C2 26 99 73 
 91 F8 DA C2 C5 D9 00 20 A5 CE B7 55 D0 43 F3 24 
 31 D6 3E 39 F5 16 14 64 62 0A 34 37 28 04 94 B5 
 85 0D C1 B4 7C C0 74 E0 00 20 3D 45 8C FE 55 CC 
 03 EA 1F 44 3F 15 62 BE EC 8D F5 1C 75 E1 4A 9F 
 CF 9A 72 34 A1 3F 19 8E 79 69 00 20 12 7C 18 EB 
 A2 30 0E 30 76 7F AF E7 1F 4E 59 75 77 6F 66 5D 
 22 C7 CA 90 17 C7 C2 48 46 B9 6F A1 
 SWTPM_IO_Read: length 20
 80 01 00 00 00 14 00 00 01 7E 00 00 00 01 00 0B 
 03 00 FF FF 
    IsEnEnabled(0x17e = 'PCR_Read'): 1
 SWTPM_IO_Write: length 300
 80 01 00 00 01 2C 00 00 00 00 00 00 00 98 00 00 
 00 01 00 0B 03 00 FF 00 00 00 00 08 00 20 00 00 
 00 00 00 00 00 00 00 00 00 00 00 00 00 00 00 00 
 00 00 00 00 00 00 00 00 00 00 00 00 00 00 00 20 
 13 A5 4E 20 C7 3B EF 04 C3 D6 43 C7 D9 1B CF D9 
 AD 80 EE 96 91 6C 33 22 C0 A4 E1 EE 1F 31 24 70 
 00 20 FA 63 A1 2B B8 4C F0 04 2A 30 12 11 96 EA 
 7B 09 AA 77 7B F0 AF 62 49 14 2B 7B 85 00 AB 31 
 F8 9D 00 20 00 00 00 00 00 00 00 00 00 00 00 00 
 00 00 00 00 00 00 00 00 00 00 00 00 00 00 00 00 
 00 00 00 00 00 20 00 00 00 00 00 00 00 00 00 00 
 00 00 00 00 00 00 00 00 00 00 00 00 00 00 00 00 
 00 00 00 00 00 00 00 20 00 00 00 00 00 00 00 00 
 00 00 00 00 00 00 00 00 00 00 00 00 00 00 00 00 
 00 00 00 00 00 00 00 00 00 20 17 CD EF D9 54 8F 
 43 83 B6 7A 37 A9 01 67 3B F3 C8 DE D6 F6 19 D3 
 6C 80 07 56 2D E1 D9 3C 81 CC 00 20 00 00 00 00 
 00 00 00 00 00 00 00 00 00 00 00 00 00 00 00 00 
 00 00 00 00 00 00 00 00 00 00 00 00 
 SWTPM_IO_Read: length 20
 80 01 00 00 00 14 00 00 01 7E 00 00 00 01 00 0B 
 03 00 00 FF 
    IsEnEnabled(0x17e = 'PCR_Read'): 1
 SWTPM_IO_Write: length 300
 80 01 00 00 01 2C 00 00 00 00 00 00 00 98 00 00 
 00 01 00 0B 03 00 00 FF 00 00 00 08 00 20 00 00 
 00 00 00 00 00 00 00 00 00 00 00 00 00 00 00 00 
 00 00 00 00 00 00 00 00 00 00 00 00 00 00 00 20 
 FF FF FF FF FF FF FF FF FF FF FF FF FF FF FF FF 
 FF FF FF FF FF FF FF FF FF FF FF FF FF FF FF FF 
 00 20 FF FF FF FF FF FF FF FF FF FF FF FF FF FF 
 FF FF FF FF FF FF FF FF FF FF FF FF FF FF FF FF 
 FF FF 00 20 FF FF FF FF FF FF FF FF FF FF FF FF 
 FF FF FF FF FF FF FF FF FF FF FF FF FF FF FF FF 
 FF FF FF FF 00 20 FF FF FF FF FF FF FF FF FF FF 
 FF FF FF FF FF FF FF FF FF FF FF FF FF FF FF FF 
 FF FF FF FF FF FF 00 20 FF FF FF FF FF FF FF FF 
 FF FF FF FF FF FF FF FF FF FF FF FF FF FF FF FF 
 FF FF FF FF FF FF FF FF 00 20 FF FF FF FF FF FF 
 FF FF FF FF FF FF FF FF FF FF FF FF FF FF FF FF 
 FF FF FF FF FF FF FF FF FF FF 00 20 00 00 00 00 
 00 00 00 00 00 00 00 00 00 00 00 00 00 00 00 00 
 00 00 00 00 00 00 00 00 00 00 00 00 
 SWTPM_IO_Read: length 20
 80 01 00 00 00 14 00 00 01 7E 00 00 00 01 00 0C 
 03 FF FF FF 
    IsEnEnabled(0x17e = 'PCR_Read'): 1
 SWTPM_IO_Write: length 428
 80 01 00 00 01 AC 00 00 00 00 00 00 00 98 00 00 
 00 01 00 0C 03 FF 00 00 00 00 00 08 00 30 6E 0A 
 74 4B 41 AD 36 43 6E 7C 96 CD 41 87 89 B4 9B 2A 
 93 47 68 FC 03 B1 8B 3C 46 90 89 01 B7 DF 21 83 
 BC 3A 57 AF 9A D1 B3 2E 5B 4D F5 02 40 84 00 30 
 F1 50 57 BD F6 31 93 E0 0E E9 C0 06 40 5B 08 5B 
 24 3F AB 60 DF 06 B3 C6 6B 1E 7B AC A1 96 58 3E 
 BF 86 F2 CD CC 4E 90 7E 5B 4F 59 5C 95 99 8A E6 
 00 30 51 89 23 B0 F9 55 D0 8D A0 77 C9 6A AB A5 
 22 B9 DE CE DE 61 C5 99 CE A6 C4 18 89 CF BE A4 
 AE 4D 50 52 9D 96 FE 4D 1A FD AF B6 5E 7F 95 BF 
 23 C4 00 30 51 89 23 B0 F9 55 D0 8D A0 77 C9 6A 
 AB A5 22 B9 DE CE DE 61 C5 99 CE A6 C4 18 89 CF 
 BE A4 AE 4D 50 52 9D 96 FE 4D 1A FD AF B6 5E 7F 
 95 BF 23 C4 00 30 24 77 FA D5 2A 05 8A 6F B1 CC 
 CB 30 AE 58 5E 4D 29 D0 F3 8C 5E 86 C1 85 37 24 
 1C 73 C9 52 AF C5 E2 15 FC AA E7 38 E2 5D 3C 21 
 89 0D B1 BE 3F 94 00 30 C5 0B 52 94 97 C7 F4 41 
 EA 47 30 55 87 D6 CE 83 E2 E3 1F 7B 4F AB 6C 13 
 DC 0B 0C 3C 90 0E 1D 0C AF 07 68 32 11 00 92 78 
 62 DF 14 2B F0 46 5E E4 00 30 51 89 23 B0 F9 55 
 D0 8D A0 77 C9 6A AB A5 22 B9 DE CE DE 61 C5 99 
 CE A6 C4 18 89 CF BE A4 AE 4D 50 52 9D 96 FE 4D 
 1A FD AF B6 5E 7F 95 BF 23 C4 00 30 C5 A1 10 29 
 B6 FE CF 6B 61 26 43 BA 61 22 EF 51 CC 04 27 66 
 55 C0 43 9D 59 0F C6 90 AE 97 04 B4 F8 C9 B8 94 
 34 BE 26 7E 0D 71 8A 21 FA 71 98 23 
 SWTPM_IO_Read: length 20
 80 01 00 00 00 14 00 00 01 7E 00 00 00 01 00 0C 
 03 00 FF FF 
    IsEnEnabled(0x17e = 'PCR_Read'): 1
 SWTPM_IO_Write: length 428
 80 01 00 00 01 AC 00 00 00 00 00 00 00 98 00 00 
 00 01 00 0C 03 00 FF 00 00 00 00 08 00 30 00 00 
 00 00 00 00 00 00 00 00 00 00 00 00 00 00 00 00 
 00 00 00 00 00 00 00 00 00 00 00 00 00 00 00 00 
 00 00 00 00 00 00 00 00 00 00 00 00 00 00 00 30 
 F7 15 40 69 26 49 55 B3 A5 98 94 D6 B9 83 B1 CB 
 28 3D 80 38 95 80 3B 77 EA A7 AF DA 6E 10 5D A1 
 CC 11 34 07 34 3A FE A1 E5 85 72 46 18 85 CE F3 
 00 30 CD CA A1 02 B9 5E 49 AC C9 68 9A E7 AD 23 
 EF 3A EF 6C 80 C3 BA 93 6B 5E 84 DA 02 8F 99 29 
 61 1E B8 8C 37 95 7A BE 61 B1 2A 89 A2 8E 31 60 
 82 7E 00 30 00 00 00 00 00 00 00 00 00 00 00 00 
 00 00 00 00 00 00 00 00 00 00 00 00 00 00 00 00 
 00 00 00 00 00 00 00 00 00 00 00 00 00 00 00 00 
 00 00 00 00 00 30 00 00 00 00 00 00 00 00 00 00 
 00 00 00 00 00 00 00 00 00 00 00 00 00 00 00 00 
 00 00 00 00 00 00 00 00 00 00 00 00 00 00 00 00 
 00 00 00 00 00 00 00 30 00 00 00 00 00 00 00 00 
 00 00 00 00 00 00 00 00 00 00 00 00 00 00 00 00 
 00 00 00 00 00 00 00 00 00 00 00 00 00 00 00 00 
 00 00 00 00 00 00 00 00 00 30 09 F9 DB 38 CF AC 
 CF F9 A1 B4 AE 1A F6 86 33 50 58 76 FB 0D EA 3F 
 CB CB 8F 9F B0 D1 33 33 4E FD C2 CE 21 89 38 4D 
 6B 37 63 6E C8 27 93 2F 31 FF 00 30 00 00 00 00 
 00 00 00 00 00 00 00 00 00 00 00 00 00 00 00 00 
 00 00 00 00 00 00 00 00 00 00 00 00 00 00 00 00 
 00 00 00 00 00 00 00 00 00 00 00 00 
 SWTPM_IO_Read: length 20
 80 01 00 00 00 14 00 00 01 7E 00 00 00 01 00 0C 
 03 00 00 FF 
    IsEnEnabled(0x17e = 'PCR_Read'): 1
 SWTPM_IO_Write: length 428
 80 01 00 00 01 AC 00 00 00 00 00 00 00 98 00 00 
 00 01 00 0C 03 00 00 FF 00 00 00 08 00 30 00 00 
 00 00 00 00 00 00 00 00 00 00 00 00 00 00 00 00 
 00 00 00 00 00 00 00 00 00 00 00 00 00 00 00 00 
 00 00 00 00 00 00 00 00 00 00 00 00 00 00 00 30 
 FF FF FF FF FF FF FF FF FF FF FF FF FF FF FF FF 
 FF FF FF FF FF FF FF FF FF FF FF FF FF FF FF FF 
 FF FF FF FF FF FF FF FF FF FF FF FF FF FF FF FF 
 00 30 FF FF FF FF FF FF FF FF FF FF FF FF FF FF 
 FF FF FF FF FF FF FF FF FF FF FF FF FF FF FF FF 
 FF FF FF FF FF FF FF FF FF FF FF FF FF FF FF FF 
 FF FF 00 30 FF FF FF FF FF FF FF FF FF FF FF FF 
 FF FF FF FF FF FF FF FF FF FF FF FF FF FF FF FF 
 FF FF FF FF FF FF FF FF FF FF FF FF FF FF FF FF 
 FF FF FF FF 00 30 FF FF FF FF FF FF FF FF FF FF 
 FF FF FF FF FF FF FF FF FF FF FF FF FF FF FF FF 
 FF FF FF FF FF FF FF FF FF FF FF FF FF FF FF FF 
 FF FF FF FF FF FF 00 30 FF FF FF FF FF FF FF FF 
 FF FF FF FF FF FF FF FF FF FF FF FF FF FF FF FF 
 FF FF FF FF FF FF FF FF FF FF FF FF FF FF FF FF 
 FF FF FF FF FF FF FF FF 00 30 FF FF FF FF FF FF 
 FF FF FF FF FF FF FF FF FF FF FF FF FF FF FF FF 
 FF FF FF FF FF FF FF FF FF FF FF FF FF FF FF FF 
 FF FF FF FF FF FF FF FF FF FF 00 30 00 00 00 00 
 00 00 00 00 00 00 00 00 00 00 00 00 00 00 00 00 
 00 00 00 00 00 00 00 00 00 00 00 00 00 00 00 00 
 00 00 00 00 00 00 00 00 00 00 00 00 
 SWTPM_IO_Read: length 20
 80 01 00 00 00 14 00 00 01 7E 00 00 00 01 00 0D 
 03 FF FF FF 
    IsEnEnabled(0x17e = 'PCR_Read'): 1
 SWTPM_IO_Write: length 556
 80 01 00 00 02 2C 00 00 00 00 00 00 00 98 00 00 
 00 01 00 0D 03 FF 00 00 00 00 00 08 00 40 71 F2 
 31 29 71 94 B8 20 FF 4D D8 96 80 E9 3C 43 79 E5 
 53 ED 5B D7 DD 71 CB 13 1C D2 D5 58 71 55 A4 84 
 4C 0D C4 A6 74 0B A6 8D E9 2D 30 3F C9 6F 96 FA 
 4F F4 03 17 B0 C8 BE 92 FE E6 75 9C 4D C6 00 40 
 3A E3 91 0C 86 1F E9 05 9B 97 E1 43 13 84 59 E8 
 0A F0 7F 35 B4 4C FC 9F EF D8 3C 38 AF B9 65 91 
 9D 51 50 50 B0 B1 67 03 D8 46 50 D6 76 7E 4A E6 
 E3 0B A1 72 ED 43 60 D5 E5 D2 7B C2 8F C2 31 DB 
 00 40 27 EC 09 15 33 C4 B9 EE A3 8D D1 4C 3A 3E 
 CD EF 0A 99 C1 E5 64 CB E6 6D FE 00 82 50 15 4E 
 78 39 B0 B7 52 28 FE 8D EB CC 4C A3 30 E6 AE BC 
 1A BC 74 07 0B C9 C9 C1 E2 6B 93 9C 9D 91 6E 45 
 E1 3C 00 40 27 EC 09 15 33 C4 B9 EE A3 8D D1 4C 
 3A 3E CD EF 0A 99 C1 E5 64 CB E6 6D FE 00 82 50 
 15 4E 78 39 B0 B7 52 28 FE 8D EB CC 4C A3 30 E6 
 AE BC 1A BC 74 07 0B C9 C9 C1 E2 6B 93 9C 9D 91 
 6E 45 E1 3C 00 40 FA 6C 31 C1 9E 16 FE F5 20 7C 
 A3 AD 6C 1A 83 D4 FF EC 03 A5 0A 34 0B 66 E3 99 
 5C B1 5A 47 9D 2D E8 F7 D3 2C 6C D7 4B 3E 7A B2 
 54 4B FA 15 FC 91 18 07 FA 33 3B DF FB 22 A8 66 
 47 30 EC CF 9E 8A 00 40 E1 62 5F 0F 32 E9 D0 99 
 C0 3B 78 18 AB 8D 7D BF F3 21 75 C6 48 2D EB 5A 
 85 2A A0 79 2E D3 65 F5 2F A4 8E 7F 31 43 C5 07 
 0B D0 FD 3F 9F C7 8E E3 CE 62 FD 0F 9C 09 45 EC 
 40 44 8C DA 93 4A FF DE 00 40 27 EC 09 15 33 C4 
 B9 EE A3 8D D1 4C 3A 3E CD EF 0A 99 C1 E5 64 CB 
 E6 6D FE 00 82 50 15 4E 78 39 B0 B7 52 28 FE 8D 
 EB CC 4C A3 30 E6 AE BC 1A BC 74 07 0B C9 C9 C1 
 E2 6B 93 9C 9D 91 6E 45 E1 3C 00 40 2A 00 9A CF 
 28 91 71 59 D6 15 78 E7 12 17 E1 4A C3 33 FD 29 
 7D 64 E4 C5 07 F7 11 45 53 E7 3B 34 F1 09 66 B7 
 8C FD 21 FF 9D FE E3 17 CE 26 63 B8 DC 61 38 37 
 F7 2E 1C 1C DF 30 2C 7E 9A C9 86 70 
 SWTPM_IO_Read: length 20
 80 01 00 00 00 14 00 00 01 7E 00 00 00 01 00 0D 
 03 00 FF FF 
    IsEnEnabled(0x17e = 'PCR_Read'): 1
 SWTPM_IO_Write: length 556
 80 01 00 00 02 2C 00 00 00 00 00 00 00 98 00 00 
 00 01 00 0D 03 00 FF 00 00 00 00 08 00 40 00 00 
 00 00 00 00 00 00 00 00 00 00 00 00 00 00 00 00 
 00 00 00 00 00 00 00 00 00 00 00 00 00 00 00 00 
 00 00 00 00 00 00 00 00 00 00 00 00 00 00 00 00 
 00 00 00 00 00 00 00 00 00 00 00 00 00 00 00 40 
 AE 5F 45 B3 95 4F 62 5A E1 33 74 A9 7B D6 17 A2 
 40 A9 AC A5 7F 3E AD 10 5D CE B9 61 3D 58 31 49 
 71 53 D8 22 95 62 9A 9E 54 C6 5A 6A 9D 5B 1D 2A 
 E5 E4 BC 88 DA 29 FA 70 57 90 6A 1B 46 F8 33 A2 
 00 40 C1 BA 37 03 E2 41 FA 38 5F 8C B5 BB 66 AA 
 E1 DE 3C 98 B4 56 CF 7E 64 8D BA EE 8C 2C 69 4B 
 B4 3E 2D EF 8F 04 DC B4 92 81 E8 9D C0 2F E0 E9 
 22 2C D9 C4 FC 05 9A 25 87 FB 16 D2 AD 5A B8 80 
 6E 40 00 40 00 00 00 00 00 00 00 00 00 00 00 00 
 00 00 00 00 00 00 00 00 00 00 00 00 00 00 00 00 
 00 00 00 00 00 00 00 00 00 00 00 00 00 00 00 00 
 00 00 00 00 00 00 00 00 00 00 00 00 00 00 00 00 
 00 00 00 00 00 40 00 00 00 00 00 00 00 00 00 00 
 00 00 00 00 00 00 00 00 00 00 00 00 00 00 00 00 
 00 00 00 00 00 00 00 00 00 00 00 00 00 00 00 00 
 00 00 00 00 00 00 00 00 00 00 00 00 00 00 00 00 
 00 00 00 00 00 00 00 40 00 00 00 00 00 00 00 00 
 00 00 00 00 00 00 00 00 00 00 00 00 00 00 00 00 
 00 00 00 00 00 00 00 00 00 00 00 00 00 00 00 00 
 00 00 00 00 00 00 00 00 00 00 00 00 00 00 00 00 
 00 00 00 00 00 00 00 00 00 40 19 BB 49 27 51 16 
 CA 64 DB 7C 2E 32 3A 80 69 0C E4 7C A9 8C 7C 07 
 D6 8A 17 94 AE B1 25 FE FC 27 06 19 B3 6F 19 E6 
 6C 53 50 FC 5B EE 99 E7 04 17 CB 16 F7 59 85 1D 
 2B 9B F9 85 E5 8E FF 69 58 E6 00 40 00 00 00 00 
 00 00 00 00 00 00 00 00 00 00 00 00 00 00 00 00 
 00 00 00 00 00 00 00 00 00 00 00 00 00 00 00 00 
 00 00 00 00 00 00 00 00 00 00 00 00 00 00 00 00 
 00 00 00 00 00 00 00 00 00 00 00 00 
 SWTPM_IO_Read: length 20
 80 01 00 00 00 14 00 00 01 7E 00 00 00 01 00 0D 
 03 00 00 FF 
    IsEnEnabled(0x17e = 'PCR_Read'): 1
 SWTPM_IO_Write: length 556
 80 01 00 00 02 2C 00 00 00 00 00 00 00 98 00 00 
 00 01 00 0D 03 00 00 FF 00 00 00 08 00 40 00 00 
 00 00 00 00 00 00 00 00 00 00 00 00 00 00 00 00 
 00 00 00 00 00 00 00 00 00 00 00 00 00 00 00 00 
 00 00 00 00 00 00 00 00 00 00 00 00 00 00 00 00 
 00 00 00 00 00 00 00 00 00 00 00 00 00 00 00 40 
 FF FF FF FF FF FF FF FF FF FF FF FF FF FF FF FF 
 FF FF FF FF FF FF FF FF FF FF FF FF FF FF FF FF 
 FF FF FF FF FF FF FF FF FF FF FF FF FF FF FF FF 
 FF FF FF FF FF FF FF FF FF FF FF FF FF FF FF FF 
 00 40 FF FF FF FF FF FF FF FF FF FF FF FF FF FF 
 FF FF FF FF FF FF FF FF FF FF FF FF FF FF FF FF 
 FF FF FF FF FF FF FF FF FF FF FF FF FF FF FF FF 
 FF FF FF FF FF FF FF FF FF FF FF FF FF FF FF FF 
 FF FF 00 40 FF FF FF FF FF FF FF FF FF FF FF FF 
 FF FF FF FF FF FF FF FF FF FF FF FF FF FF FF FF 
 FF FF FF FF FF FF FF FF FF FF FF FF FF FF FF FF 
 FF FF FF FF FF FF FF FF FF FF FF FF FF FF FF FF 
 FF FF FF FF 00 40 FF FF FF FF FF FF FF FF FF FF 
 FF FF FF FF FF FF FF FF FF FF FF FF FF FF FF FF 
 FF FF FF FF FF FF FF FF FF FF FF FF FF FF FF FF 
 FF FF FF FF FF FF FF FF FF FF FF FF FF FF FF FF 
 FF FF FF FF FF FF 00 40 FF FF FF FF FF FF FF FF 
 FF FF FF FF FF FF FF FF FF FF FF FF FF FF FF FF 
 FF FF FF FF FF FF FF FF FF FF FF FF FF FF FF FF 
 FF FF FF FF FF FF FF FF FF FF FF FF FF FF FF FF 
 FF FF FF FF FF FF FF FF 00 40 FF FF FF FF FF FF 
 FF FF FF FF FF FF FF FF FF FF FF FF FF FF FF FF 
 FF FF FF FF FF FF FF FF FF FF FF FF FF FF FF FF 
 FF FF FF FF FF FF FF FF FF FF FF FF FF FF FF FF 
 FF FF FF FF FF FF FF FF FF FF 00 40 00 00 00 00 
 00 00 00 00 00 00 00 00 00 00 00 00 00 00 00 00 
 00 00 00 00 00 00 00 00 00 00 00 00 00 00 00 00 
 00 00 00 00 00 00 00 00 00 00 00 00 00 00 00 00 
 00 00 00 00 00 00 00 00 00 00 00 00 
 SWTPM_IO_Read: length 12
 80 01 00 00 00 0C 00 00 01 7B 00 08 
    IsEnEnabled(0x17b = 'GetRandom'): 1
 SWTPM_IO_Write: length 20
 80 01 00 00 00 14 00 00 00 00 00 08 87 CA 82 43 
 9E A0 57 9A 
 SWTPM_IO_Read: length 22
 80 01 00 00 00 16 00 00 01 7A 00 00 00 05 00 00 
 00 00 00 00 00 7F 
    IsEnEnabled(0x17a = 'GetCapability'): 1
 SWTPM_IO_Write: length 43
 80 01 00 00 00 2B 00 00 00 00 00 00 00 00 05 00 
 00 00 04 00 04 03 FF FF FF 00 0B 03 FF FF FF 00 
 0C 03 FF FF FF 00 0D 03 FF FF FF 
